2025-12-03 17:38:03 | [VAE] loaded from /workspace/experiments/train_vae/final
2025-12-03 17:38:03 | [UNet] sample_size=32, in=1, out=1
2025-12-03 17:38:04 | [DATA] train_dir=/workspace/train_data_cont | N=1600 | image_size=256
2025-12-03 17:38:12 | [ENC] cond mean=[23945.296875, 12078.5654296875], std=[730.6349487304688, 4146.70849609375]
2025-12-03 17:38:12 | [OPT] lr=5e-05, max_steps=20000, warmup=1000
2025-12-03 17:38:21 | step 50/20000 | loss 0.9626
2025-12-03 17:38:26 | step 100/20000 | loss 0.8491
2025-12-03 17:38:31 | step 150/20000 | loss 0.7392
2025-12-03 17:38:37 | step 200/20000 | loss 0.4905
2025-12-03 17:38:42 | step 250/20000 | loss 0.6331
2025-12-03 17:38:47 | step 300/20000 | loss 0.6557
2025-12-03 17:38:52 | step 350/20000 | loss 0.4934
2025-12-03 17:38:57 | step 400/20000 | loss 0.4855
2025-12-03 17:39:03 | step 450/20000 | loss 0.7478
2025-12-03 17:39:08 | step 500/20000 | loss 0.8062
2025-12-03 17:39:13 | step 550/20000 | loss 0.3666
2025-12-03 17:39:18 | step 600/20000 | loss 0.7839
2025-12-03 17:39:23 | step 650/20000 | loss 0.4828
2025-12-03 17:39:28 | step 700/20000 | loss 0.7007
2025-12-03 17:39:33 | step 750/20000 | loss 0.5342
2025-12-03 17:39:38 | step 800/20000 | loss 0.5121
2025-12-03 17:39:44 | step 850/20000 | loss 0.4255
2025-12-03 17:39:49 | step 900/20000 | loss 0.3301
2025-12-03 17:39:55 | step 950/20000 | loss 0.2820
2025-12-03 17:40:00 | step 1000/20000 | loss 0.5681
2025-12-03 17:40:00 | [SAVE] unet_step1000.pt + numeric_enc_step1000.pt
2025-12-03 17:40:05 | step 1050/20000 | loss 0.4201
2025-12-03 17:40:10 | step 1100/20000 | loss 0.4573
2025-12-03 17:40:15 | step 1150/20000 | loss 0.6002
2025-12-03 17:40:20 | step 1200/20000 | loss 0.4086
2025-12-03 17:40:26 | step 1250/20000 | loss 0.4923
2025-12-03 17:40:31 | step 1300/20000 | loss 0.4163
2025-12-03 17:40:36 | step 1350/20000 | loss 0.4707
2025-12-03 17:40:42 | step 1400/20000 | loss 0.6124
2025-12-03 17:40:47 | step 1450/20000 | loss 0.6077
2025-12-03 17:40:52 | step 1500/20000 | loss 0.3426
2025-12-03 17:40:57 | step 1550/20000 | loss 0.5952
2025-12-03 17:41:02 | step 1600/20000 | loss 0.4485
2025-12-03 17:41:07 | step 1650/20000 | loss 0.3486
2025-12-03 17:41:12 | step 1700/20000 | loss 0.3658
2025-12-03 17:41:18 | step 1750/20000 | loss 0.4501
2025-12-03 17:41:23 | step 1800/20000 | loss 0.6984
2025-12-03 17:41:28 | step 1850/20000 | loss 0.6721
2025-12-03 17:41:33 | step 1900/20000 | loss 0.4449
2025-12-03 17:41:38 | step 1950/20000 | loss 0.5210
2025-12-03 17:41:44 | step 2000/20000 | loss 0.4117
2025-12-03 17:41:44 | [SAVE] unet_step2000.pt + numeric_enc_step2000.pt
2025-12-03 17:41:49 | step 2050/20000 | loss 0.2070
2025-12-03 17:41:54 | step 2100/20000 | loss 0.3008
2025-12-03 17:41:59 | step 2150/20000 | loss 0.1755
2025-12-03 17:42:05 | step 2200/20000 | loss 0.2216
2025-12-03 17:42:10 | step 2250/20000 | loss 0.2428
2025-12-03 17:42:15 | step 2300/20000 | loss 0.3279
2025-12-03 17:42:20 | step 2350/20000 | loss 0.5083
2025-12-03 17:42:25 | step 2400/20000 | loss 0.2873
2025-12-03 17:42:31 | step 2450/20000 | loss 0.2794
2025-12-03 17:42:36 | step 2500/20000 | loss 0.3111
2025-12-03 17:42:41 | step 2550/20000 | loss 0.4556
2025-12-03 17:42:47 | step 2600/20000 | loss 0.4621
2025-12-03 17:42:52 | step 2650/20000 | loss 0.5283
2025-12-03 17:42:57 | step 2700/20000 | loss 0.4460
2025-12-03 17:43:02 | step 2750/20000 | loss 0.5445
2025-12-03 17:43:07 | step 2800/20000 | loss 0.3833
2025-12-03 17:43:12 | step 2850/20000 | loss 0.2422
2025-12-03 17:43:18 | step 2900/20000 | loss 0.2215
2025-12-03 17:43:23 | step 2950/20000 | loss 0.3331
2025-12-03 17:43:28 | step 3000/20000 | loss 0.3776
2025-12-03 17:43:28 | [SAVE] unet_step3000.pt + numeric_enc_step3000.pt
2025-12-03 17:43:33 | step 3050/20000 | loss 0.2468
2025-12-03 17:43:39 | step 3100/20000 | loss 0.7001
2025-12-03 17:43:44 | step 3150/20000 | loss 0.5409
2025-12-03 17:43:49 | step 3200/20000 | loss 0.4356
2025-12-03 17:43:54 | step 3250/20000 | loss 0.4099
2025-12-03 17:43:59 | step 3300/20000 | loss 0.4327
2025-12-03 17:44:05 | step 3350/20000 | loss 0.2292
2025-12-03 17:44:10 | step 3400/20000 | loss 0.6470
2025-12-03 17:44:15 | step 3450/20000 | loss 0.5214
2025-12-03 17:44:20 | step 3500/20000 | loss 0.5100
2025-12-03 17:44:25 | step 3550/20000 | loss 0.3759
2025-12-03 17:44:30 | step 3600/20000 | loss 0.3363
2025-12-03 17:44:36 | step 3650/20000 | loss 0.5143
2025-12-03 17:44:41 | step 3700/20000 | loss 0.3708
2025-12-03 17:44:46 | step 3750/20000 | loss 0.3529
2025-12-03 17:44:51 | step 3800/20000 | loss 0.2748
2025-12-03 17:44:56 | step 3850/20000 | loss 0.4252
2025-12-03 17:45:01 | step 3900/20000 | loss 0.4002
2025-12-03 17:45:06 | step 3950/20000 | loss 0.7900
2025-12-03 17:45:12 | step 4000/20000 | loss 0.2348
2025-12-03 17:45:12 | [SAVE] unet_step4000.pt + numeric_enc_step4000.pt
2025-12-03 17:45:18 | step 4050/20000 | loss 0.4527
2025-12-03 17:45:23 | step 4100/20000 | loss 0.4505
2025-12-03 17:45:28 | step 4150/20000 | loss 0.4365
2025-12-03 17:45:33 | step 4200/20000 | loss 0.7062
2025-12-03 17:45:38 | step 4250/20000 | loss 0.5542
2025-12-03 17:45:43 | step 4300/20000 | loss 0.1672
2025-12-03 17:45:48 | step 4350/20000 | loss 0.1941
2025-12-03 17:45:53 | step 4400/20000 | loss 0.5041
2025-12-03 17:45:59 | step 4450/20000 | loss 0.1931
2025-12-03 17:46:04 | step 4500/20000 | loss 0.1931
2025-12-03 17:46:09 | step 4550/20000 | loss 0.4725
2025-12-03 17:46:15 | step 4600/20000 | loss 0.4515
2025-12-03 17:46:20 | step 4650/20000 | loss 0.3436
2025-12-03 17:46:25 | step 4700/20000 | loss 0.3339
2025-12-03 17:46:30 | step 4750/20000 | loss 0.3663
2025-12-03 17:46:35 | step 4800/20000 | loss 0.3781
2025-12-03 17:46:41 | step 4850/20000 | loss 0.4754
2025-12-03 17:46:46 | step 4900/20000 | loss 0.2766
2025-12-03 17:46:51 | step 4950/20000 | loss 0.2375
2025-12-03 17:46:56 | step 5000/20000 | loss 0.3537
2025-12-03 17:46:56 | [SAVE] unet_step5000.pt + numeric_enc_step5000.pt
2025-12-03 17:47:01 | step 5050/20000 | loss 0.4869
2025-12-03 17:47:07 | step 5100/20000 | loss 0.3152
2025-12-03 17:47:12 | step 5150/20000 | loss 0.4692
2025-12-03 17:47:17 | step 5200/20000 | loss 0.3411
2025-12-03 17:47:22 | step 5250/20000 | loss 0.5319
2025-12-03 17:47:27 | step 5300/20000 | loss 0.5355
2025-12-03 17:47:32 | step 5350/20000 | loss 0.4281
2025-12-03 17:47:38 | step 5400/20000 | loss 0.2993
2025-12-03 17:47:43 | step 5450/20000 | loss 0.3891
2025-12-03 17:47:48 | step 5500/20000 | loss 0.2903
2025-12-03 17:47:53 | step 5550/20000 | loss 0.4155
2025-12-03 17:47:58 | step 5600/20000 | loss 0.2375
2025-12-03 17:48:04 | step 5650/20000 | loss 0.4106
2025-12-03 17:48:09 | step 5700/20000 | loss 0.4582
2025-12-03 17:48:14 | step 5750/20000 | loss 0.3932
2025-12-03 17:48:19 | step 5800/20000 | loss 0.3117
2025-12-03 17:48:25 | step 5850/20000 | loss 0.4213
2025-12-03 17:48:29 | step 5900/20000 | loss 0.2590
2025-12-03 17:48:35 | step 5950/20000 | loss 0.3365
2025-12-03 17:48:40 | step 6000/20000 | loss 0.5226
2025-12-03 17:48:40 | [SAVE] unet_step6000.pt + numeric_enc_step6000.pt
2025-12-03 17:48:45 | step 6050/20000 | loss 0.5456
2025-12-03 17:48:51 | step 6100/20000 | loss 0.2898
2025-12-03 17:48:56 | step 6150/20000 | loss 0.3450
2025-12-03 17:49:01 | step 6200/20000 | loss 0.4267
2025-12-03 17:49:06 | step 6250/20000 | loss 0.2250
2025-12-03 17:49:11 | step 6300/20000 | loss 0.3681
2025-12-03 17:49:16 | step 6350/20000 | loss 0.3066
2025-12-03 17:49:21 | step 6400/20000 | loss 0.2471
2025-12-03 17:49:27 | step 6450/20000 | loss 0.2494
2025-12-03 17:49:32 | step 6500/20000 | loss 0.4732
2025-12-03 17:49:37 | step 6550/20000 | loss 0.5010
2025-12-03 17:49:42 | step 6600/20000 | loss 0.1904
2025-12-03 17:49:47 | step 6650/20000 | loss 0.2495
2025-12-03 17:49:53 | step 6700/20000 | loss 0.3071
2025-12-03 17:49:58 | step 6750/20000 | loss 0.4714
2025-12-03 17:50:03 | step 6800/20000 | loss 0.5198
2025-12-03 17:50:08 | step 6850/20000 | loss 0.4052
2025-12-03 17:50:13 | step 6900/20000 | loss 0.5853
2025-12-03 17:50:18 | step 6950/20000 | loss 0.4758
2025-12-03 17:50:24 | step 7000/20000 | loss 0.4258
2025-12-03 17:50:24 | [SAVE] unet_step7000.pt + numeric_enc_step7000.pt
2025-12-03 17:50:29 | step 7050/20000 | loss 0.4639
2025-12-03 17:50:34 | step 7100/20000 | loss 0.2992
2025-12-03 17:50:40 | step 7150/20000 | loss 0.3726
2025-12-03 17:50:45 | step 7200/20000 | loss 0.3637
2025-12-03 17:50:50 | step 7250/20000 | loss 0.4342
2025-12-03 17:50:56 | step 7300/20000 | loss 0.3224
2025-12-03 17:51:00 | step 7350/20000 | loss 0.2814
2025-12-03 17:51:06 | step 7400/20000 | loss 0.2140
2025-12-03 17:51:11 | step 7450/20000 | loss 0.4873
2025-12-03 17:51:16 | step 7500/20000 | loss 0.3128
2025-12-03 17:51:21 | step 7550/20000 | loss 0.4142
2025-12-03 17:51:26 | step 7600/20000 | loss 0.2928
2025-12-03 17:51:32 | step 7650/20000 | loss 0.3022
2025-12-03 17:51:37 | step 7700/20000 | loss 0.4796
2025-12-03 17:51:42 | step 7750/20000 | loss 0.4540
2025-12-03 17:51:47 | step 7800/20000 | loss 0.2343
2025-12-03 17:51:53 | step 7850/20000 | loss 0.5193
2025-12-03 17:51:58 | step 7900/20000 | loss 0.5595
2025-12-03 17:52:03 | step 7950/20000 | loss 0.3466
2025-12-03 17:52:08 | step 8000/20000 | loss 0.2428
2025-12-03 17:52:09 | [SAVE] unet_step8000.pt + numeric_enc_step8000.pt
2025-12-03 17:52:14 | step 8050/20000 | loss 0.4715
2025-12-03 17:52:19 | step 8100/20000 | loss 0.6079
2025-12-03 17:52:24 | step 8150/20000 | loss 0.3234
2025-12-03 17:52:30 | step 8200/20000 | loss 0.3520
2025-12-03 17:52:35 | step 8250/20000 | loss 0.2841
2025-12-03 17:52:40 | step 8300/20000 | loss 0.3158
2025-12-03 17:52:45 | step 8350/20000 | loss 0.2980
2025-12-03 17:52:50 | step 8400/20000 | loss 0.3757
2025-12-03 17:52:56 | step 8450/20000 | loss 0.4480
2025-12-03 17:53:01 | step 8500/20000 | loss 0.4918
2025-12-03 17:53:06 | step 8550/20000 | loss 0.3315
2025-12-03 17:53:11 | step 8600/20000 | loss 0.4422
2025-12-03 17:53:17 | step 8650/20000 | loss 0.2586
2025-12-03 17:53:21 | step 8700/20000 | loss 0.1654
2025-12-03 17:53:26 | step 8750/20000 | loss 0.4165
2025-12-03 17:53:31 | step 8800/20000 | loss 0.3852
2025-12-03 17:53:37 | step 8850/20000 | loss 0.2896
2025-12-03 17:53:42 | step 8900/20000 | loss 0.2695
2025-12-03 17:53:47 | step 8950/20000 | loss 0.2882
2025-12-03 17:53:53 | step 9000/20000 | loss 0.3937
2025-12-03 17:53:53 | [SAVE] unet_step9000.pt + numeric_enc_step9000.pt
2025-12-03 17:53:58 | step 9050/20000 | loss 0.2548
2025-12-03 17:54:03 | step 9100/20000 | loss 0.2729
2025-12-03 17:54:08 | step 9150/20000 | loss 0.3338
2025-12-03 17:54:13 | step 9200/20000 | loss 0.2827
2025-12-03 17:54:19 | step 9250/20000 | loss 0.4301
2025-12-03 17:54:24 | step 9300/20000 | loss 0.1966
2025-12-03 17:54:29 | step 9350/20000 | loss 0.2609
2025-12-03 17:54:34 | step 9400/20000 | loss 0.2543
2025-12-03 17:54:39 | step 9450/20000 | loss 0.4203
2025-12-03 17:54:45 | step 9500/20000 | loss 0.2933
2025-12-03 17:54:50 | step 9550/20000 | loss 0.3033
2025-12-03 17:54:55 | step 9600/20000 | loss 0.3450
2025-12-03 17:55:00 | step 9650/20000 | loss 0.2150
2025-12-03 17:55:05 | step 9700/20000 | loss 0.3026
2025-12-03 17:55:10 | step 9750/20000 | loss 0.2363
2025-12-03 17:55:16 | step 9800/20000 | loss 0.2455
2025-12-03 17:55:21 | step 9850/20000 | loss 0.3737
2025-12-03 17:55:26 | step 9900/20000 | loss 0.5795
2025-12-03 17:55:31 | step 9950/20000 | loss 0.3133
2025-12-03 17:55:37 | step 10000/20000 | loss 0.6082
2025-12-03 17:55:37 | [SAVE] unet_step10000.pt + numeric_enc_step10000.pt
2025-12-03 17:55:42 | step 10050/20000 | loss 0.2993
2025-12-03 17:55:48 | step 10100/20000 | loss 0.4444
2025-12-03 17:55:53 | step 10150/20000 | loss 0.4267
2025-12-03 17:55:58 | step 10200/20000 | loss 0.2527
2025-12-03 17:56:03 | step 10250/20000 | loss 0.3279
2025-12-03 17:56:08 | step 10300/20000 | loss 0.2651
2025-12-03 17:56:13 | step 10350/20000 | loss 0.2653
2025-12-03 17:56:19 | step 10400/20000 | loss 0.4196
2025-12-03 17:56:24 | step 10450/20000 | loss 0.4190
2025-12-03 17:56:29 | step 10500/20000 | loss 0.3937
2025-12-03 17:56:35 | step 10550/20000 | loss 0.2934
2025-12-03 17:56:40 | step 10600/20000 | loss 0.4040
2025-12-03 17:56:45 | step 10650/20000 | loss 0.2208
2025-12-03 17:56:50 | step 10700/20000 | loss 0.2715
2025-12-03 17:56:55 | step 10750/20000 | loss 0.4297
2025-12-03 17:57:01 | step 10800/20000 | loss 0.3293
2025-12-03 17:57:06 | step 10850/20000 | loss 0.4981
2025-12-03 17:57:11 | step 10900/20000 | loss 0.2554
2025-12-03 17:57:16 | step 10950/20000 | loss 0.3501
2025-12-03 17:57:21 | step 11000/20000 | loss 0.3190
2025-12-03 17:57:21 | [SAVE] unet_step11000.pt + numeric_enc_step11000.pt
2025-12-03 17:57:26 | step 11050/20000 | loss 0.1781
2025-12-03 17:57:31 | step 11100/20000 | loss 0.2961
2025-12-03 17:57:37 | step 11150/20000 | loss 0.3164
2025-12-03 17:57:42 | step 11200/20000 | loss 0.2117
2025-12-03 17:57:47 | step 11250/20000 | loss 0.5743
2025-12-03 17:57:52 | step 11300/20000 | loss 0.5120
2025-12-03 17:57:57 | step 11350/20000 | loss 0.2149
2025-12-03 17:58:03 | step 11400/20000 | loss 0.2262
2025-12-03 17:58:08 | step 11450/20000 | loss 0.2651
2025-12-03 17:58:13 | step 11500/20000 | loss 0.3604
2025-12-03 17:58:18 | step 11550/20000 | loss 0.3038
2025-12-03 17:58:23 | step 11600/20000 | loss 0.3897
2025-12-03 17:58:29 | step 11650/20000 | loss 0.4724
2025-12-03 17:58:34 | step 11700/20000 | loss 0.4048
2025-12-03 17:58:39 | step 11750/20000 | loss 0.3177
2025-12-03 17:58:44 | step 11800/20000 | loss 0.3039
2025-12-03 17:58:49 | step 11850/20000 | loss 0.2538
2025-12-03 17:58:54 | step 11900/20000 | loss 0.2263
2025-12-03 17:58:59 | step 11950/20000 | loss 0.3633
2025-12-03 17:59:04 | step 12000/20000 | loss 0.3968
2025-12-03 17:59:04 | [SAVE] unet_step12000.pt + numeric_enc_step12000.pt
2025-12-03 17:59:10 | step 12050/20000 | loss 0.4201
2025-12-03 17:59:15 | step 12100/20000 | loss 0.1949
2025-12-03 17:59:20 | step 12150/20000 | loss 0.2008
2025-12-03 17:59:25 | step 12200/20000 | loss 0.5184
2025-12-03 17:59:30 | step 12250/20000 | loss 0.2757
2025-12-03 17:59:35 | step 12300/20000 | loss 0.2194
2025-12-03 17:59:40 | step 12350/20000 | loss 0.2595
2025-12-03 17:59:45 | step 12400/20000 | loss 0.1964
2025-12-03 17:59:51 | step 12450/20000 | loss 0.2112
2025-12-03 17:59:56 | step 12500/20000 | loss 0.4587
2025-12-03 18:00:01 | step 12550/20000 | loss 0.5200
2025-12-03 18:00:06 | step 12600/20000 | loss 0.3104
2025-12-03 18:00:12 | step 12650/20000 | loss 0.4058
2025-12-03 18:00:17 | step 12700/20000 | loss 0.0858
2025-12-03 18:00:22 | step 12750/20000 | loss 0.3383
2025-12-03 18:00:27 | step 12800/20000 | loss 0.3688
2025-12-03 18:00:33 | step 12850/20000 | loss 0.2613
2025-12-03 18:00:38 | step 12900/20000 | loss 0.3492
2025-12-03 18:00:43 | step 12950/20000 | loss 0.2317
2025-12-03 18:00:48 | step 13000/20000 | loss 0.2700
2025-12-03 18:00:48 | [SAVE] unet_step13000.pt + numeric_enc_step13000.pt
2025-12-03 18:00:53 | step 13050/20000 | loss 0.3049
2025-12-03 18:00:58 | step 13100/20000 | loss 0.4534
2025-12-03 18:01:03 | step 13150/20000 | loss 0.2592
2025-12-03 18:01:08 | step 13200/20000 | loss 0.1975
2025-12-03 18:01:14 | step 13250/20000 | loss 0.2338
2025-12-03 18:01:19 | step 13300/20000 | loss 0.4016
2025-12-03 18:01:24 | step 13350/20000 | loss 0.3006
2025-12-03 18:01:29 | step 13400/20000 | loss 0.2291
2025-12-03 18:01:35 | step 13450/20000 | loss 0.4648
2025-12-03 18:01:40 | step 13500/20000 | loss 0.2892
2025-12-03 18:01:45 | step 13550/20000 | loss 0.2095
2025-12-03 18:01:50 | step 13600/20000 | loss 0.2060
2025-12-03 18:01:56 | step 13650/20000 | loss 0.4427
2025-12-03 18:02:01 | step 13700/20000 | loss 0.2923
2025-12-03 18:02:06 | step 13750/20000 | loss 0.1525
2025-12-03 18:02:11 | step 13800/20000 | loss 0.1232
2025-12-03 18:02:16 | step 13850/20000 | loss 0.3223
2025-12-03 18:02:21 | step 13900/20000 | loss 0.3788
2025-12-03 18:02:27 | step 13950/20000 | loss 0.2749
2025-12-03 18:02:32 | step 14000/20000 | loss 0.5629
2025-12-03 18:02:32 | [SAVE] unet_step14000.pt + numeric_enc_step14000.pt
2025-12-03 18:02:37 | step 14050/20000 | loss 0.1669
2025-12-03 18:02:43 | step 14100/20000 | loss 0.2821
2025-12-03 18:02:48 | step 14150/20000 | loss 0.1737
2025-12-03 18:02:53 | step 14200/20000 | loss 0.1633
2025-12-03 18:02:58 | step 14250/20000 | loss 0.2228
2025-12-03 18:03:03 | step 14300/20000 | loss 0.2954
2025-12-03 18:03:09 | step 14350/20000 | loss 0.1876
2025-12-03 18:03:14 | step 14400/20000 | loss 0.2935
2025-12-03 18:03:19 | step 14450/20000 | loss 0.2942
2025-12-03 18:03:24 | step 14500/20000 | loss 0.1789
2025-12-03 18:03:29 | step 14550/20000 | loss 0.3607
2025-12-03 18:03:34 | step 14600/20000 | loss 0.3131
2025-12-03 18:03:40 | step 14650/20000 | loss 0.2252
