2026-02-10 10:53:25 | [Config] image_size=256 batch_size=4 num_workers=4
2026-02-10 10:53:25 | [Config] lr(fixed)=5e-06 weight_decay=0.01 max_steps=10000
2026-02-10 10:53:25 | [Config] cond_dropout_prob=0.0
2026-02-10 10:53:25 | [Config] scaling_factor(yaml)=0.27
2026-02-10 10:53:25 | [Config] prediction_type(yaml)=sample
2026-02-10 10:53:26 | [VAE] Loaded from /workspace/latent-v2/experiments/latent_train_vae/final (frozen)
2026-02-10 10:53:27 | [UNet] Configured: in=4, out=4
2026-02-10 10:53:27 | [ENC] NumericEncoder: cond_dim=3, hidden=768, seq_len=16
2026-02-10 10:53:27 | [Scheduler] num_train_timesteps=1000 prediction_type=sample
2026-02-10 10:53:27 | [DATA] N=1800 images from /workspace/latent-v2/dataset_split/train
2026-02-10 10:53:27 | [DATA] Calculating cond mean/std (up to 2000 samples)...
2026-02-10 10:53:51 | [ENC] Set Norm: mean=[23952.049  12115.994   6955.5796], std=[ 732.16364 4150.056   3199.09   ]
2026-02-10 10:53:51 | [ENC] Saved cond stats to /workspace/latent-v2/experiments/loss_correction_rolling_mean_latent_train_unet_without_dropout/cond_mean.npy and /workspace/latent-v2/experiments/loss_correction_rolling_mean_latent_train_unet_without_dropout/cond_std.npy
2026-02-10 10:53:51 | [OPT] Using fixed learning rate (no scheduler).
2026-02-10 10:53:59 | [LATENTS] Saved latent_mean=0.099666 to /workspace/latent-v2/experiments/loss_correction_rolling_mean_latent_train_unet_without_dropout/latent_mean.npy
2026-02-10 10:54:14 | [LATENTS] mean=0.0997 std=0.8678 min=-2.0572 max=1.8722
2026-02-10 10:54:34 | [LATENTS] mean=0.0997 std=0.8678 min=-2.0572 max=1.8722
2026-02-10 10:54:55 | [LATENTS] mean=0.0997 std=0.8678 min=-2.0572 max=1.8722
2026-02-10 10:55:15 | [LATENTS] mean=0.0997 std=0.8678 min=-2.0572 max=1.8722
2026-02-10 10:55:35 | [LATENTS] mean=0.0997 std=0.8678 min=-2.0572 max=1.8722
2026-02-10 10:55:56 | [LATENTS] mean=0.0997 std=0.8678 min=-2.0572 max=1.8722
2026-02-10 10:56:16 | [LATENTS] mean=0.0997 std=0.8678 min=-2.0572 max=1.8722
2026-02-10 10:56:36 | [LATENTS] mean=0.0997 std=0.8678 min=-2.0572 max=1.8722
2026-02-10 10:56:57 | [LATENTS] mean=0.0997 std=0.8678 min=-2.0572 max=1.8722
2026-02-10 10:57:17 | [LATENTS] mean=0.0997 std=0.8678 min=-2.0572 max=1.8722
2026-02-10 10:57:17 | [CKPT] Saved checkpoint at step 2000
2026-02-10 10:57:38 | [LATENTS] mean=0.0997 std=0.8678 min=-2.0572 max=1.8722
2026-02-10 10:57:58 | [LATENTS] mean=0.0997 std=0.8678 min=-2.0572 max=1.8722
2026-02-10 10:58:18 | [LATENTS] mean=0.0997 std=0.8678 min=-2.0572 max=1.8722
2026-02-10 10:58:39 | [LATENTS] mean=0.0997 std=0.8678 min=-2.0572 max=1.8722
2026-02-10 10:58:59 | [LATENTS] mean=0.0997 std=0.8678 min=-2.0572 max=1.8722
2026-02-10 10:59:20 | [LATENTS] mean=0.0997 std=0.8678 min=-2.0572 max=1.8722
2026-02-10 10:59:40 | [LATENTS] mean=0.0997 std=0.8678 min=-2.0572 max=1.8722
2026-02-10 11:00:00 | [LATENTS] mean=0.0997 std=0.8678 min=-2.0572 max=1.8722
2026-02-10 11:00:21 | [LATENTS] mean=0.0997 std=0.8678 min=-2.0572 max=1.8722
2026-02-10 11:00:41 | [LATENTS] mean=0.0997 std=0.8678 min=-2.0572 max=1.8722
2026-02-10 11:00:41 | [CKPT] Saved checkpoint at step 4000
2026-02-10 11:01:02 | [LATENTS] mean=0.0997 std=0.8678 min=-2.0572 max=1.8722
2026-02-10 11:01:22 | [LATENTS] mean=0.0997 std=0.8678 min=-2.0572 max=1.8722
2026-02-10 11:01:42 | [LATENTS] mean=0.0997 std=0.8678 min=-2.0572 max=1.8722
2026-02-10 11:02:02 | [LATENTS] mean=0.0997 std=0.8678 min=-2.0572 max=1.8722
2026-02-10 11:02:23 | [LATENTS] mean=0.0997 std=0.8678 min=-2.0572 max=1.8722
2026-02-10 11:02:43 | [LATENTS] mean=0.0997 std=0.8678 min=-2.0572 max=1.8722
2026-02-10 11:03:03 | [LATENTS] mean=0.0997 std=0.8678 min=-2.0572 max=1.8722
2026-02-10 11:03:24 | [LATENTS] mean=0.0997 std=0.8678 min=-2.0572 max=1.8722
2026-02-10 11:03:44 | [LATENTS] mean=0.0997 std=0.8678 min=-2.0572 max=1.8722
2026-02-10 11:04:04 | [LATENTS] mean=0.0997 std=0.8678 min=-2.0572 max=1.8722
2026-02-10 11:04:04 | [CKPT] Saved checkpoint at step 6000
2026-02-10 11:04:24 | [LATENTS] mean=0.0997 std=0.8678 min=-2.0572 max=1.8722
2026-02-10 11:04:45 | [LATENTS] mean=0.0997 std=0.8678 min=-2.0572 max=1.8722
2026-02-10 11:05:05 | [LATENTS] mean=0.0997 std=0.8678 min=-2.0572 max=1.8722
2026-02-10 11:05:25 | [LATENTS] mean=0.0997 std=0.8678 min=-2.0572 max=1.8722
2026-02-10 11:05:45 | [LATENTS] mean=0.0997 std=0.8678 min=-2.0572 max=1.8722
2026-02-10 11:06:06 | [LATENTS] mean=0.0997 std=0.8678 min=-2.0572 max=1.8722
2026-02-10 11:06:26 | [LATENTS] mean=0.0997 std=0.8678 min=-2.0572 max=1.8722
2026-02-10 11:06:46 | [LATENTS] mean=0.0997 std=0.8678 min=-2.0572 max=1.8722
2026-02-10 11:07:07 | [LATENTS] mean=0.0997 std=0.8678 min=-2.0572 max=1.8722
2026-02-10 11:07:27 | [LATENTS] mean=0.0997 std=0.8678 min=-2.0572 max=1.8722
2026-02-10 11:07:28 | [CKPT] Saved checkpoint at step 8000
2026-02-10 11:07:48 | [LATENTS] mean=0.0997 std=0.8678 min=-2.0572 max=1.8722
2026-02-10 11:08:08 | [LATENTS] mean=0.0997 std=0.8678 min=-2.0572 max=1.8722
2026-02-10 11:08:29 | [LATENTS] mean=0.0997 std=0.8678 min=-2.0572 max=1.8722
2026-02-10 11:08:49 | [LATENTS] mean=0.0997 std=0.8678 min=-2.0572 max=1.8722
2026-02-10 11:09:09 | [LATENTS] mean=0.0997 std=0.8678 min=-2.0572 max=1.8722
2026-02-10 11:09:30 | [LATENTS] mean=0.0997 std=0.8678 min=-2.0572 max=1.8722
2026-02-10 11:09:50 | [LATENTS] mean=0.0997 std=0.8678 min=-2.0572 max=1.8722
2026-02-10 11:10:11 | [LATENTS] mean=0.0997 std=0.8678 min=-2.0572 max=1.8722
2026-02-10 11:10:31 | [LATENTS] mean=0.0997 std=0.8678 min=-2.0572 max=1.8722
2026-02-10 11:10:52 | [LATENTS] mean=0.0997 std=0.8678 min=-2.0572 max=1.8722
2026-02-10 11:10:52 | [CKPT] Saved checkpoint at step 10000
2026-02-10 11:10:52 | [DONE] Training finished. Saved final models.
