2026-01-07 22:24:18 | [Config] image_size=256 batch_size=16 num_workers=4
2026-01-07 22:24:18 | [Config] lr(fixed)=5e-06 weight_decay=0.01 max_steps=100000
2026-01-07 22:24:18 | [Config] cond_dropout_prob=0.0
2026-01-07 22:24:18 | [Config] scaling_factor(yaml)=0.27
2026-01-07 22:24:18 | [Config] prediction_type(yaml)=sample
2026-01-07 22:24:19 | [VAE] Loaded from /workspace/experiments/latent_train_vae/final (frozen)
2026-01-07 22:24:19 | [UNet] Configured: in=4, out=4
2026-01-07 22:24:19 | [ENC] NumericEncoder: cond_dim=3, hidden=768, seq_len=16
2026-01-07 22:24:19 | [Scheduler] num_train_timesteps=1000 prediction_type=sample
2026-01-07 22:24:19 | [DATA] N=1800 images from /workspace/dataset_split/train
2026-01-07 22:24:19 | [DATA] Calculating cond mean/std (up to 2000 samples)...
2026-01-07 22:24:49 | [ENC] Set Norm: mean=[23952.049  12115.994   6955.5796], std=[ 732.16364 4150.056   3199.09   ]
2026-01-07 22:24:49 | [ENC] Saved cond stats to /workspace/experiments/latent_train_unet_without_dropout/cond_mean.npy and /workspace/experiments/latent_train_unet_without_dropout/cond_std.npy
2026-01-07 22:24:49 | [OPT] Using fixed learning rate (no scheduler).
2026-01-07 22:24:57 | [LATENTS] Saved latent_mean=-0.046771 to /workspace/experiments/latent_train_unet_without_dropout/latent_mean.npy
2026-01-07 22:25:17 | [LATENTS] mean=-0.0468 std=0.8239 min=-2.0572 max=1.8722
2026-01-07 22:25:45 | [LATENTS] mean=-0.0468 std=0.8239 min=-2.0573 max=1.8722
2026-01-07 22:26:13 | [LATENTS] mean=-0.0468 std=0.8239 min=-2.0573 max=1.8719
2026-01-07 22:26:41 | [LATENTS] mean=-0.0468 std=0.8239 min=-2.0574 max=1.8722
2026-01-07 22:27:08 | [LATENTS] mean=-0.0468 std=0.8239 min=-2.0572 max=1.8717
2026-01-07 22:27:36 | [LATENTS] mean=-0.0468 std=0.8239 min=-2.0573 max=1.8721
2026-01-07 22:28:03 | [LATENTS] mean=-0.0468 std=0.8239 min=-2.0573 max=1.8729
2026-01-07 22:28:31 | [LATENTS] mean=-0.0468 std=0.8239 min=-2.0571 max=1.8722
2026-01-07 22:28:59 | [LATENTS] mean=-0.0468 std=0.8239 min=-2.0572 max=1.8719
2026-01-07 22:29:26 | [LATENTS] mean=-0.0468 std=0.8239 min=-2.0574 max=1.8715
2026-01-07 22:29:54 | [LATENTS] mean=-0.0468 std=0.8239 min=-2.0572 max=1.8724
2026-01-07 22:30:22 | [LATENTS] mean=-0.0468 std=0.8239 min=-2.0574 max=1.8723
2026-01-07 22:30:50 | [LATENTS] mean=-0.0468 std=0.8239 min=-2.0573 max=1.8723
2026-01-07 22:31:16 | [LATENTS] mean=-0.0468 std=0.8239 min=-2.0572 max=1.8720
2026-01-07 22:31:45 | [LATENTS] mean=-0.0468 std=0.8239 min=-2.0572 max=1.8721
2026-01-07 22:32:12 | [LATENTS] mean=-0.0468 std=0.8239 min=-2.0571 max=1.8715
2026-01-07 22:32:38 | [LATENTS] mean=-0.0468 std=0.8239 min=-2.0571 max=1.8725
2026-01-07 22:33:05 | [LATENTS] mean=-0.0468 std=0.8239 min=-2.0571 max=1.8722
2026-01-07 22:33:33 | [LATENTS] mean=-0.0468 std=0.8239 min=-2.0574 max=1.8723
2026-01-07 22:34:01 | [LATENTS] mean=-0.0468 std=0.8239 min=-2.0572 max=1.8722
2026-01-07 22:34:28 | [LATENTS] mean=-0.0468 std=0.8239 min=-2.0572 max=1.8723
2026-01-07 22:34:54 | [LATENTS] mean=-0.0468 std=0.8239 min=-2.0572 max=1.8717
2026-01-07 22:35:22 | [LATENTS] mean=-0.0468 std=0.8239 min=-2.0573 max=1.8723
2026-01-07 22:35:49 | [LATENTS] mean=-0.0468 std=0.8239 min=-2.0574 max=1.8721
2026-01-07 22:36:16 | [LATENTS] mean=-0.0468 std=0.8239 min=-2.0573 max=1.8721
2026-01-07 22:36:44 | [LATENTS] mean=-0.0468 std=0.8239 min=-2.0571 max=1.8719
2026-01-07 22:37:12 | [LATENTS] mean=-0.0468 std=0.8239 min=-2.0572 max=1.8721
2026-01-07 22:37:40 | [LATENTS] mean=-0.0468 std=0.8239 min=-2.0573 max=1.8718
2026-01-07 22:38:09 | [LATENTS] mean=-0.0468 std=0.8239 min=-2.0573 max=1.8720
2026-01-07 22:38:36 | [LATENTS] mean=-0.0468 std=0.8239 min=-2.0573 max=1.8720
2026-01-07 22:39:05 | [LATENTS] mean=-0.0468 std=0.8239 min=-2.0571 max=1.8724
2026-01-07 22:39:33 | [LATENTS] mean=-0.0468 std=0.8239 min=-2.0573 max=1.8723
2026-01-07 22:40:01 | [LATENTS] mean=-0.0468 std=0.8239 min=-2.0571 max=1.8719
2026-01-07 22:40:29 | [LATENTS] mean=-0.0468 std=0.8239 min=-2.0572 max=1.8719
2026-01-07 22:40:58 | [LATENTS] mean=-0.0468 std=0.8239 min=-2.0572 max=1.8722
2026-01-07 22:41:26 | [LATENTS] mean=-0.0468 std=0.8239 min=-2.0573 max=1.8724
2026-01-07 22:41:53 | [LATENTS] mean=-0.0468 std=0.8239 min=-2.0573 max=1.8723
2026-01-07 22:42:21 | [LATENTS] mean=-0.0468 std=0.8239 min=-2.0572 max=1.8721
2026-01-07 22:42:49 | [LATENTS] mean=-0.0468 std=0.8239 min=-2.0572 max=1.8722
2026-01-07 22:43:17 | [LATENTS] mean=-0.0468 std=0.8239 min=-2.0571 max=1.8721
2026-01-07 22:43:45 | [LATENTS] mean=-0.0468 std=0.8239 min=-2.0573 max=1.8719
2026-01-07 22:44:12 | [LATENTS] mean=-0.0468 std=0.8239 min=-2.0571 max=1.8723
2026-01-07 22:44:39 | [LATENTS] mean=-0.0468 std=0.8239 min=-2.0573 max=1.8727
2026-01-07 22:45:07 | [LATENTS] mean=-0.0468 std=0.8239 min=-2.0573 max=1.8721
2026-01-07 22:45:35 | [LATENTS] mean=-0.0468 std=0.8239 min=-2.0573 max=1.8725
2026-01-07 22:46:03 | [LATENTS] mean=-0.0468 std=0.8239 min=-2.0572 max=1.8718
2026-01-07 22:46:31 | [LATENTS] mean=-0.0468 std=0.8239 min=-2.0574 max=1.8723
2026-01-07 22:46:59 | [LATENTS] mean=-0.0468 std=0.8239 min=-2.0573 max=1.8723
2026-01-07 22:47:28 | [LATENTS] mean=-0.0468 std=0.8239 min=-2.0573 max=1.8717
2026-01-07 22:47:55 | [LATENTS] mean=-0.0468 std=0.8239 min=-2.0572 max=1.8720
2026-01-07 22:47:55 | [CKPT] Saved checkpoint at step 10000
2026-01-07 22:48:23 | [LATENTS] mean=-0.0468 std=0.8239 min=-2.0575 max=1.8722
2026-01-07 22:48:51 | [LATENTS] mean=-0.0468 std=0.8239 min=-2.0573 max=1.8721
2026-01-07 22:49:20 | [LATENTS] mean=-0.0468 std=0.8239 min=-2.0573 max=1.8720
2026-01-07 22:49:48 | [LATENTS] mean=-0.0468 std=0.8239 min=-2.0574 max=1.8722
2026-01-07 22:50:15 | [LATENTS] mean=-0.0468 std=0.8239 min=-2.0571 max=1.8720
2026-01-07 22:50:42 | [LATENTS] mean=-0.0468 std=0.8239 min=-2.0573 max=1.8724
2026-01-07 22:51:09 | [LATENTS] mean=-0.0468 std=0.8239 min=-2.0571 max=1.8722
2026-01-07 22:51:36 | [LATENTS] mean=-0.0468 std=0.8239 min=-2.0572 max=1.8719
2026-01-07 22:52:05 | [LATENTS] mean=-0.0468 std=0.8239 min=-2.0574 max=1.8717
2026-01-07 22:52:32 | [LATENTS] mean=-0.0468 std=0.8239 min=-2.0572 max=1.8716
2026-01-07 22:52:59 | [LATENTS] mean=-0.0468 std=0.8239 min=-2.0572 max=1.8721
2026-01-07 22:53:27 | [LATENTS] mean=-0.0468 std=0.8239 min=-2.0573 max=1.8721
2026-01-07 22:53:55 | [LATENTS] mean=-0.0468 std=0.8239 min=-2.0575 max=1.8724
2026-01-07 22:54:23 | [LATENTS] mean=-0.0468 std=0.8239 min=-2.0573 max=1.8725
2026-01-07 22:54:51 | [LATENTS] mean=-0.0468 std=0.8239 min=-2.0573 max=1.8720
2026-01-07 22:55:17 | [LATENTS] mean=-0.0468 std=0.8239 min=-2.0572 max=1.8723
2026-01-07 22:55:44 | [LATENTS] mean=-0.0468 std=0.8239 min=-2.0572 max=1.8726
2026-01-07 22:56:11 | [LATENTS] mean=-0.0468 std=0.8239 min=-2.0573 max=1.8723
2026-01-07 22:56:39 | [LATENTS] mean=-0.0468 std=0.8239 min=-2.0572 max=1.8724
2026-01-07 22:57:07 | [LATENTS] mean=-0.0468 std=0.8239 min=-2.0573 max=1.8722
2026-01-07 22:57:35 | [LATENTS] mean=-0.0468 std=0.8239 min=-2.0573 max=1.8720
2026-01-07 22:58:03 | [LATENTS] mean=-0.0468 std=0.8239 min=-2.0573 max=1.8727
2026-01-07 22:58:30 | [LATENTS] mean=-0.0468 std=0.8239 min=-2.0572 max=1.8723
2026-01-07 22:58:57 | [LATENTS] mean=-0.0468 std=0.8239 min=-2.0572 max=1.8722
2026-01-07 22:59:25 | [LATENTS] mean=-0.0468 std=0.8239 min=-2.0572 max=1.8722
2026-01-07 22:59:53 | [LATENTS] mean=-0.0468 std=0.8239 min=-2.0575 max=1.8724
2026-01-07 23:00:21 | [LATENTS] mean=-0.0468 std=0.8239 min=-2.0572 max=1.8722
2026-01-07 23:00:49 | [LATENTS] mean=-0.0468 std=0.8239 min=-2.0570 max=1.8723
2026-01-07 23:01:17 | [LATENTS] mean=-0.0468 std=0.8239 min=-2.0574 max=1.8722
2026-01-07 23:01:40 | [LATENTS] mean=-0.0468 std=0.8239 min=-2.0573 max=1.8723
2026-01-07 23:02:04 | [LATENTS] mean=-0.0468 std=0.8239 min=-2.0573 max=1.8720
2026-01-07 23:02:29 | [LATENTS] mean=-0.0468 std=0.8239 min=-2.0571 max=1.8720
2026-01-07 23:02:53 | [LATENTS] mean=-0.0468 std=0.8239 min=-2.0572 max=1.8718
2026-01-07 23:03:16 | [LATENTS] mean=-0.0468 std=0.8239 min=-2.0573 max=1.8722
2026-01-07 23:03:40 | [LATENTS] mean=-0.0468 std=0.8239 min=-2.0573 max=1.8720
2026-01-07 23:04:05 | [LATENTS] mean=-0.0468 std=0.8239 min=-2.0572 max=1.8719
2026-01-07 23:04:29 | [LATENTS] mean=-0.0468 std=0.8239 min=-2.0572 max=1.8719
2026-01-07 23:04:53 | [LATENTS] mean=-0.0468 std=0.8239 min=-2.0572 max=1.8726
2026-01-07 23:05:16 | [LATENTS] mean=-0.0468 std=0.8239 min=-2.0574 max=1.8722
2026-01-07 23:05:44 | [LATENTS] mean=-0.0468 std=0.8239 min=-2.0572 max=1.8720
2026-01-07 23:06:11 | [LATENTS] mean=-0.0468 std=0.8239 min=-2.0572 max=1.8717
2026-01-07 23:06:37 | [LATENTS] mean=-0.0468 std=0.8239 min=-2.0573 max=1.8724
2026-01-07 23:07:02 | [LATENTS] mean=-0.0468 std=0.8239 min=-2.0572 max=1.8721
2026-01-07 23:07:25 | [LATENTS] mean=-0.0468 std=0.8239 min=-2.0573 max=1.8722
2026-01-07 23:07:49 | [LATENTS] mean=-0.0468 std=0.8239 min=-2.0573 max=1.8723
2026-01-07 23:08:13 | [LATENTS] mean=-0.0468 std=0.8239 min=-2.0573 max=1.8725
2026-01-07 23:08:37 | [LATENTS] mean=-0.0468 std=0.8239 min=-2.0572 max=1.8726
2026-01-07 23:09:01 | [LATENTS] mean=-0.0468 std=0.8239 min=-2.0572 max=1.8727
2026-01-07 23:09:25 | [LATENTS] mean=-0.0468 std=0.8239 min=-2.0574 max=1.8721
2026-01-07 23:09:49 | [LATENTS] mean=-0.0468 std=0.8239 min=-2.0572 max=1.8721
2026-01-07 23:09:49 | [CKPT] Saved checkpoint at step 20000
2026-01-07 23:10:13 | [LATENTS] mean=-0.0468 std=0.8239 min=-2.0574 max=1.8721
2026-01-07 23:10:38 | [LATENTS] mean=-0.0468 std=0.8239 min=-2.0573 max=1.8720
2026-01-07 23:11:01 | [LATENTS] mean=-0.0468 std=0.8239 min=-2.0575 max=1.8726
2026-01-07 23:11:27 | [LATENTS] mean=-0.0468 std=0.8239 min=-2.0574 max=1.8721
2026-01-07 23:11:55 | [LATENTS] mean=-0.0468 std=0.8239 min=-2.0573 max=1.8721
2026-01-07 23:12:23 | [LATENTS] mean=-0.0468 std=0.8239 min=-2.0572 max=1.8721
2026-01-07 23:12:49 | [LATENTS] mean=-0.0468 std=0.8239 min=-2.0572 max=1.8722
2026-01-07 23:13:13 | [LATENTS] mean=-0.0468 std=0.8239 min=-2.0573 max=1.8722
2026-01-07 23:13:41 | [LATENTS] mean=-0.0468 std=0.8239 min=-2.0572 max=1.8720
2026-01-07 23:14:07 | [LATENTS] mean=-0.0468 std=0.8239 min=-2.0573 max=1.8720
2026-01-07 23:14:34 | [LATENTS] mean=-0.0468 std=0.8239 min=-2.0574 max=1.8724
2026-01-07 23:15:02 | [LATENTS] mean=-0.0468 std=0.8239 min=-2.0572 max=1.8720
2026-01-07 23:15:29 | [LATENTS] mean=-0.0468 std=0.8239 min=-2.0574 max=1.8724
2026-01-07 23:15:57 | [LATENTS] mean=-0.0468 std=0.8239 min=-2.0573 max=1.8719
2026-01-07 23:16:26 | [LATENTS] mean=-0.0468 std=0.8239 min=-2.0575 max=1.8724
2026-01-07 23:16:54 | [LATENTS] mean=-0.0468 std=0.8239 min=-2.0573 max=1.8723
2026-01-07 23:17:22 | [LATENTS] mean=-0.0468 std=0.8239 min=-2.0572 max=1.8723
2026-01-07 23:17:50 | [LATENTS] mean=-0.0468 std=0.8239 min=-2.0573 max=1.8717
2026-01-07 23:18:18 | [LATENTS] mean=-0.0468 std=0.8239 min=-2.0573 max=1.8718
2026-01-07 23:18:46 | [LATENTS] mean=-0.0468 std=0.8239 min=-2.0572 max=1.8724
2026-01-07 23:19:15 | [LATENTS] mean=-0.0468 std=0.8239 min=-2.0571 max=1.8722
2026-01-07 23:19:42 | [LATENTS] mean=-0.0468 std=0.8239 min=-2.0573 max=1.8724
2026-01-07 23:20:11 | [LATENTS] mean=-0.0468 std=0.8239 min=-2.0573 max=1.8723
2026-01-07 23:20:39 | [LATENTS] mean=-0.0468 std=0.8239 min=-2.0572 max=1.8720
2026-01-07 23:21:07 | [LATENTS] mean=-0.0468 std=0.8239 min=-2.0572 max=1.8720
2026-01-07 23:21:35 | [LATENTS] mean=-0.0468 std=0.8239 min=-2.0573 max=1.8719
2026-01-07 23:22:03 | [LATENTS] mean=-0.0468 std=0.8239 min=-2.0572 max=1.8720
2026-01-07 23:22:31 | [LATENTS] mean=-0.0468 std=0.8239 min=-2.0572 max=1.8721
2026-01-07 23:22:59 | [LATENTS] mean=-0.0468 std=0.8239 min=-2.0572 max=1.8723
2026-01-07 23:23:28 | [LATENTS] mean=-0.0468 std=0.8239 min=-2.0573 max=1.8719
2026-01-07 23:23:55 | [LATENTS] mean=-0.0468 std=0.8239 min=-2.0572 max=1.8726
2026-01-07 23:24:24 | [LATENTS] mean=-0.0468 std=0.8239 min=-2.0571 max=1.8718
2026-01-07 23:24:52 | [LATENTS] mean=-0.0468 std=0.8239 min=-2.0572 max=1.8725
2026-01-07 23:25:20 | [LATENTS] mean=-0.0468 std=0.8239 min=-2.0571 max=1.8723
2026-01-07 23:25:48 | [LATENTS] mean=-0.0468 std=0.8239 min=-2.0573 max=1.8722
2026-01-07 23:26:16 | [LATENTS] mean=-0.0468 std=0.8239 min=-2.0574 max=1.8727
2026-01-07 23:26:42 | [LATENTS] mean=-0.0468 std=0.8239 min=-2.0573 max=1.8724
2026-01-07 23:27:09 | [LATENTS] mean=-0.0468 std=0.8239 min=-2.0572 max=1.8723
2026-01-07 23:27:38 | [LATENTS] mean=-0.0468 std=0.8239 min=-2.0572 max=1.8727
2026-01-07 23:28:05 | [LATENTS] mean=-0.0468 std=0.8239 min=-2.0573 max=1.8719
2026-01-07 23:28:33 | [LATENTS] mean=-0.0468 std=0.8239 min=-2.0575 max=1.8723
2026-01-07 23:29:02 | [LATENTS] mean=-0.0468 std=0.8239 min=-2.0573 max=1.8721
2026-01-07 23:29:30 | [LATENTS] mean=-0.0468 std=0.8239 min=-2.0573 max=1.8725
2026-01-07 23:29:58 | [LATENTS] mean=-0.0468 std=0.8239 min=-2.0571 max=1.8720
2026-01-07 23:30:26 | [LATENTS] mean=-0.0468 std=0.8239 min=-2.0573 max=1.8721
2026-01-07 23:30:54 | [LATENTS] mean=-0.0468 std=0.8239 min=-2.0572 max=1.8719
2026-01-07 23:31:22 | [LATENTS] mean=-0.0468 std=0.8239 min=-2.0571 max=1.8715
2026-01-07 23:31:50 | [LATENTS] mean=-0.0468 std=0.8239 min=-2.0572 max=1.8717
2026-01-07 23:32:18 | [LATENTS] mean=-0.0468 std=0.8239 min=-2.0573 max=1.8718
2026-01-07 23:32:46 | [LATENTS] mean=-0.0468 std=0.8239 min=-2.0572 max=1.8724
2026-01-07 23:32:46 | [CKPT] Saved checkpoint at step 30000
2026-01-07 23:33:14 | [LATENTS] mean=-0.0468 std=0.8239 min=-2.0572 max=1.8719
2026-01-07 23:33:42 | [LATENTS] mean=-0.0468 std=0.8239 min=-2.0572 max=1.8722
2026-01-07 23:34:10 | [LATENTS] mean=-0.0468 std=0.8239 min=-2.0572 max=1.8723
2026-01-07 23:34:38 | [LATENTS] mean=-0.0468 std=0.8239 min=-2.0573 max=1.8725
2026-01-07 23:35:06 | [LATENTS] mean=-0.0468 std=0.8239 min=-2.0574 max=1.8717
2026-01-07 23:35:33 | [LATENTS] mean=-0.0468 std=0.8239 min=-2.0571 max=1.8718
2026-01-07 23:36:01 | [LATENTS] mean=-0.0468 std=0.8239 min=-2.0572 max=1.8725
2026-01-07 23:36:29 | [LATENTS] mean=-0.0468 std=0.8239 min=-2.0574 max=1.8723
2026-01-07 23:36:57 | [LATENTS] mean=-0.0468 std=0.8239 min=-2.0573 max=1.8723
2026-01-07 23:37:25 | [LATENTS] mean=-0.0468 std=0.8239 min=-2.0571 max=1.8718
2026-01-07 23:37:53 | [LATENTS] mean=-0.0468 std=0.8239 min=-2.0573 max=1.8726
2026-01-07 23:38:21 | [LATENTS] mean=-0.0468 std=0.8239 min=-2.0572 max=1.8724
2026-01-07 23:38:50 | [LATENTS] mean=-0.0468 std=0.8239 min=-2.0573 max=1.8724
2026-01-07 23:39:16 | [LATENTS] mean=-0.0468 std=0.8239 min=-2.0572 max=1.8721
2026-01-07 23:39:44 | [LATENTS] mean=-0.0468 std=0.8239 min=-2.0572 max=1.8723
2026-01-07 23:40:12 | [LATENTS] mean=-0.0468 std=0.8239 min=-2.0572 max=1.8724
2026-01-07 23:40:40 | [LATENTS] mean=-0.0468 std=0.8239 min=-2.0573 max=1.8722
2026-01-07 23:41:08 | [LATENTS] mean=-0.0468 std=0.8239 min=-2.0572 max=1.8718
2026-01-07 23:41:37 | [LATENTS] mean=-0.0468 std=0.8239 min=-2.0572 max=1.8726
2026-01-07 23:42:05 | [LATENTS] mean=-0.0468 std=0.8239 min=-2.0572 max=1.8723
2026-01-07 23:42:33 | [LATENTS] mean=-0.0468 std=0.8239 min=-2.0572 max=1.8720
2026-01-07 23:43:01 | [LATENTS] mean=-0.0468 std=0.8239 min=-2.0572 max=1.8721
2026-01-07 23:43:28 | [LATENTS] mean=-0.0468 std=0.8239 min=-2.0571 max=1.8725
2026-01-07 23:43:56 | [LATENTS] mean=-0.0468 std=0.8239 min=-2.0573 max=1.8723
2026-01-07 23:44:24 | [LATENTS] mean=-0.0468 std=0.8239 min=-2.0572 max=1.8721
2026-01-07 23:44:52 | [LATENTS] mean=-0.0468 std=0.8239 min=-2.0572 max=1.8720
2026-01-07 23:45:18 | [LATENTS] mean=-0.0468 std=0.8239 min=-2.0573 max=1.8722
2026-01-07 23:45:46 | [LATENTS] mean=-0.0468 std=0.8239 min=-2.0573 max=1.8723
2026-01-07 23:46:13 | [LATENTS] mean=-0.0468 std=0.8239 min=-2.0573 max=1.8720
2026-01-07 23:46:41 | [LATENTS] mean=-0.0468 std=0.8239 min=-2.0572 max=1.8725
2026-01-07 23:47:08 | [LATENTS] mean=-0.0468 std=0.8239 min=-2.0571 max=1.8722
2026-01-07 23:47:35 | [LATENTS] mean=-0.0468 std=0.8239 min=-2.0572 max=1.8721
2026-01-07 23:48:03 | [LATENTS] mean=-0.0468 std=0.8239 min=-2.0573 max=1.8722
2026-01-07 23:48:31 | [LATENTS] mean=-0.0468 std=0.8239 min=-2.0572 max=1.8724
2026-01-07 23:48:59 | [LATENTS] mean=-0.0468 std=0.8239 min=-2.0572 max=1.8721
2026-01-07 23:49:27 | [LATENTS] mean=-0.0468 std=0.8239 min=-2.0573 max=1.8723
2026-01-07 23:49:55 | [LATENTS] mean=-0.0468 std=0.8239 min=-2.0573 max=1.8722
2026-01-07 23:50:23 | [LATENTS] mean=-0.0468 std=0.8239 min=-2.0574 max=1.8722
2026-01-07 23:50:51 | [LATENTS] mean=-0.0468 std=0.8239 min=-2.0571 max=1.8718
2026-01-07 23:51:19 | [LATENTS] mean=-0.0468 std=0.8239 min=-2.0572 max=1.8722
2026-01-07 23:51:47 | [LATENTS] mean=-0.0468 std=0.8239 min=-2.0572 max=1.8719
2026-01-07 23:52:15 | [LATENTS] mean=-0.0468 std=0.8239 min=-2.0572 max=1.8722
2026-01-07 23:52:42 | [LATENTS] mean=-0.0468 std=0.8239 min=-2.0572 max=1.8722
2026-01-07 23:53:10 | [LATENTS] mean=-0.0468 std=0.8239 min=-2.0573 max=1.8722
2026-01-07 23:53:37 | [LATENTS] mean=-0.0468 std=0.8239 min=-2.0574 max=1.8723
2026-01-07 23:54:05 | [LATENTS] mean=-0.0468 std=0.8239 min=-2.0573 max=1.8720
2026-01-07 23:54:33 | [LATENTS] mean=-0.0468 std=0.8239 min=-2.0572 max=1.8725
2026-01-07 23:55:01 | [LATENTS] mean=-0.0468 std=0.8239 min=-2.0571 max=1.8725
2026-01-07 23:55:30 | [LATENTS] mean=-0.0468 std=0.8239 min=-2.0573 max=1.8725
2026-01-07 23:55:57 | [LATENTS] mean=-0.0468 std=0.8239 min=-2.0572 max=1.8723
2026-01-07 23:55:57 | [CKPT] Saved checkpoint at step 40000
2026-01-07 23:56:24 | [LATENTS] mean=-0.0468 std=0.8239 min=-2.0573 max=1.8726
2026-01-07 23:56:52 | [LATENTS] mean=-0.0468 std=0.8239 min=-2.0573 max=1.8722
2026-01-07 23:57:19 | [LATENTS] mean=-0.0468 std=0.8239 min=-2.0573 max=1.8723
2026-01-07 23:57:47 | [LATENTS] mean=-0.0468 std=0.8239 min=-2.0573 max=1.8720
2026-01-07 23:58:14 | [LATENTS] mean=-0.0468 std=0.8239 min=-2.0573 max=1.8720
2026-01-07 23:58:42 | [LATENTS] mean=-0.0468 std=0.8239 min=-2.0571 max=1.8723
2026-01-07 23:59:10 | [LATENTS] mean=-0.0468 std=0.8239 min=-2.0572 max=1.8718
2026-01-07 23:59:37 | [LATENTS] mean=-0.0468 std=0.8239 min=-2.0571 max=1.8724
2026-01-08 00:00:05 | [LATENTS] mean=-0.0468 std=0.8239 min=-2.0573 max=1.8718
2026-01-08 00:00:33 | [LATENTS] mean=-0.0468 std=0.8239 min=-2.0572 max=1.8726
2026-01-08 00:01:01 | [LATENTS] mean=-0.0468 std=0.8239 min=-2.0572 max=1.8722
2026-01-08 00:01:29 | [LATENTS] mean=-0.0468 std=0.8239 min=-2.0573 max=1.8724
2026-01-08 00:01:57 | [LATENTS] mean=-0.0468 std=0.8239 min=-2.0572 max=1.8722
2026-01-08 00:02:26 | [LATENTS] mean=-0.0468 std=0.8239 min=-2.0572 max=1.8721
2026-01-08 00:02:53 | [LATENTS] mean=-0.0468 std=0.8239 min=-2.0572 max=1.8724
2026-01-08 00:03:21 | [LATENTS] mean=-0.0468 std=0.8239 min=-2.0572 max=1.8721
2026-01-08 00:03:48 | [LATENTS] mean=-0.0468 std=0.8239 min=-2.0574 max=1.8721
2026-01-08 00:04:15 | [LATENTS] mean=-0.0468 std=0.8239 min=-2.0572 max=1.8720
2026-01-08 00:04:43 | [LATENTS] mean=-0.0468 std=0.8239 min=-2.0574 max=1.8722
2026-01-08 00:05:10 | [LATENTS] mean=-0.0468 std=0.8239 min=-2.0573 max=1.8722
2026-01-08 00:05:38 | [LATENTS] mean=-0.0468 std=0.8239 min=-2.0573 max=1.8719
2026-01-08 00:06:06 | [LATENTS] mean=-0.0468 std=0.8239 min=-2.0573 max=1.8718
2026-01-08 00:06:34 | [LATENTS] mean=-0.0468 std=0.8239 min=-2.0572 max=1.8719
2026-01-08 00:07:02 | [LATENTS] mean=-0.0468 std=0.8239 min=-2.0572 max=1.8725
2026-01-08 00:07:30 | [LATENTS] mean=-0.0468 std=0.8239 min=-2.0573 max=1.8723
2026-01-08 00:07:58 | [LATENTS] mean=-0.0468 std=0.8239 min=-2.0574 max=1.8719
2026-01-08 00:08:26 | [LATENTS] mean=-0.0468 std=0.8239 min=-2.0573 max=1.8720
2026-01-08 00:08:54 | [LATENTS] mean=-0.0468 std=0.8239 min=-2.0572 max=1.8725
2026-01-08 00:09:21 | [LATENTS] mean=-0.0468 std=0.8239 min=-2.0574 max=1.8723
2026-01-08 00:09:49 | [LATENTS] mean=-0.0468 std=0.8239 min=-2.0573 max=1.8726
2026-01-08 00:10:16 | [LATENTS] mean=-0.0468 std=0.8239 min=-2.0573 max=1.8725
2026-01-08 00:10:44 | [LATENTS] mean=-0.0468 std=0.8239 min=-2.0574 max=1.8721
2026-01-08 00:11:12 | [LATENTS] mean=-0.0468 std=0.8239 min=-2.0573 max=1.8725
2026-01-08 00:11:40 | [LATENTS] mean=-0.0468 std=0.8239 min=-2.0572 max=1.8718
2026-01-08 00:12:08 | [LATENTS] mean=-0.0468 std=0.8239 min=-2.0574 max=1.8727
2026-01-08 00:12:37 | [LATENTS] mean=-0.0468 std=0.8239 min=-2.0573 max=1.8722
2026-01-08 00:13:05 | [LATENTS] mean=-0.0468 std=0.8239 min=-2.0573 max=1.8723
2026-01-08 00:13:32 | [LATENTS] mean=-0.0468 std=0.8239 min=-2.0572 max=1.8724
2026-01-08 00:14:01 | [LATENTS] mean=-0.0468 std=0.8239 min=-2.0573 max=1.8721
2026-01-08 00:14:29 | [LATENTS] mean=-0.0468 std=0.8239 min=-2.0571 max=1.8722
2026-01-08 00:14:57 | [LATENTS] mean=-0.0468 std=0.8239 min=-2.0573 max=1.8722
2026-01-08 00:15:24 | [LATENTS] mean=-0.0468 std=0.8239 min=-2.0571 max=1.8723
2026-01-08 00:15:50 | [LATENTS] mean=-0.0468 std=0.8239 min=-2.0572 max=1.8722
2026-01-08 00:16:17 | [LATENTS] mean=-0.0468 std=0.8239 min=-2.0573 max=1.8717
2026-01-08 00:16:45 | [LATENTS] mean=-0.0468 std=0.8239 min=-2.0572 max=1.8722
2026-01-08 00:17:14 | [LATENTS] mean=-0.0468 std=0.8239 min=-2.0573 max=1.8722
2026-01-08 00:17:41 | [LATENTS] mean=-0.0468 std=0.8239 min=-2.0572 max=1.8726
2026-01-08 00:18:09 | [LATENTS] mean=-0.0468 std=0.8239 min=-2.0574 max=1.8720
2026-01-08 00:18:37 | [LATENTS] mean=-0.0468 std=0.8239 min=-2.0572 max=1.8724
2026-01-08 00:19:05 | [LATENTS] mean=-0.0468 std=0.8239 min=-2.0573 max=1.8723
2026-01-08 00:19:05 | [CKPT] Saved checkpoint at step 50000
2026-01-08 00:19:33 | [LATENTS] mean=-0.0468 std=0.8239 min=-2.0574 max=1.8723
2026-01-08 00:20:00 | [LATENTS] mean=-0.0468 std=0.8239 min=-2.0574 max=1.8724
2026-01-08 00:20:29 | [LATENTS] mean=-0.0468 std=0.8239 min=-2.0572 max=1.8722
2026-01-08 00:20:57 | [LATENTS] mean=-0.0468 std=0.8239 min=-2.0572 max=1.8724
2026-01-08 00:21:25 | [LATENTS] mean=-0.0468 std=0.8239 min=-2.0572 max=1.8719
2026-01-08 00:21:53 | [LATENTS] mean=-0.0468 std=0.8239 min=-2.0573 max=1.8720
2026-01-08 00:22:21 | [LATENTS] mean=-0.0468 std=0.8239 min=-2.0572 max=1.8720
2026-01-08 00:22:49 | [LATENTS] mean=-0.0468 std=0.8239 min=-2.0573 max=1.8723
2026-01-08 00:23:18 | [LATENTS] mean=-0.0468 std=0.8239 min=-2.0574 max=1.8718
2026-01-08 00:23:45 | [LATENTS] mean=-0.0468 std=0.8239 min=-2.0572 max=1.8729
2026-01-08 00:24:12 | [LATENTS] mean=-0.0468 std=0.8239 min=-2.0573 max=1.8719
2026-01-08 00:24:40 | [LATENTS] mean=-0.0468 std=0.8239 min=-2.0572 max=1.8722
2026-01-08 00:25:08 | [LATENTS] mean=-0.0468 std=0.8239 min=-2.0572 max=1.8722
2026-01-08 00:25:36 | [LATENTS] mean=-0.0468 std=0.8239 min=-2.0573 max=1.8721
2026-01-08 00:26:04 | [LATENTS] mean=-0.0468 std=0.8239 min=-2.0574 max=1.8721
2026-01-08 00:26:31 | [LATENTS] mean=-0.0468 std=0.8239 min=-2.0573 max=1.8721
2026-01-08 00:26:59 | [LATENTS] mean=-0.0468 std=0.8239 min=-2.0573 max=1.8719
2026-01-08 00:27:27 | [LATENTS] mean=-0.0468 std=0.8239 min=-2.0571 max=1.8719
2026-01-08 00:27:56 | [LATENTS] mean=-0.0468 std=0.8239 min=-2.0572 max=1.8719
2026-01-08 00:28:24 | [LATENTS] mean=-0.0468 std=0.8239 min=-2.0573 max=1.8714
2026-01-08 00:28:51 | [LATENTS] mean=-0.0468 std=0.8239 min=-2.0571 max=1.8727
2026-01-08 00:29:20 | [LATENTS] mean=-0.0468 std=0.8239 min=-2.0573 max=1.8720
2026-01-08 00:29:48 | [LATENTS] mean=-0.0468 std=0.8239 min=-2.0573 max=1.8725
2026-01-08 00:30:15 | [LATENTS] mean=-0.0468 std=0.8239 min=-2.0573 max=1.8724
2026-01-08 00:30:43 | [LATENTS] mean=-0.0468 std=0.8239 min=-2.0571 max=1.8723
2026-01-08 00:31:11 | [LATENTS] mean=-0.0468 std=0.8239 min=-2.0572 max=1.8721
2026-01-08 00:31:38 | [LATENTS] mean=-0.0468 std=0.8239 min=-2.0572 max=1.8719
2026-01-08 00:32:06 | [LATENTS] mean=-0.0468 std=0.8239 min=-2.0575 max=1.8724
2026-01-08 00:32:31 | [LATENTS] mean=-0.0468 std=0.8239 min=-2.0571 max=1.8720
2026-01-08 00:32:59 | [LATENTS] mean=-0.0468 std=0.8239 min=-2.0572 max=1.8720
2026-01-08 00:33:26 | [LATENTS] mean=-0.0468 std=0.8239 min=-2.0572 max=1.8727
2026-01-08 00:33:55 | [LATENTS] mean=-0.0468 std=0.8239 min=-2.0572 max=1.8724
2026-01-08 00:34:23 | [LATENTS] mean=-0.0468 std=0.8239 min=-2.0573 max=1.8717
2026-01-08 00:34:51 | [LATENTS] mean=-0.0468 std=0.8239 min=-2.0572 max=1.8723
2026-01-08 00:35:19 | [LATENTS] mean=-0.0468 std=0.8239 min=-2.0572 max=1.8719
2026-01-08 00:35:47 | [LATENTS] mean=-0.0468 std=0.8239 min=-2.0573 max=1.8724
2026-01-08 00:36:15 | [LATENTS] mean=-0.0468 std=0.8239 min=-2.0572 max=1.8719
2026-01-08 00:36:44 | [LATENTS] mean=-0.0468 std=0.8239 min=-2.0572 max=1.8721
2026-01-08 00:37:12 | [LATENTS] mean=-0.0468 std=0.8239 min=-2.0572 max=1.8723
2026-01-08 00:37:40 | [LATENTS] mean=-0.0468 std=0.8239 min=-2.0573 max=1.8716
2026-01-08 00:38:08 | [LATENTS] mean=-0.0468 std=0.8239 min=-2.0574 max=1.8723
2026-01-08 00:38:36 | [LATENTS] mean=-0.0468 std=0.8239 min=-2.0572 max=1.8717
2026-01-08 00:39:04 | [LATENTS] mean=-0.0468 std=0.8239 min=-2.0573 max=1.8721
2026-01-08 00:39:32 | [LATENTS] mean=-0.0468 std=0.8239 min=-2.0572 max=1.8726
2026-01-08 00:39:58 | [LATENTS] mean=-0.0468 std=0.8239 min=-2.0574 max=1.8723
2026-01-08 00:40:26 | [LATENTS] mean=-0.0468 std=0.8239 min=-2.0572 max=1.8723
2026-01-08 00:40:54 | [LATENTS] mean=-0.0468 std=0.8239 min=-2.0573 max=1.8723
2026-01-08 00:41:19 | [LATENTS] mean=-0.0468 std=0.8239 min=-2.0572 max=1.8721
2026-01-08 00:41:42 | [LATENTS] mean=-0.0468 std=0.8239 min=-2.0574 max=1.8728
2026-01-08 00:42:06 | [LATENTS] mean=-0.0468 std=0.8239 min=-2.0574 max=1.8723
2026-01-08 00:42:06 | [CKPT] Saved checkpoint at step 60000
2026-01-08 00:42:32 | [LATENTS] mean=-0.0468 std=0.8239 min=-2.0572 max=1.8725
2026-01-08 00:42:59 | [LATENTS] mean=-0.0468 std=0.8239 min=-2.0572 max=1.8722
2026-01-08 00:43:27 | [LATENTS] mean=-0.0468 std=0.8239 min=-2.0572 max=1.8727
2026-01-08 00:43:55 | [LATENTS] mean=-0.0468 std=0.8239 min=-2.0571 max=1.8718
2026-01-08 00:44:23 | [LATENTS] mean=-0.0468 std=0.8239 min=-2.0574 max=1.8721
2026-01-08 00:44:52 | [LATENTS] mean=-0.0468 std=0.8239 min=-2.0572 max=1.8724
2026-01-08 00:45:20 | [LATENTS] mean=-0.0468 std=0.8239 min=-2.0572 max=1.8718
2026-01-08 00:45:47 | [LATENTS] mean=-0.0468 std=0.8239 min=-2.0572 max=1.8723
2026-01-08 00:46:15 | [LATENTS] mean=-0.0468 std=0.8239 min=-2.0573 max=1.8724
2026-01-08 00:46:44 | [LATENTS] mean=-0.0468 std=0.8239 min=-2.0573 max=1.8722
2026-01-08 00:47:12 | [LATENTS] mean=-0.0468 std=0.8239 min=-2.0574 max=1.8723
2026-01-08 00:47:40 | [LATENTS] mean=-0.0468 std=0.8239 min=-2.0572 max=1.8722
2026-01-08 00:48:08 | [LATENTS] mean=-0.0468 std=0.8239 min=-2.0572 max=1.8724
2026-01-08 00:48:34 | [LATENTS] mean=-0.0468 std=0.8239 min=-2.0572 max=1.8723
2026-01-08 00:49:02 | [LATENTS] mean=-0.0468 std=0.8239 min=-2.0573 max=1.8723
2026-01-08 00:49:30 | [LATENTS] mean=-0.0468 std=0.8239 min=-2.0573 max=1.8719
2026-01-08 00:49:58 | [LATENTS] mean=-0.0468 std=0.8239 min=-2.0572 max=1.8722
2026-01-08 00:50:26 | [LATENTS] mean=-0.0468 std=0.8239 min=-2.0572 max=1.8723
2026-01-08 00:50:54 | [LATENTS] mean=-0.0468 std=0.8239 min=-2.0573 max=1.8721
2026-01-08 00:51:23 | [LATENTS] mean=-0.0468 std=0.8239 min=-2.0573 max=1.8718
2026-01-08 00:51:51 | [LATENTS] mean=-0.0468 std=0.8239 min=-2.0572 max=1.8723
2026-01-08 00:52:19 | [LATENTS] mean=-0.0468 std=0.8239 min=-2.0572 max=1.8721
2026-01-08 00:52:47 | [LATENTS] mean=-0.0468 std=0.8239 min=-2.0572 max=1.8723
2026-01-08 00:53:16 | [LATENTS] mean=-0.0468 std=0.8239 min=-2.0573 max=1.8722
2026-01-08 00:53:44 | [LATENTS] mean=-0.0468 std=0.8239 min=-2.0571 max=1.8726
2026-01-08 00:54:11 | [LATENTS] mean=-0.0468 std=0.8239 min=-2.0571 max=1.8720
2026-01-08 00:54:38 | [LATENTS] mean=-0.0468 std=0.8239 min=-2.0575 max=1.8720
2026-01-08 00:55:06 | [LATENTS] mean=-0.0468 std=0.8239 min=-2.0573 max=1.8724
2026-01-08 00:55:32 | [LATENTS] mean=-0.0468 std=0.8239 min=-2.0574 max=1.8721
2026-01-08 00:55:56 | [LATENTS] mean=-0.0468 std=0.8239 min=-2.0571 max=1.8723
2026-01-08 00:56:21 | [LATENTS] mean=-0.0468 std=0.8239 min=-2.0573 max=1.8724
2026-01-08 00:56:44 | [LATENTS] mean=-0.0468 std=0.8239 min=-2.0573 max=1.8721
2026-01-08 00:57:08 | [LATENTS] mean=-0.0468 std=0.8239 min=-2.0575 max=1.8721
2026-01-08 00:57:33 | [LATENTS] mean=-0.0468 std=0.8239 min=-2.0573 max=1.8723
2026-01-08 00:58:01 | [LATENTS] mean=-0.0468 std=0.8239 min=-2.0572 max=1.8726
2026-01-08 00:58:28 | [LATENTS] mean=-0.0468 std=0.8239 min=-2.0573 max=1.8721
2026-01-08 00:58:56 | [LATENTS] mean=-0.0468 std=0.8239 min=-2.0570 max=1.8724
2026-01-08 00:59:24 | [LATENTS] mean=-0.0468 std=0.8239 min=-2.0573 max=1.8723
2026-01-08 00:59:52 | [LATENTS] mean=-0.0468 std=0.8239 min=-2.0573 max=1.8722
2026-01-08 01:00:21 | [LATENTS] mean=-0.0468 std=0.8239 min=-2.0571 max=1.8727
2026-01-08 01:00:48 | [LATENTS] mean=-0.0468 std=0.8239 min=-2.0571 max=1.8723
2026-01-08 01:01:16 | [LATENTS] mean=-0.0468 std=0.8239 min=-2.0572 max=1.8724
2026-01-08 01:01:43 | [LATENTS] mean=-0.0468 std=0.8239 min=-2.0573 max=1.8719
2026-01-08 01:02:09 | [LATENTS] mean=-0.0468 std=0.8239 min=-2.0573 max=1.8725
2026-01-08 01:02:37 | [LATENTS] mean=-0.0468 std=0.8239 min=-2.0572 max=1.8721
2026-01-08 01:03:05 | [LATENTS] mean=-0.0468 std=0.8239 min=-2.0573 max=1.8728
2026-01-08 01:03:32 | [LATENTS] mean=-0.0468 std=0.8239 min=-2.0573 max=1.8721
2026-01-08 01:04:00 | [LATENTS] mean=-0.0468 std=0.8239 min=-2.0572 max=1.8720
2026-01-08 01:04:28 | [LATENTS] mean=-0.0468 std=0.8239 min=-2.0572 max=1.8727
2026-01-08 01:04:56 | [LATENTS] mean=-0.0468 std=0.8239 min=-2.0574 max=1.8721
2026-01-08 01:04:56 | [CKPT] Saved checkpoint at step 70000
2026-01-08 01:05:24 | [LATENTS] mean=-0.0468 std=0.8239 min=-2.0572 max=1.8721
2026-01-08 01:05:52 | [LATENTS] mean=-0.0468 std=0.8239 min=-2.0572 max=1.8721
2026-01-08 01:06:20 | [LATENTS] mean=-0.0468 std=0.8239 min=-2.0572 max=1.8722
2026-01-08 01:06:48 | [LATENTS] mean=-0.0468 std=0.8239 min=-2.0573 max=1.8720
2026-01-08 01:07:16 | [LATENTS] mean=-0.0468 std=0.8239 min=-2.0573 max=1.8720
2026-01-08 01:07:44 | [LATENTS] mean=-0.0468 std=0.8239 min=-2.0574 max=1.8719
2026-01-08 01:08:12 | [LATENTS] mean=-0.0468 std=0.8239 min=-2.0573 max=1.8723
2026-01-08 01:08:40 | [LATENTS] mean=-0.0468 std=0.8239 min=-2.0572 max=1.8722
2026-01-08 01:09:08 | [LATENTS] mean=-0.0468 std=0.8239 min=-2.0571 max=1.8721
2026-01-08 01:09:35 | [LATENTS] mean=-0.0468 std=0.8239 min=-2.0571 max=1.8723
2026-01-08 01:10:04 | [LATENTS] mean=-0.0468 std=0.8239 min=-2.0572 max=1.8722
2026-01-08 01:10:31 | [LATENTS] mean=-0.0468 std=0.8239 min=-2.0572 max=1.8728
2026-01-08 01:10:59 | [LATENTS] mean=-0.0468 std=0.8239 min=-2.0571 max=1.8721
2026-01-08 01:11:27 | [LATENTS] mean=-0.0468 std=0.8239 min=-2.0573 max=1.8715
2026-01-08 01:11:55 | [LATENTS] mean=-0.0468 std=0.8239 min=-2.0574 max=1.8716
2026-01-08 01:12:22 | [LATENTS] mean=-0.0468 std=0.8239 min=-2.0573 max=1.8724
2026-01-08 01:12:50 | [LATENTS] mean=-0.0468 std=0.8239 min=-2.0572 max=1.8720
2026-01-08 01:13:18 | [LATENTS] mean=-0.0468 std=0.8239 min=-2.0574 max=1.8721
2026-01-08 01:13:45 | [LATENTS] mean=-0.0468 std=0.8239 min=-2.0573 max=1.8720
2026-01-08 01:14:13 | [LATENTS] mean=-0.0468 std=0.8239 min=-2.0572 max=1.8722
2026-01-08 01:14:41 | [LATENTS] mean=-0.0468 std=0.8239 min=-2.0573 max=1.8721
2026-01-08 01:15:09 | [LATENTS] mean=-0.0468 std=0.8239 min=-2.0574 max=1.8719
2026-01-08 01:15:37 | [LATENTS] mean=-0.0468 std=0.8239 min=-2.0571 max=1.8721
2026-01-08 01:16:05 | [LATENTS] mean=-0.0468 std=0.8239 min=-2.0574 max=1.8724
2026-01-08 01:16:33 | [LATENTS] mean=-0.0468 std=0.8239 min=-2.0573 max=1.8723
2026-01-08 01:17:01 | [LATENTS] mean=-0.0468 std=0.8239 min=-2.0572 max=1.8720
2026-01-08 01:17:29 | [LATENTS] mean=-0.0468 std=0.8239 min=-2.0571 max=1.8722
2026-01-08 01:17:56 | [LATENTS] mean=-0.0468 std=0.8239 min=-2.0573 max=1.8716
2026-01-08 01:18:24 | [LATENTS] mean=-0.0468 std=0.8239 min=-2.0572 max=1.8722
2026-01-08 01:18:52 | [LATENTS] mean=-0.0468 std=0.8239 min=-2.0572 max=1.8725
2026-01-08 01:19:20 | [LATENTS] mean=-0.0468 std=0.8239 min=-2.0573 max=1.8721
2026-01-08 01:19:48 | [LATENTS] mean=-0.0468 std=0.8239 min=-2.0572 max=1.8721
2026-01-08 01:20:16 | [LATENTS] mean=-0.0468 std=0.8239 min=-2.0572 max=1.8722
2026-01-08 01:20:44 | [LATENTS] mean=-0.0468 std=0.8239 min=-2.0573 max=1.8716
2026-01-08 01:21:12 | [LATENTS] mean=-0.0468 std=0.8239 min=-2.0574 max=1.8722
2026-01-08 01:21:39 | [LATENTS] mean=-0.0468 std=0.8239 min=-2.0572 max=1.8723
2026-01-08 01:22:08 | [LATENTS] mean=-0.0468 std=0.8239 min=-2.0573 max=1.8722
2026-01-08 01:22:36 | [LATENTS] mean=-0.0468 std=0.8239 min=-2.0574 max=1.8719
2026-01-08 01:23:04 | [LATENTS] mean=-0.0468 std=0.8239 min=-2.0573 max=1.8718
2026-01-08 01:23:32 | [LATENTS] mean=-0.0468 std=0.8239 min=-2.0572 max=1.8727
2026-01-08 01:24:00 | [LATENTS] mean=-0.0468 std=0.8239 min=-2.0571 max=1.8725
2026-01-08 01:24:27 | [LATENTS] mean=-0.0468 std=0.8239 min=-2.0573 max=1.8722
2026-01-08 01:24:56 | [LATENTS] mean=-0.0468 std=0.8239 min=-2.0573 max=1.8722
2026-01-08 01:25:24 | [LATENTS] mean=-0.0468 std=0.8239 min=-2.0572 max=1.8722
2026-01-08 01:25:52 | [LATENTS] mean=-0.0468 std=0.8239 min=-2.0573 max=1.8719
2026-01-08 01:26:20 | [LATENTS] mean=-0.0468 std=0.8239 min=-2.0572 max=1.8724
2026-01-08 01:26:48 | [LATENTS] mean=-0.0468 std=0.8239 min=-2.0573 max=1.8722
2026-01-08 01:27:16 | [LATENTS] mean=-0.0468 std=0.8239 min=-2.0573 max=1.8724
2026-01-08 01:27:44 | [LATENTS] mean=-0.0468 std=0.8239 min=-2.0574 max=1.8719
2026-01-08 01:28:12 | [LATENTS] mean=-0.0468 std=0.8239 min=-2.0572 max=1.8723
2026-01-08 01:28:12 | [CKPT] Saved checkpoint at step 80000
2026-01-08 01:28:40 | [LATENTS] mean=-0.0468 std=0.8239 min=-2.0572 max=1.8721
2026-01-08 01:29:08 | [LATENTS] mean=-0.0468 std=0.8239 min=-2.0573 max=1.8723
2026-01-08 01:29:36 | [LATENTS] mean=-0.0468 std=0.8239 min=-2.0573 max=1.8719
2026-01-08 01:30:04 | [LATENTS] mean=-0.0468 std=0.8239 min=-2.0573 max=1.8722
2026-01-08 01:30:31 | [LATENTS] mean=-0.0468 std=0.8239 min=-2.0573 max=1.8723
2026-01-08 01:30:59 | [LATENTS] mean=-0.0468 std=0.8239 min=-2.0571 max=1.8719
2026-01-08 01:31:27 | [LATENTS] mean=-0.0468 std=0.8239 min=-2.0573 max=1.8724
2026-01-08 01:31:55 | [LATENTS] mean=-0.0468 std=0.8239 min=-2.0573 max=1.8721
2026-01-08 01:32:23 | [LATENTS] mean=-0.0468 std=0.8239 min=-2.0572 max=1.8721
2026-01-08 01:32:50 | [LATENTS] mean=-0.0468 std=0.8239 min=-2.0573 max=1.8720
2026-01-08 01:33:18 | [LATENTS] mean=-0.0468 std=0.8239 min=-2.0574 max=1.8725
2026-01-08 01:33:46 | [LATENTS] mean=-0.0468 std=0.8239 min=-2.0573 max=1.8722
2026-01-08 01:34:15 | [LATENTS] mean=-0.0468 std=0.8239 min=-2.0572 max=1.8719
2026-01-08 01:34:43 | [LATENTS] mean=-0.0468 std=0.8239 min=-2.0573 max=1.8723
2026-01-08 01:35:11 | [LATENTS] mean=-0.0468 std=0.8239 min=-2.0573 max=1.8722
2026-01-08 01:35:39 | [LATENTS] mean=-0.0468 std=0.8239 min=-2.0573 max=1.8717
2026-01-08 01:36:07 | [LATENTS] mean=-0.0468 std=0.8239 min=-2.0573 max=1.8721
2026-01-08 01:36:36 | [LATENTS] mean=-0.0468 std=0.8239 min=-2.0574 max=1.8719
2026-01-08 01:37:04 | [LATENTS] mean=-0.0468 std=0.8239 min=-2.0574 max=1.8725
2026-01-08 01:37:31 | [LATENTS] mean=-0.0468 std=0.8239 min=-2.0575 max=1.8720
2026-01-08 01:37:59 | [LATENTS] mean=-0.0468 std=0.8239 min=-2.0573 max=1.8721
2026-01-08 01:38:27 | [LATENTS] mean=-0.0468 std=0.8239 min=-2.0572 max=1.8724
2026-01-08 01:38:55 | [LATENTS] mean=-0.0468 std=0.8239 min=-2.0573 max=1.8718
2026-01-08 01:39:23 | [LATENTS] mean=-0.0468 std=0.8239 min=-2.0573 max=1.8724
2026-01-08 01:39:51 | [LATENTS] mean=-0.0468 std=0.8239 min=-2.0572 max=1.8719
2026-01-08 01:40:19 | [LATENTS] mean=-0.0468 std=0.8239 min=-2.0573 max=1.8720
2026-01-08 01:40:47 | [LATENTS] mean=-0.0468 std=0.8239 min=-2.0572 max=1.8726
2026-01-08 01:41:15 | [LATENTS] mean=-0.0468 std=0.8239 min=-2.0573 max=1.8722
2026-01-08 01:41:43 | [LATENTS] mean=-0.0468 std=0.8239 min=-2.0575 max=1.8720
2026-01-08 01:42:11 | [LATENTS] mean=-0.0468 std=0.8239 min=-2.0573 max=1.8722
2026-01-08 01:42:39 | [LATENTS] mean=-0.0468 std=0.8239 min=-2.0574 max=1.8718
2026-01-08 01:43:07 | [LATENTS] mean=-0.0468 std=0.8239 min=-2.0571 max=1.8722
2026-01-08 01:43:36 | [LATENTS] mean=-0.0468 std=0.8239 min=-2.0572 max=1.8727
2026-01-08 01:44:03 | [LATENTS] mean=-0.0468 std=0.8239 min=-2.0573 max=1.8726
2026-01-08 01:44:31 | [LATENTS] mean=-0.0468 std=0.8239 min=-2.0573 max=1.8725
2026-01-08 01:44:59 | [LATENTS] mean=-0.0468 std=0.8239 min=-2.0573 max=1.8722
2026-01-08 01:45:27 | [LATENTS] mean=-0.0468 std=0.8239 min=-2.0572 max=1.8722
2026-01-08 01:45:55 | [LATENTS] mean=-0.0468 std=0.8239 min=-2.0573 max=1.8719
2026-01-08 01:46:23 | [LATENTS] mean=-0.0468 std=0.8239 min=-2.0572 max=1.8721
2026-01-08 01:46:51 | [LATENTS] mean=-0.0468 std=0.8239 min=-2.0572 max=1.8727
2026-01-08 01:47:19 | [LATENTS] mean=-0.0468 std=0.8239 min=-2.0571 max=1.8724
2026-01-08 01:47:48 | [LATENTS] mean=-0.0468 std=0.8239 min=-2.0572 max=1.8722
2026-01-08 01:48:16 | [LATENTS] mean=-0.0468 std=0.8239 min=-2.0573 max=1.8724
2026-01-08 01:48:44 | [LATENTS] mean=-0.0468 std=0.8239 min=-2.0573 max=1.8722
2026-01-08 01:49:12 | [LATENTS] mean=-0.0468 std=0.8239 min=-2.0572 max=1.8723
2026-01-08 01:49:40 | [LATENTS] mean=-0.0468 std=0.8239 min=-2.0573 max=1.8725
2026-01-08 01:50:09 | [LATENTS] mean=-0.0468 std=0.8239 min=-2.0573 max=1.8723
2026-01-08 01:50:36 | [LATENTS] mean=-0.0468 std=0.8239 min=-2.0574 max=1.8721
2026-01-08 01:51:05 | [LATENTS] mean=-0.0468 std=0.8239 min=-2.0575 max=1.8724
2026-01-08 01:51:33 | [LATENTS] mean=-0.0468 std=0.8239 min=-2.0572 max=1.8717
2026-01-08 01:51:33 | [CKPT] Saved checkpoint at step 90000
2026-01-08 01:52:01 | [LATENTS] mean=-0.0468 std=0.8239 min=-2.0573 max=1.8723
2026-01-08 01:52:30 | [LATENTS] mean=-0.0468 std=0.8239 min=-2.0573 max=1.8724
2026-01-08 01:52:57 | [LATENTS] mean=-0.0468 std=0.8239 min=-2.0574 max=1.8722
2026-01-08 01:53:25 | [LATENTS] mean=-0.0468 std=0.8239 min=-2.0572 max=1.8718
2026-01-08 01:53:54 | [LATENTS] mean=-0.0468 std=0.8239 min=-2.0573 max=1.8718
2026-01-08 01:54:22 | [LATENTS] mean=-0.0468 std=0.8239 min=-2.0572 max=1.8724
2026-01-08 01:54:47 | [LATENTS] mean=-0.0468 std=0.8239 min=-2.0572 max=1.8723
2026-01-08 01:55:14 | [LATENTS] mean=-0.0468 std=0.8239 min=-2.0573 max=1.8721
2026-01-08 01:55:43 | [LATENTS] mean=-0.0468 std=0.8239 min=-2.0574 max=1.8722
2026-01-08 01:56:11 | [LATENTS] mean=-0.0468 std=0.8239 min=-2.0574 max=1.8724
2026-01-08 01:56:39 | [LATENTS] mean=-0.0468 std=0.8239 min=-2.0574 max=1.8724
2026-01-08 01:57:07 | [LATENTS] mean=-0.0468 std=0.8239 min=-2.0573 max=1.8723
2026-01-08 01:57:35 | [LATENTS] mean=-0.0468 std=0.8239 min=-2.0572 max=1.8722
2026-01-08 01:58:03 | [LATENTS] mean=-0.0468 std=0.8239 min=-2.0573 max=1.8720
2026-01-08 01:58:31 | [LATENTS] mean=-0.0468 std=0.8239 min=-2.0573 max=1.8721
2026-01-08 01:58:59 | [LATENTS] mean=-0.0468 std=0.8239 min=-2.0572 max=1.8723
2026-01-08 01:59:26 | [LATENTS] mean=-0.0468 std=0.8239 min=-2.0573 max=1.8721
2026-01-08 01:59:55 | [LATENTS] mean=-0.0468 std=0.8239 min=-2.0573 max=1.8720
2026-01-08 02:00:23 | [LATENTS] mean=-0.0468 std=0.8239 min=-2.0573 max=1.8724
2026-01-08 02:00:51 | [LATENTS] mean=-0.0468 std=0.8239 min=-2.0572 max=1.8722
2026-01-08 02:01:19 | [LATENTS] mean=-0.0468 std=0.8239 min=-2.0573 max=1.8720
2026-01-08 02:01:47 | [LATENTS] mean=-0.0468 std=0.8239 min=-2.0573 max=1.8723
2026-01-08 02:02:15 | [LATENTS] mean=-0.0468 std=0.8239 min=-2.0571 max=1.8720
2026-01-08 02:02:43 | [LATENTS] mean=-0.0468 std=0.8239 min=-2.0572 max=1.8721
2026-01-08 02:03:11 | [LATENTS] mean=-0.0468 std=0.8239 min=-2.0574 max=1.8717
2026-01-08 02:03:38 | [LATENTS] mean=-0.0468 std=0.8239 min=-2.0573 max=1.8725
2026-01-08 02:04:06 | [LATENTS] mean=-0.0468 std=0.8239 min=-2.0572 max=1.8722
2026-01-08 02:04:34 | [LATENTS] mean=-0.0468 std=0.8239 min=-2.0572 max=1.8720
2026-01-08 02:05:03 | [LATENTS] mean=-0.0468 std=0.8239 min=-2.0575 max=1.8720
2026-01-08 02:05:31 | [LATENTS] mean=-0.0468 std=0.8239 min=-2.0573 max=1.8718
2026-01-08 02:05:59 | [LATENTS] mean=-0.0468 std=0.8239 min=-2.0572 max=1.8720
2026-01-08 02:06:27 | [LATENTS] mean=-0.0468 std=0.8239 min=-2.0573 max=1.8722
2026-01-08 02:06:55 | [LATENTS] mean=-0.0468 std=0.8239 min=-2.0573 max=1.8723
2026-01-08 02:07:23 | [LATENTS] mean=-0.0468 std=0.8239 min=-2.0572 max=1.8724
2026-01-08 02:07:51 | [LATENTS] mean=-0.0468 std=0.8239 min=-2.0574 max=1.8723
2026-01-08 02:08:19 | [LATENTS] mean=-0.0468 std=0.8239 min=-2.0572 max=1.8717
2026-01-08 02:08:47 | [LATENTS] mean=-0.0468 std=0.8239 min=-2.0571 max=1.8726
2026-01-08 02:09:16 | [LATENTS] mean=-0.0468 std=0.8239 min=-2.0571 max=1.8718
2026-01-08 02:09:44 | [LATENTS] mean=-0.0468 std=0.8239 min=-2.0573 max=1.8726
2026-01-08 02:10:12 | [LATENTS] mean=-0.0468 std=0.8239 min=-2.0572 max=1.8721
2026-01-08 02:10:40 | [LATENTS] mean=-0.0468 std=0.8239 min=-2.0571 max=1.8722
2026-01-08 02:11:08 | [LATENTS] mean=-0.0468 std=0.8239 min=-2.0571 max=1.8717
2026-01-08 02:11:36 | [LATENTS] mean=-0.0468 std=0.8239 min=-2.0573 max=1.8721
2026-01-08 02:12:05 | [LATENTS] mean=-0.0468 std=0.8239 min=-2.0574 max=1.8720
2026-01-08 02:12:32 | [LATENTS] mean=-0.0468 std=0.8239 min=-2.0572 max=1.8723
2026-01-08 02:13:01 | [LATENTS] mean=-0.0468 std=0.8239 min=-2.0573 max=1.8719
2026-01-08 02:13:29 | [LATENTS] mean=-0.0468 std=0.8239 min=-2.0574 max=1.8723
2026-01-08 02:13:57 | [LATENTS] mean=-0.0468 std=0.8239 min=-2.0573 max=1.8723
2026-01-08 02:14:25 | [LATENTS] mean=-0.0468 std=0.8239 min=-2.0573 max=1.8720
2026-01-08 02:14:52 | [LATENTS] mean=-0.0468 std=0.8239 min=-2.0572 max=1.8717
2026-01-08 02:14:52 | [CKPT] Saved checkpoint at step 100000
2026-01-08 02:14:52 | [DONE] Training finished. Saved final models.
