2025-12-30 10:30:24 | [Config] image_size=256 batch_size=4 num_workers=4
2025-12-30 10:30:24 | [Config] lr(fixed)=1e-05 weight_decay=0.01 max_steps=20000
2025-12-30 10:30:24 | [Config] cond_dropout_prob=0.0
2025-12-30 10:30:24 | [Config] scaling_factor(yaml)=0.27
2025-12-30 10:30:24 | [Config] prediction_type(yaml)=sample
2025-12-30 10:30:42 | [VAE] Loaded from ./experiments/new_retry_train_vae/ckpt_step5000 (frozen)
2025-12-30 10:30:43 | [UNet] Configured: in=4, out=4
2025-12-30 10:30:44 | [ENC] NumericEncoder: cond_dim=2, hidden=768, seq_len=16
2025-12-30 10:30:44 | [Scheduler] num_train_timesteps=1000 prediction_type=sample
2025-12-30 10:30:44 | [DATA] N=1600 images from ./train_data_cont
2025-12-30 10:30:44 | [DATA] Calculating cond mean/std (up to 2000 samples)...
2025-12-30 10:34:44 | [ENC] Set Norm: mean=[23945.297 12078.565], std=[ 730.63495 4146.7085 ]
2025-12-30 10:34:44 | [ENC] Saved cond stats to experiments/latent_train_unet_with_vae_withoutcfg_withoutdropout/cond_mean.npy and experiments/latent_train_unet_with_vae_withoutcfg_withoutdropout/cond_std.npy
2025-12-30 10:34:44 | [OPT] Using fixed learning rate (no scheduler).
2025-12-30 10:39:45 | [LATENTS] Saved latent_mean=0.528392 to experiments/latent_train_unet_with_vae_withoutcfg_withoutdropout/latent_mean.npy
2025-12-30 10:40:01 | [LATENTS] mean=0.5277 std=0.9951 min=-3.0898 max=3.2567
2025-12-30 10:40:23 | [LATENTS] mean=0.5281 std=0.9951 min=-3.0891 max=3.2573
2025-12-30 10:40:44 | [LATENTS] mean=0.5277 std=0.9951 min=-3.0907 max=3.2576
2025-12-30 10:41:06 | [LATENTS] mean=0.5278 std=0.9950 min=-3.0898 max=3.2583
2025-12-30 10:41:28 | [LATENTS] mean=0.5279 std=0.9951 min=-3.0890 max=3.2579
2025-12-30 10:41:49 | [LATENTS] mean=0.5279 std=0.9950 min=-3.0909 max=3.2570
2025-12-30 10:42:11 | [LATENTS] mean=0.5279 std=0.9950 min=-3.0916 max=3.2568
2025-12-30 10:42:32 | [LATENTS] mean=0.5280 std=0.9950 min=-3.0903 max=3.2566
2025-12-30 10:42:54 | [LATENTS] mean=0.5278 std=0.9950 min=-3.0909 max=3.2555
2025-12-30 10:43:15 | [LATENTS] mean=0.5281 std=0.9951 min=-3.0889 max=3.2567
2025-12-30 10:43:36 | [LATENTS] mean=0.5278 std=0.9950 min=-3.0903 max=3.2569
2025-12-30 10:43:58 | [LATENTS] mean=0.5279 std=0.9951 min=-3.0889 max=3.2579
2025-12-30 10:44:19 | [LATENTS] mean=0.5279 std=0.9951 min=-3.0897 max=3.2566
2025-12-30 10:44:40 | [LATENTS] mean=0.5279 std=0.9951 min=-3.0903 max=3.2580
2025-12-30 10:45:02 | [LATENTS] mean=0.5276 std=0.9950 min=-3.0899 max=3.2572
2025-12-30 10:45:24 | [LATENTS] mean=0.5279 std=0.9951 min=-3.0900 max=3.2583
2025-12-30 10:45:45 | [LATENTS] mean=0.5278 std=0.9950 min=-3.0888 max=3.2565
2025-12-30 10:46:07 | [LATENTS] mean=0.5279 std=0.9951 min=-3.0899 max=3.2579
2025-12-30 10:46:29 | [LATENTS] mean=0.5279 std=0.9951 min=-3.0883 max=3.2569
2025-12-30 10:46:50 | [LATENTS] mean=0.5278 std=0.9951 min=-3.0908 max=3.2577
2025-12-30 10:46:51 | [CKPT] Saved checkpoint at step 4000
2025-12-30 10:47:13 | [LATENTS] mean=0.5277 std=0.9952 min=-3.0881 max=3.2577
2025-12-30 10:47:35 | [LATENTS] mean=0.5280 std=0.9950 min=-3.0889 max=3.2584
2025-12-30 10:47:56 | [LATENTS] mean=0.5279 std=0.9951 min=-3.0908 max=3.2561
2025-12-30 10:48:17 | [LATENTS] mean=0.5280 std=0.9951 min=-3.0909 max=3.2579
2025-12-30 10:48:38 | [LATENTS] mean=0.5279 std=0.9950 min=-3.0898 max=3.2566
2025-12-30 10:48:58 | [LATENTS] mean=0.5279 std=0.9951 min=-3.0895 max=3.2571
2025-12-30 10:49:19 | [LATENTS] mean=0.5280 std=0.9950 min=-3.0879 max=3.2578
2025-12-30 10:49:41 | [LATENTS] mean=0.5280 std=0.9950 min=-3.0902 max=3.2575
2025-12-30 10:50:02 | [LATENTS] mean=0.5277 std=0.9950 min=-3.0895 max=3.2572
2025-12-30 10:50:23 | [LATENTS] mean=0.5281 std=0.9951 min=-3.0898 max=3.2579
2025-12-30 10:50:45 | [LATENTS] mean=0.5280 std=0.9950 min=-3.0893 max=3.2583
2025-12-30 10:51:06 | [LATENTS] mean=0.5279 std=0.9949 min=-3.0895 max=3.2574
2025-12-30 10:51:28 | [LATENTS] mean=0.5278 std=0.9950 min=-3.0897 max=3.2572
2025-12-30 10:51:49 | [LATENTS] mean=0.5281 std=0.9950 min=-3.0902 max=3.2570
2025-12-30 10:52:10 | [LATENTS] mean=0.5279 std=0.9951 min=-3.0893 max=3.2582
2025-12-30 10:52:30 | [LATENTS] mean=0.5280 std=0.9950 min=-3.0892 max=3.2581
2025-12-30 10:52:51 | [LATENTS] mean=0.5277 std=0.9950 min=-3.0888 max=3.2575
2025-12-30 10:53:12 | [LATENTS] mean=0.5276 std=0.9950 min=-3.0904 max=3.2581
2025-12-30 10:53:33 | [LATENTS] mean=0.5277 std=0.9950 min=-3.0901 max=3.2579
2025-12-30 10:53:54 | [LATENTS] mean=0.5280 std=0.9951 min=-3.0894 max=3.2575
2025-12-30 10:53:54 | [CKPT] Saved checkpoint at step 8000
2025-12-30 10:54:15 | [LATENTS] mean=0.5279 std=0.9951 min=-3.0889 max=3.2572
2025-12-30 10:54:36 | [LATENTS] mean=0.5276 std=0.9950 min=-3.0896 max=3.2581
2025-12-30 10:54:57 | [LATENTS] mean=0.5278 std=0.9950 min=-3.0896 max=3.2568
2025-12-30 10:55:17 | [LATENTS] mean=0.5277 std=0.9950 min=-3.0897 max=3.2565
2025-12-30 10:55:38 | [LATENTS] mean=0.5283 std=0.9950 min=-3.0890 max=3.2572
2025-12-30 10:55:59 | [LATENTS] mean=0.5278 std=0.9950 min=-3.0912 max=3.2570
2025-12-30 10:56:20 | [LATENTS] mean=0.5279 std=0.9952 min=-3.0892 max=3.2580
2025-12-30 10:56:41 | [LATENTS] mean=0.5278 std=0.9951 min=-3.0889 max=3.2573
2025-12-30 10:57:02 | [LATENTS] mean=0.5284 std=0.9951 min=-3.0904 max=3.2570
2025-12-30 10:57:23 | [LATENTS] mean=0.5275 std=0.9951 min=-3.0876 max=3.2571
2025-12-30 10:57:44 | [LATENTS] mean=0.5276 std=0.9950 min=-3.0899 max=3.2587
2025-12-30 10:58:06 | [LATENTS] mean=0.5274 std=0.9950 min=-3.0888 max=3.2571
2025-12-30 10:58:27 | [LATENTS] mean=0.5277 std=0.9950 min=-3.0900 max=3.2575
2025-12-30 10:58:49 | [LATENTS] mean=0.5275 std=0.9951 min=-3.0898 max=3.2558
2025-12-30 10:59:11 | [LATENTS] mean=0.5282 std=0.9950 min=-3.0905 max=3.2571
2025-12-30 10:59:32 | [LATENTS] mean=0.5278 std=0.9950 min=-3.0904 max=3.2575
2025-12-30 10:59:54 | [LATENTS] mean=0.5280 std=0.9951 min=-3.0901 max=3.2566
2025-12-30 11:00:15 | [LATENTS] mean=0.5281 std=0.9950 min=-3.0897 max=3.2569
2025-12-30 11:00:36 | [LATENTS] mean=0.5277 std=0.9950 min=-3.0881 max=3.2578
2025-12-30 11:00:57 | [LATENTS] mean=0.5279 std=0.9950 min=-3.0904 max=3.2580
2025-12-30 11:00:57 | [CKPT] Saved checkpoint at step 12000
2025-12-30 11:01:18 | [LATENTS] mean=0.5281 std=0.9951 min=-3.0904 max=3.2560
2025-12-30 11:01:39 | [LATENTS] mean=0.5281 std=0.9950 min=-3.0895 max=3.2562
2025-12-30 11:02:01 | [LATENTS] mean=0.5276 std=0.9951 min=-3.0889 max=3.2578
2025-12-30 11:02:22 | [LATENTS] mean=0.5279 std=0.9951 min=-3.0891 max=3.2563
2025-12-30 11:02:43 | [LATENTS] mean=0.5279 std=0.9951 min=-3.0897 max=3.2562
2025-12-30 11:03:04 | [LATENTS] mean=0.5279 std=0.9951 min=-3.0905 max=3.2566
2025-12-30 11:03:26 | [LATENTS] mean=0.5281 std=0.9950 min=-3.0892 max=3.2581
2025-12-30 11:03:47 | [LATENTS] mean=0.5278 std=0.9950 min=-3.0890 max=3.2563
2025-12-30 11:04:08 | [LATENTS] mean=0.5278 std=0.9951 min=-3.0883 max=3.2572
2025-12-30 11:04:29 | [LATENTS] mean=0.5280 std=0.9950 min=-3.0888 max=3.2569
2025-12-30 11:04:50 | [LATENTS] mean=0.5277 std=0.9951 min=-3.0895 max=3.2579
2025-12-30 11:05:11 | [LATENTS] mean=0.5275 std=0.9951 min=-3.0908 max=3.2576
2025-12-30 11:05:32 | [LATENTS] mean=0.5284 std=0.9950 min=-3.0905 max=3.2556
2025-12-30 11:05:53 | [LATENTS] mean=0.5279 std=0.9951 min=-3.0894 max=3.2570
2025-12-30 11:06:15 | [LATENTS] mean=0.5281 std=0.9951 min=-3.0892 max=3.2572
2025-12-30 11:06:36 | [LATENTS] mean=0.5277 std=0.9950 min=-3.0890 max=3.2576
2025-12-30 11:06:58 | [LATENTS] mean=0.5277 std=0.9949 min=-3.0901 max=3.2573
2025-12-30 11:07:19 | [LATENTS] mean=0.5277 std=0.9950 min=-3.0912 max=3.2567
2025-12-30 11:07:40 | [LATENTS] mean=0.5281 std=0.9950 min=-3.0908 max=3.2564
2025-12-30 11:08:01 | [LATENTS] mean=0.5278 std=0.9952 min=-3.0888 max=3.2564
2025-12-30 11:08:01 | [CKPT] Saved checkpoint at step 16000
2025-12-30 11:08:23 | [LATENTS] mean=0.5280 std=0.9950 min=-3.0903 max=3.2565
2025-12-30 11:08:45 | [LATENTS] mean=0.5273 std=0.9949 min=-3.0895 max=3.2556
2025-12-30 11:09:07 | [LATENTS] mean=0.5279 std=0.9951 min=-3.0892 max=3.2569
2025-12-30 11:09:28 | [LATENTS] mean=0.5280 std=0.9951 min=-3.0894 max=3.2568
2025-12-30 11:09:50 | [LATENTS] mean=0.5279 std=0.9949 min=-3.0900 max=3.2567
2025-12-30 11:10:11 | [LATENTS] mean=0.5279 std=0.9951 min=-3.0910 max=3.2580
2025-12-30 11:10:33 | [LATENTS] mean=0.5277 std=0.9950 min=-3.0905 max=3.2583
2025-12-30 11:10:54 | [LATENTS] mean=0.5275 std=0.9950 min=-3.0918 max=3.2558
2025-12-30 11:11:15 | [LATENTS] mean=0.5276 std=0.9951 min=-3.0898 max=3.2573
2025-12-30 11:11:36 | [LATENTS] mean=0.5278 std=0.9951 min=-3.0908 max=3.2584
2025-12-30 11:11:57 | [LATENTS] mean=0.5278 std=0.9951 min=-3.0886 max=3.2577
2025-12-30 11:12:19 | [LATENTS] mean=0.5279 std=0.9950 min=-3.0896 max=3.2569
2025-12-30 11:12:40 | [LATENTS] mean=0.5279 std=0.9950 min=-3.0918 max=3.2584
2025-12-30 11:13:01 | [LATENTS] mean=0.5281 std=0.9951 min=-3.0894 max=3.2576
2025-12-30 11:13:23 | [LATENTS] mean=0.5279 std=0.9950 min=-3.0910 max=3.2576
2025-12-30 11:13:44 | [LATENTS] mean=0.5276 std=0.9951 min=-3.0870 max=3.2571
2025-12-30 11:14:05 | [LATENTS] mean=0.5276 std=0.9950 min=-3.0891 max=3.2579
2025-12-30 11:14:26 | [LATENTS] mean=0.5280 std=0.9950 min=-3.0890 max=3.2575
2025-12-30 11:14:48 | [LATENTS] mean=0.5278 std=0.9950 min=-3.0908 max=3.2567
2025-12-30 11:15:09 | [LATENTS] mean=0.5281 std=0.9950 min=-3.0891 max=3.2561
2025-12-30 11:15:09 | [CKPT] Saved checkpoint at step 20000
2025-12-30 11:15:09 | [DONE] Training finished. Saved final models.
