2026-01-07 14:47:01 | [Config] image_size=256 batch_size=4 num_workers=4
2026-01-07 14:47:01 | [Config] lr(fixed)=5e-06 weight_decay=0.01 max_steps=4000
2026-01-07 14:47:01 | [Config] cond_dropout_prob=0.0
2026-01-07 14:47:01 | [Config] scaling_factor(yaml)=0.27
2026-01-07 14:47:01 | [Config] prediction_type(yaml)=sample
2026-01-07 14:47:06 | [VAE] Loaded from /workspace/latent-v2/experiments/latent_train_vae/ckpt_step3000 (frozen)
2026-01-07 14:47:07 | [UNet] Configured: in=4, out=4
2026-01-07 14:47:07 | [ENC] NumericEncoder: cond_dim=3, hidden=768, seq_len=16
2026-01-07 14:47:07 | [Scheduler] num_train_timesteps=1000 prediction_type=sample
2026-01-07 14:47:07 | [DATA] N=1800 images from /workspace/latent-v2/dataset_split/train
2026-01-07 14:47:07 | [DATA] Calculating cond mean/std (up to 2000 samples)...
2026-01-07 14:49:42 | [ENC] Set Norm: mean=[23952.049  12115.994   6955.5796], std=[ 732.16364 4150.056   3199.09   ]
2026-01-07 14:49:42 | [ENC] Saved cond stats to /workspace/latent-v2/experiments/latent_train_unet/cond_mean.npy and /workspace/latent-v2/experiments/latent_train_unet/cond_std.npy
2026-01-07 14:49:42 | [OPT] Using fixed learning rate (no scheduler).
2026-01-07 14:50:01 | [LATENTS] Saved latent_mean=-0.343174 to /workspace/latent-v2/experiments/latent_train_unet/latent_mean.npy
2026-01-07 14:50:35 | [LATENTS] mean=-0.3434 std=0.5700 min=-2.4535 max=2.1793
2026-01-07 14:51:18 | [LATENTS] mean=-0.3435 std=0.5700 min=-2.4526 max=2.1786
2026-01-07 14:52:02 | [LATENTS] mean=-0.3436 std=0.5702 min=-2.4529 max=2.1792
2026-01-07 14:52:47 | [LATENTS] mean=-0.3434 std=0.5701 min=-2.4530 max=2.1793
2026-01-07 14:53:31 | [LATENTS] mean=-0.3435 std=0.5700 min=-2.4535 max=2.1791
2026-01-07 14:53:32 | [CKPT] Saved checkpoint at step 1000
