2026-02-09 09:30:22 | [Config] image_size=256 batch_size=4 num_workers=4
2026-02-09 09:30:22 | [Config] lr(fixed)=5e-06 weight_decay=0.01 max_steps=10000
2026-02-09 09:30:22 | [Config] cond_dropout_prob=0.0
2026-02-09 09:30:22 | [Config] scaling_factor(yaml)=0.27
2026-02-09 09:30:22 | [Config] prediction_type(yaml)=sample
2026-02-09 09:30:28 | [VAE] Loaded from /workspace/latent-v2/experiments/latent_train_vae/final (frozen)
2026-02-09 09:30:28 | [UNet] Configured: in=4, out=4
2026-02-09 09:30:28 | [ENC] NumericEncoder: cond_dim=3, hidden=768, seq_len=16
2026-02-09 09:30:28 | [Scheduler] num_train_timesteps=1000 prediction_type=sample
2026-02-09 09:30:28 | [DATA] N=1800 images from /workspace/latent-v2/dataset_split/train
2026-02-09 09:30:28 | [DATA] Calculating cond mean/std (up to 2000 samples)...
2026-02-09 09:31:01 | [ENC] Set Norm: mean=[23952.049  12115.994   6955.5796], std=[ 732.16364 4150.056   3199.09   ]
2026-02-09 09:31:01 | [ENC] Saved cond stats to /workspace/latent-v2/experiments/loss_correction2_latent_train_unet_without_dropout/cond_mean.npy and /workspace/latent-v2/experiments/loss_correction2_latent_train_unet_without_dropout/cond_std.npy
2026-02-09 09:31:01 | [OPT] Using fixed learning rate (no scheduler).
2026-02-09 09:31:28 | [LATENTS] Saved latent_mean=-0.188098 to /workspace/latent-v2/experiments/loss_correction2_latent_train_unet_without_dropout/latent_mean.npy
2026-02-09 09:31:42 | [LATENTS] mean=-0.1560 std=0.7711 min=-2.0036 max=1.5594
2026-02-09 09:32:03 | [LATENTS] mean=-0.1704 std=0.7691 min=-2.0208 max=1.6045
2026-02-09 09:32:23 | [LATENTS] mean=-0.2138 std=0.7582 min=-1.9970 max=1.5703
2026-02-09 09:32:43 | [LATENTS] mean=-0.1117 std=0.7711 min=-1.9664 max=1.5513
2026-02-09 09:33:04 | [LATENTS] mean=-0.0665 std=0.8075 min=-1.9854 max=1.6440
2026-02-09 09:33:24 | [LATENTS] mean=0.0494 std=0.8713 min=-2.0131 max=1.7328
2026-02-09 09:33:44 | [LATENTS] mean=-0.0687 std=0.8407 min=-2.0089 max=1.6351
2026-02-09 09:34:05 | [LATENTS] mean=-0.1641 std=0.7720 min=-2.0707 max=1.7159
2026-02-09 09:34:25 | [LATENTS] mean=-0.0378 std=0.8296 min=-1.9410 max=1.6421
2026-02-09 09:34:45 | [LATENTS] mean=-0.1370 std=0.7827 min=-1.9087 max=1.7505
2026-02-09 09:34:46 | [CKPT] Saved checkpoint at step 2000
2026-02-09 09:35:06 | [LATENTS] mean=-0.2470 std=0.7536 min=-1.9313 max=1.6375
2026-02-09 09:35:26 | [LATENTS] mean=-0.0297 std=0.8289 min=-2.0318 max=1.5574
2026-02-09 09:35:46 | [LATENTS] mean=-0.0416 std=0.8162 min=-2.0251 max=1.7084
2026-02-09 09:36:07 | [LATENTS] mean=-0.1933 std=0.7628 min=-2.1153 max=1.6161
2026-02-09 09:36:27 | [LATENTS] mean=-0.0774 std=0.7951 min=-2.1161 max=1.7712
2026-02-09 09:36:48 | [LATENTS] mean=-0.1073 std=0.7930 min=-1.9913 max=1.7159
2026-02-09 09:37:08 | [LATENTS] mean=-0.2208 std=0.7473 min=-1.9136 max=1.6048
2026-02-09 09:37:28 | [LATENTS] mean=-0.0410 std=0.8277 min=-1.9316 max=1.6849
2026-02-09 09:37:48 | [LATENTS] mean=-0.0338 std=0.8263 min=-2.0360 max=1.6304
2026-02-09 09:38:08 | [LATENTS] mean=-0.0746 std=0.8420 min=-2.0767 max=1.7819
2026-02-09 09:38:08 | [CKPT] Saved checkpoint at step 4000
2026-02-09 09:38:29 | [LATENTS] mean=-0.0868 std=0.8170 min=-2.3555 max=1.6616
2026-02-09 09:38:49 | [LATENTS] mean=-0.2652 std=0.7385 min=-1.9240 max=1.5242
2026-02-09 09:39:10 | [LATENTS] mean=0.0286 std=0.8556 min=-2.1269 max=1.7001
2026-02-09 09:39:30 | [LATENTS] mean=-0.2464 std=0.7503 min=-1.9351 max=1.5622
2026-02-09 09:39:51 | [LATENTS] mean=-0.1363 std=0.7986 min=-2.0643 max=1.6916
2026-02-09 09:40:11 | [LATENTS] mean=-0.1636 std=0.7899 min=-2.1298 max=1.8150
2026-02-09 09:40:31 | [LATENTS] mean=-0.1053 std=0.8223 min=-1.9791 max=1.8513
2026-02-09 09:40:52 | [LATENTS] mean=-0.0378 std=0.8417 min=-2.1049 max=1.6510
2026-02-09 09:41:12 | [LATENTS] mean=-0.2466 std=0.7614 min=-1.9603 max=1.5997
2026-02-09 09:41:33 | [LATENTS] mean=-0.0909 std=0.8303 min=-2.2671 max=1.6128
2026-02-09 09:41:33 | [CKPT] Saved checkpoint at step 6000
2026-02-09 09:41:53 | [LATENTS] mean=-0.0667 std=0.8037 min=-1.8934 max=1.7883
2026-02-09 09:42:13 | [LATENTS] mean=0.0552 std=0.8634 min=-2.3306 max=1.7204
2026-02-09 09:42:34 | [LATENTS] mean=-0.1234 std=0.8049 min=-2.0228 max=1.7186
2026-02-09 09:42:54 | [LATENTS] mean=-0.1198 std=0.7922 min=-1.8782 max=1.6102
2026-02-09 09:43:14 | [LATENTS] mean=-0.0500 std=0.8115 min=-2.1289 max=1.6116
2026-02-09 09:43:34 | [LATENTS] mean=-0.0579 std=0.8579 min=-1.9988 max=1.7808
2026-02-09 09:43:55 | [LATENTS] mean=-0.2046 std=0.7520 min=-1.8638 max=1.7054
2026-02-09 09:44:15 | [LATENTS] mean=-0.1460 std=0.7869 min=-2.1161 max=1.6446
2026-02-09 09:44:36 | [LATENTS] mean=0.0201 std=0.8549 min=-2.2354 max=1.6958
2026-02-09 09:44:56 | [LATENTS] mean=-0.0243 std=0.8556 min=-1.9356 max=1.7883
2026-02-09 09:44:56 | [CKPT] Saved checkpoint at step 8000
2026-02-09 09:45:17 | [LATENTS] mean=-0.0108 std=0.8503 min=-2.0020 max=1.6005
2026-02-09 09:45:37 | [LATENTS] mean=-0.1277 std=0.8153 min=-1.8752 max=1.5964
2026-02-09 09:45:58 | [LATENTS] mean=0.0436 std=0.8442 min=-2.1943 max=1.6785
2026-02-09 09:46:18 | [LATENTS] mean=-0.1824 std=0.7724 min=-2.0397 max=1.6796
2026-02-09 09:46:38 | [LATENTS] mean=-0.0500 std=0.8354 min=-2.0767 max=1.7819
2026-02-09 09:46:58 | [LATENTS] mean=-0.0896 std=0.7764 min=-1.9914 max=1.7757
2026-02-09 09:47:19 | [LATENTS] mean=-0.1331 std=0.7893 min=-2.0187 max=1.6148
2026-02-09 09:47:39 | [LATENTS] mean=0.0541 std=0.8557 min=-2.2126 max=1.8171
2026-02-09 09:47:59 | [LATENTS] mean=0.0210 std=0.8421 min=-2.2250 max=1.6128
2026-02-09 09:48:20 | [LATENTS] mean=0.0748 std=0.8701 min=-2.2159 max=1.6116
2026-02-09 09:48:20 | [CKPT] Saved checkpoint at step 10000
2026-02-09 09:48:20 | [DONE] Training finished. Saved final models.
