2026-02-05 14:04:01 | [Config] image_size=256 batch_size=16 num_workers=4
2026-02-05 14:04:01 | [Config] lr(fixed)=5e-06 weight_decay=0.01 max_steps=10000
2026-02-05 14:04:01 | [Config] cond_dropout_prob=0.0
2026-02-05 14:04:01 | [Config] scaling_factor(yaml)=0.27
2026-02-05 14:04:01 | [Config] prediction_type(yaml)=sample
2026-02-05 14:04:02 | [VAE] Loaded from /workspace/experiments/latent_train_vae/final (frozen)
2026-02-05 14:04:02 | [UNet] Configured: in=4, out=4
2026-02-05 14:04:02 | [ENC] NumericEncoder: cond_dim=3, hidden=768, seq_len=16
2026-02-05 14:04:02 | [Scheduler] num_train_timesteps=1000 prediction_type=sample
2026-02-05 14:04:02 | [DATA] N=1800 images from /workspace/dataset_split/train
2026-02-05 14:04:02 | [DATA] Calculating cond mean/std (up to 2000 samples)...
2026-02-05 14:04:33 | [ENC] Set Norm: mean=[23952.049  12115.994   6955.5796], std=[ 732.16364 4150.056   3199.09   ]
2026-02-05 14:04:33 | [ENC] Saved cond stats to /workspace/experiments/loss_correction_latent_train_unet_without_dropout/cond_mean.npy and /workspace/experiments/loss_correction_latent_train_unet_without_dropout/cond_std.npy
2026-02-05 14:04:33 | [OPT] Using fixed learning rate (no scheduler).
2026-02-05 14:04:40 | [LATENTS] Saved latent_mean=-0.046771 to /workspace/experiments/loss_correction_latent_train_unet_without_dropout/latent_mean.npy
2026-02-05 14:05:00 | [LATENTS] mean=-0.0468 std=0.8239 min=-2.0572 max=1.8722
2026-02-05 14:05:28 | [LATENTS] mean=-0.0468 std=0.8239 min=-2.0572 max=1.8722
2026-02-05 14:05:55 | [LATENTS] mean=-0.0468 std=0.8239 min=-2.0572 max=1.8722
2026-02-05 14:06:24 | [LATENTS] mean=-0.0468 std=0.8239 min=-2.0572 max=1.8722
2026-02-05 14:06:51 | [LATENTS] mean=-0.0468 std=0.8239 min=-2.0572 max=1.8722
2026-02-05 14:06:51 | [CKPT] Saved checkpoint at step 1000
2026-02-05 14:07:19 | [LATENTS] mean=-0.0468 std=0.8239 min=-2.0572 max=1.8722
2026-02-05 14:07:47 | [LATENTS] mean=-0.0468 std=0.8239 min=-2.0572 max=1.8722
2026-02-05 14:08:15 | [LATENTS] mean=-0.0468 std=0.8239 min=-2.0572 max=1.8722
2026-02-05 14:08:44 | [LATENTS] mean=-0.0468 std=0.8239 min=-2.0572 max=1.8722
2026-02-05 14:09:11 | [LATENTS] mean=-0.0468 std=0.8239 min=-2.0572 max=1.8722
2026-02-05 14:09:12 | [CKPT] Saved checkpoint at step 2000
2026-02-05 14:09:40 | [LATENTS] mean=-0.0468 std=0.8239 min=-2.0572 max=1.8722
2026-02-05 14:10:08 | [LATENTS] mean=-0.0468 std=0.8239 min=-2.0572 max=1.8722
2026-02-05 14:10:36 | [LATENTS] mean=-0.0468 std=0.8239 min=-2.0572 max=1.8722
2026-02-05 14:11:03 | [LATENTS] mean=-0.0468 std=0.8239 min=-2.0572 max=1.8722
2026-02-05 14:11:32 | [LATENTS] mean=-0.0468 std=0.8239 min=-2.0572 max=1.8722
2026-02-05 14:11:32 | [CKPT] Saved checkpoint at step 3000
2026-02-05 14:12:01 | [LATENTS] mean=-0.0468 std=0.8239 min=-2.0572 max=1.8722
2026-02-05 14:12:28 | [LATENTS] mean=-0.0468 std=0.8239 min=-2.0572 max=1.8722
2026-02-05 14:12:53 | [LATENTS] mean=-0.0468 std=0.8239 min=-2.0572 max=1.8722
2026-02-05 14:13:20 | [LATENTS] mean=-0.0468 std=0.8239 min=-2.0572 max=1.8722
2026-02-05 14:13:48 | [LATENTS] mean=-0.0468 std=0.8239 min=-2.0572 max=1.8722
2026-02-05 14:13:48 | [CKPT] Saved checkpoint at step 4000
2026-02-05 14:14:15 | [LATENTS] mean=-0.0468 std=0.8239 min=-2.0572 max=1.8722
2026-02-05 14:14:40 | [LATENTS] mean=-0.0468 std=0.8239 min=-2.0572 max=1.8722
2026-02-05 14:15:08 | [LATENTS] mean=-0.0468 std=0.8239 min=-2.0572 max=1.8722
2026-02-05 14:15:35 | [LATENTS] mean=-0.0468 std=0.8239 min=-2.0572 max=1.8722
2026-02-05 14:16:02 | [LATENTS] mean=-0.0468 std=0.8239 min=-2.0572 max=1.8722
2026-02-05 14:16:02 | [CKPT] Saved checkpoint at step 5000
2026-02-05 14:16:31 | [LATENTS] mean=-0.0468 std=0.8239 min=-2.0572 max=1.8722
2026-02-05 14:16:59 | [LATENTS] mean=-0.0468 std=0.8239 min=-2.0572 max=1.8722
2026-02-05 14:17:27 | [LATENTS] mean=-0.0468 std=0.8239 min=-2.0572 max=1.8722
2026-02-05 14:17:55 | [LATENTS] mean=-0.0468 std=0.8239 min=-2.0572 max=1.8722
2026-02-05 14:18:24 | [LATENTS] mean=-0.0468 std=0.8239 min=-2.0572 max=1.8722
2026-02-05 14:18:24 | [CKPT] Saved checkpoint at step 6000
2026-02-05 14:18:52 | [LATENTS] mean=-0.0468 std=0.8239 min=-2.0572 max=1.8722
2026-02-05 14:19:20 | [LATENTS] mean=-0.0468 std=0.8239 min=-2.0572 max=1.8722
2026-02-05 14:19:47 | [LATENTS] mean=-0.0468 std=0.8239 min=-2.0572 max=1.8722
2026-02-05 14:20:16 | [LATENTS] mean=-0.0468 std=0.8239 min=-2.0572 max=1.8722
2026-02-05 14:20:44 | [LATENTS] mean=-0.0468 std=0.8239 min=-2.0572 max=1.8722
2026-02-05 14:20:44 | [CKPT] Saved checkpoint at step 7000
2026-02-05 14:21:11 | [LATENTS] mean=-0.0468 std=0.8239 min=-2.0572 max=1.8722
2026-02-05 14:21:37 | [LATENTS] mean=-0.0468 std=0.8239 min=-2.0572 max=1.8722
2026-02-05 14:22:05 | [LATENTS] mean=-0.0468 std=0.8239 min=-2.0572 max=1.8722
2026-02-05 14:22:29 | [LATENTS] mean=-0.0468 std=0.8239 min=-2.0572 max=1.8722
2026-02-05 14:22:55 | [LATENTS] mean=-0.0468 std=0.8239 min=-2.0572 max=1.8722
2026-02-05 14:22:55 | [CKPT] Saved checkpoint at step 8000
2026-02-05 14:23:20 | [LATENTS] mean=-0.0468 std=0.8239 min=-2.0572 max=1.8722
2026-02-05 14:23:48 | [LATENTS] mean=-0.0468 std=0.8239 min=-2.0572 max=1.8722
2026-02-05 14:24:16 | [LATENTS] mean=-0.0468 std=0.8239 min=-2.0572 max=1.8722
2026-02-05 14:24:44 | [LATENTS] mean=-0.0468 std=0.8239 min=-2.0572 max=1.8722
2026-02-05 14:25:13 | [LATENTS] mean=-0.0468 std=0.8239 min=-2.0572 max=1.8722
2026-02-05 14:25:13 | [CKPT] Saved checkpoint at step 9000
2026-02-05 14:25:41 | [LATENTS] mean=-0.0468 std=0.8239 min=-2.0572 max=1.8722
2026-02-05 14:26:08 | [LATENTS] mean=-0.0468 std=0.8239 min=-2.0572 max=1.8722
2026-02-05 14:26:36 | [LATENTS] mean=-0.0468 std=0.8239 min=-2.0572 max=1.8722
2026-02-05 14:27:04 | [LATENTS] mean=-0.0468 std=0.8239 min=-2.0572 max=1.8722
2026-02-05 14:27:32 | [LATENTS] mean=-0.0468 std=0.8239 min=-2.0572 max=1.8722
2026-02-05 14:27:32 | [CKPT] Saved checkpoint at step 10000
2026-02-05 14:27:32 | [DONE] Training finished. Saved final models.
