2026-03-03 14:16:58 | [Config] image_size=256 batch_size=4 num_workers=4
2026-03-03 14:16:58 | [Config] lr(fixed)=5e-06 weight_decay=0.01 max_steps=20000
2026-03-03 14:16:58 | [Config] cond_dropout_prob=0.0
2026-03-03 14:16:58 | [Config] scaling_factor(yaml)=0.27
2026-03-03 14:16:58 | [Config] prediction_type(yaml)=sample
2026-03-03 14:17:03 | [VAE] Loaded from /workspace/latent-v2/experiments/latent_train_vae/final (frozen)
2026-03-03 14:17:04 | [UNet] Configured: in=4, out=4
2026-03-03 14:17:04 | [ENC] NumericEncoder: cond_dim=3, hidden=768, seq_len=16
2026-03-03 14:17:04 | [Scheduler] num_train_timesteps=1000 prediction_type=sample
2026-03-03 14:17:04 | [DATA] N=1800 images from /workspace/latent-v2/dataset_split/train
2026-03-03 14:17:04 | [DATA] Calculating cond mean/std (up to 2000 samples)...
2026-03-03 14:17:37 | [ENC] Set Norm: mean=[23952.049  12115.994   6955.5796], std=[ 732.16364 4150.056   3199.09   ]
2026-03-03 14:17:37 | [ENC] Saved cond stats to /workspace/latent-v2/experiments/20000_latent_train_unet_without_dropout/cond_mean.npy and /workspace/latent-v2/experiments/20000_latent_train_unet_without_dropout/cond_std.npy
2026-03-03 14:17:37 | [OPT] Using fixed learning rate (no scheduler).
2026-03-03 14:18:04 | [LATENTS] Saved latent_mean=0.099666 to /workspace/latent-v2/experiments/20000_latent_train_unet_without_dropout/latent_mean.npy
2026-03-03 14:18:19 | [LATENTS] mean=0.0997 std=0.8678 min=-2.0572 max=1.8722
2026-03-03 14:18:40 | [LATENTS] mean=0.0997 std=0.8678 min=-2.0572 max=1.8722
2026-03-03 14:19:00 | [LATENTS] mean=0.0997 std=0.8678 min=-2.0572 max=1.8722
2026-03-03 14:19:21 | [LATENTS] mean=0.0997 std=0.8678 min=-2.0572 max=1.8722
2026-03-03 14:19:41 | [LATENTS] mean=0.0997 std=0.8678 min=-2.0572 max=1.8722
2026-03-03 14:20:01 | [LATENTS] mean=0.0997 std=0.8678 min=-2.0572 max=1.8722
2026-03-03 14:20:22 | [LATENTS] mean=0.0997 std=0.8678 min=-2.0572 max=1.8722
2026-03-03 14:20:42 | [LATENTS] mean=0.0997 std=0.8678 min=-2.0572 max=1.8722
2026-03-03 14:21:02 | [LATENTS] mean=0.0997 std=0.8678 min=-2.0572 max=1.8722
2026-03-03 14:21:23 | [LATENTS] mean=0.0997 std=0.8678 min=-2.0572 max=1.8722
2026-03-03 14:21:43 | [LATENTS] mean=0.0997 std=0.8678 min=-2.0572 max=1.8722
2026-03-03 14:22:04 | [LATENTS] mean=0.0997 std=0.8678 min=-2.0572 max=1.8722
2026-03-03 14:22:24 | [LATENTS] mean=0.0997 std=0.8678 min=-2.0572 max=1.8722
2026-03-03 14:22:45 | [LATENTS] mean=0.0997 std=0.8678 min=-2.0572 max=1.8722
2026-03-03 14:23:05 | [LATENTS] mean=0.0997 std=0.8678 min=-2.0572 max=1.8722
2026-03-03 14:23:26 | [LATENTS] mean=0.0997 std=0.8678 min=-2.0572 max=1.8722
2026-03-03 14:23:46 | [LATENTS] mean=0.0997 std=0.8678 min=-2.0572 max=1.8722
2026-03-03 14:24:06 | [LATENTS] mean=0.0997 std=0.8678 min=-2.0572 max=1.8722
2026-03-03 14:24:27 | [LATENTS] mean=0.0997 std=0.8678 min=-2.0572 max=1.8722
2026-03-03 14:24:47 | [LATENTS] mean=0.0997 std=0.8678 min=-2.0572 max=1.8722
2026-03-03 14:25:08 | [LATENTS] mean=0.0997 std=0.8678 min=-2.0572 max=1.8722
2026-03-03 14:25:28 | [LATENTS] mean=0.0997 std=0.8678 min=-2.0572 max=1.8722
2026-03-03 14:25:49 | [LATENTS] mean=0.0997 std=0.8678 min=-2.0572 max=1.8722
2026-03-03 14:26:09 | [LATENTS] mean=0.0997 std=0.8678 min=-2.0572 max=1.8722
2026-03-03 14:26:30 | [LATENTS] mean=0.0997 std=0.8678 min=-2.0572 max=1.8722
2026-03-03 14:26:30 | [CKPT] Saved checkpoint at step 5000
2026-03-03 14:26:50 | [LATENTS] mean=0.0997 std=0.8678 min=-2.0572 max=1.8722
2026-03-03 14:27:10 | [LATENTS] mean=0.0997 std=0.8678 min=-2.0572 max=1.8722
2026-03-03 14:27:31 | [LATENTS] mean=0.0997 std=0.8678 min=-2.0572 max=1.8722
2026-03-03 14:27:51 | [LATENTS] mean=0.0997 std=0.8678 min=-2.0572 max=1.8722
2026-03-03 14:28:12 | [LATENTS] mean=0.0997 std=0.8678 min=-2.0572 max=1.8722
2026-03-03 14:28:32 | [LATENTS] mean=0.0997 std=0.8678 min=-2.0572 max=1.8722
2026-03-03 14:28:53 | [LATENTS] mean=0.0997 std=0.8678 min=-2.0572 max=1.8722
2026-03-03 14:29:13 | [LATENTS] mean=0.0997 std=0.8678 min=-2.0572 max=1.8722
2026-03-03 14:29:33 | [LATENTS] mean=0.0997 std=0.8678 min=-2.0572 max=1.8722
2026-03-03 14:29:53 | [LATENTS] mean=0.0997 std=0.8678 min=-2.0572 max=1.8722
2026-03-03 14:30:14 | [LATENTS] mean=0.0997 std=0.8678 min=-2.0572 max=1.8722
2026-03-03 14:30:34 | [LATENTS] mean=0.0997 std=0.8678 min=-2.0572 max=1.8722
2026-03-03 14:30:54 | [LATENTS] mean=0.0997 std=0.8678 min=-2.0572 max=1.8722
2026-03-03 14:31:15 | [LATENTS] mean=0.0997 std=0.8678 min=-2.0572 max=1.8722
2026-03-03 14:31:35 | [LATENTS] mean=0.0997 std=0.8678 min=-2.0572 max=1.8722
2026-03-03 14:31:56 | [LATENTS] mean=0.0997 std=0.8678 min=-2.0572 max=1.8722
2026-03-03 14:32:16 | [LATENTS] mean=0.0997 std=0.8678 min=-2.0572 max=1.8722
2026-03-03 14:32:37 | [LATENTS] mean=0.0997 std=0.8678 min=-2.0572 max=1.8722
2026-03-03 14:32:57 | [LATENTS] mean=0.0997 std=0.8678 min=-2.0572 max=1.8722
2026-03-03 14:33:17 | [LATENTS] mean=0.0997 std=0.8678 min=-2.0572 max=1.8722
2026-03-03 14:33:38 | [LATENTS] mean=0.0997 std=0.8678 min=-2.0572 max=1.8722
2026-03-03 14:33:58 | [LATENTS] mean=0.0997 std=0.8678 min=-2.0572 max=1.8722
2026-03-03 14:34:19 | [LATENTS] mean=0.0997 std=0.8678 min=-2.0572 max=1.8722
2026-03-03 14:34:39 | [LATENTS] mean=0.0997 std=0.8678 min=-2.0572 max=1.8722
2026-03-03 14:35:00 | [LATENTS] mean=0.0997 std=0.8678 min=-2.0572 max=1.8722
2026-03-03 14:35:00 | [CKPT] Saved checkpoint at step 10000
2026-03-03 14:35:20 | [LATENTS] mean=0.0997 std=0.8678 min=-2.0572 max=1.8722
2026-03-03 14:35:41 | [LATENTS] mean=0.0997 std=0.8678 min=-2.0572 max=1.8722
2026-03-03 14:36:01 | [LATENTS] mean=0.0997 std=0.8678 min=-2.0572 max=1.8722
2026-03-03 14:36:21 | [LATENTS] mean=0.0997 std=0.8678 min=-2.0572 max=1.8722
2026-03-03 14:36:42 | [LATENTS] mean=0.0997 std=0.8678 min=-2.0572 max=1.8722
2026-03-03 14:37:02 | [LATENTS] mean=0.0997 std=0.8678 min=-2.0572 max=1.8722
2026-03-03 14:37:23 | [LATENTS] mean=0.0997 std=0.8678 min=-2.0572 max=1.8722
2026-03-03 14:37:43 | [LATENTS] mean=0.0997 std=0.8678 min=-2.0572 max=1.8722
2026-03-03 14:38:04 | [LATENTS] mean=0.0997 std=0.8678 min=-2.0572 max=1.8722
2026-03-03 14:38:24 | [LATENTS] mean=0.0997 std=0.8678 min=-2.0572 max=1.8722
2026-03-03 14:38:45 | [LATENTS] mean=0.0997 std=0.8678 min=-2.0572 max=1.8722
2026-03-03 14:39:05 | [LATENTS] mean=0.0997 std=0.8678 min=-2.0572 max=1.8722
2026-03-03 14:39:25 | [LATENTS] mean=0.0997 std=0.8678 min=-2.0572 max=1.8722
2026-03-03 14:39:46 | [LATENTS] mean=0.0997 std=0.8678 min=-2.0572 max=1.8722
2026-03-03 14:40:06 | [LATENTS] mean=0.0997 std=0.8678 min=-2.0572 max=1.8722
2026-03-03 14:40:27 | [LATENTS] mean=0.0997 std=0.8678 min=-2.0572 max=1.8722
2026-03-03 14:40:47 | [LATENTS] mean=0.0997 std=0.8678 min=-2.0572 max=1.8722
2026-03-03 14:41:08 | [LATENTS] mean=0.0997 std=0.8678 min=-2.0572 max=1.8722
2026-03-03 14:41:28 | [LATENTS] mean=0.0997 std=0.8678 min=-2.0572 max=1.8722
2026-03-03 14:41:49 | [LATENTS] mean=0.0997 std=0.8678 min=-2.0572 max=1.8722
2026-03-03 14:42:09 | [LATENTS] mean=0.0997 std=0.8678 min=-2.0572 max=1.8722
2026-03-03 14:42:29 | [LATENTS] mean=0.0997 std=0.8678 min=-2.0572 max=1.8722
2026-03-03 14:42:50 | [LATENTS] mean=0.0997 std=0.8678 min=-2.0572 max=1.8722
2026-03-03 14:43:11 | [LATENTS] mean=0.0997 std=0.8678 min=-2.0572 max=1.8722
2026-03-03 14:43:31 | [LATENTS] mean=0.0997 std=0.8678 min=-2.0572 max=1.8722
2026-03-03 14:43:31 | [CKPT] Saved checkpoint at step 15000
2026-03-03 14:43:52 | [LATENTS] mean=0.0997 std=0.8678 min=-2.0572 max=1.8722
2026-03-03 14:44:12 | [LATENTS] mean=0.0997 std=0.8678 min=-2.0572 max=1.8722
2026-03-03 14:44:33 | [LATENTS] mean=0.0997 std=0.8678 min=-2.0572 max=1.8722
2026-03-03 14:44:53 | [LATENTS] mean=0.0997 std=0.8678 min=-2.0572 max=1.8722
2026-03-03 14:45:13 | [LATENTS] mean=0.0997 std=0.8678 min=-2.0572 max=1.8722
2026-03-03 14:45:34 | [LATENTS] mean=0.0997 std=0.8678 min=-2.0572 max=1.8722
2026-03-03 14:45:54 | [LATENTS] mean=0.0997 std=0.8678 min=-2.0572 max=1.8722
2026-03-03 14:46:14 | [LATENTS] mean=0.0997 std=0.8678 min=-2.0572 max=1.8722
2026-03-03 14:46:35 | [LATENTS] mean=0.0997 std=0.8678 min=-2.0572 max=1.8722
2026-03-03 14:46:55 | [LATENTS] mean=0.0997 std=0.8678 min=-2.0572 max=1.8722
2026-03-03 14:47:16 | [LATENTS] mean=0.0997 std=0.8678 min=-2.0572 max=1.8722
2026-03-03 14:47:36 | [LATENTS] mean=0.0997 std=0.8678 min=-2.0572 max=1.8722
2026-03-03 14:47:57 | [LATENTS] mean=0.0997 std=0.8678 min=-2.0572 max=1.8722
2026-03-03 14:48:17 | [LATENTS] mean=0.0997 std=0.8678 min=-2.0572 max=1.8722
2026-03-03 14:48:37 | [LATENTS] mean=0.0997 std=0.8678 min=-2.0572 max=1.8722
2026-03-03 14:48:58 | [LATENTS] mean=0.0997 std=0.8678 min=-2.0572 max=1.8722
2026-03-03 14:49:18 | [LATENTS] mean=0.0997 std=0.8678 min=-2.0572 max=1.8722
2026-03-03 14:49:39 | [LATENTS] mean=0.0997 std=0.8678 min=-2.0572 max=1.8722
2026-03-03 14:49:59 | [LATENTS] mean=0.0997 std=0.8678 min=-2.0572 max=1.8722
2026-03-03 14:50:20 | [LATENTS] mean=0.0997 std=0.8678 min=-2.0572 max=1.8722
2026-03-03 14:50:40 | [LATENTS] mean=0.0997 std=0.8678 min=-2.0572 max=1.8722
2026-03-03 14:51:00 | [LATENTS] mean=0.0997 std=0.8678 min=-2.0572 max=1.8722
2026-03-03 14:51:21 | [LATENTS] mean=0.0997 std=0.8678 min=-2.0572 max=1.8722
2026-03-03 14:51:41 | [LATENTS] mean=0.0997 std=0.8678 min=-2.0572 max=1.8722
2026-03-03 14:52:02 | [LATENTS] mean=0.0997 std=0.8678 min=-2.0572 max=1.8722
2026-03-03 14:52:02 | [CKPT] Saved checkpoint at step 20000
2026-03-03 14:52:02 | [DONE] Training finished. Saved final models.
