2026-01-07 18:24:17 | [Config] image_size=256 batch_size=16 num_workers=4
2026-01-07 18:24:17 | [Config] lr(fixed)=5e-06 weight_decay=0.01 max_steps=100000
2026-01-07 18:24:17 | [Config] cond_dropout_prob=0.1
2026-01-07 18:24:17 | [Config] scaling_factor(yaml)=0.27
2026-01-07 18:24:17 | [Config] prediction_type(yaml)=sample
2026-01-07 18:24:18 | [VAE] Loaded from /workspace/experiments/latent_train_vae/final (frozen)
2026-01-07 18:24:19 | [UNet] Configured: in=4, out=4
2026-01-07 18:24:19 | [ENC] NumericEncoder: cond_dim=3, hidden=768, seq_len=16
2026-01-07 18:24:19 | [Scheduler] num_train_timesteps=1000 prediction_type=sample
2026-01-07 18:24:19 | [DATA] N=1800 images from /workspace/dataset_split/train
2026-01-07 18:24:19 | [DATA] Calculating cond mean/std (up to 2000 samples)...
2026-01-07 18:24:48 | [ENC] Set Norm: mean=[23952.049  12115.994   6955.5796], std=[ 732.16364 4150.056   3199.09   ]
2026-01-07 18:24:48 | [ENC] Saved cond stats to /workspace/experiments/latent_train_unet_with_dropout/cond_mean.npy and /workspace/experiments/latent_train_unet_with_dropout/cond_std.npy
2026-01-07 18:24:48 | [OPT] Using fixed learning rate (no scheduler).
2026-01-07 18:24:56 | [LATENTS] Saved latent_mean=-0.046769 to /workspace/experiments/latent_train_unet_with_dropout/latent_mean.npy
2026-01-07 18:25:17 | [LATENTS] mean=-0.0468 std=0.8239 min=-2.0573 max=1.8721
2026-01-07 18:25:46 | [LATENTS] mean=-0.0468 std=0.8239 min=-2.0573 max=1.8723
2026-01-07 18:26:14 | [LATENTS] mean=-0.0468 std=0.8239 min=-2.0573 max=1.8718
2026-01-07 18:26:42 | [LATENTS] mean=-0.0468 std=0.8239 min=-2.0573 max=1.8720
2026-01-07 18:27:10 | [LATENTS] mean=-0.0468 std=0.8239 min=-2.0572 max=1.8721
2026-01-07 18:27:38 | [LATENTS] mean=-0.0468 std=0.8239 min=-2.0572 max=1.8724
2026-01-07 18:28:06 | [LATENTS] mean=-0.0468 std=0.8239 min=-2.0574 max=1.8720
2026-01-07 18:28:36 | [LATENTS] mean=-0.0468 std=0.8239 min=-2.0573 max=1.8719
2026-01-07 18:29:04 | [LATENTS] mean=-0.0468 std=0.8239 min=-2.0571 max=1.8724
2026-01-07 18:29:32 | [LATENTS] mean=-0.0468 std=0.8239 min=-2.0572 max=1.8723
2026-01-07 18:30:01 | [LATENTS] mean=-0.0468 std=0.8239 min=-2.0573 max=1.8727
2026-01-07 18:30:30 | [LATENTS] mean=-0.0468 std=0.8239 min=-2.0572 max=1.8725
2026-01-07 18:30:59 | [LATENTS] mean=-0.0468 std=0.8239 min=-2.0572 max=1.8722
2026-01-07 18:31:28 | [LATENTS] mean=-0.0468 std=0.8239 min=-2.0571 max=1.8724
2026-01-07 18:31:57 | [LATENTS] mean=-0.0468 std=0.8239 min=-2.0573 max=1.8721
2026-01-07 18:32:26 | [LATENTS] mean=-0.0468 std=0.8239 min=-2.0572 max=1.8722
2026-01-07 18:32:55 | [LATENTS] mean=-0.0468 std=0.8239 min=-2.0574 max=1.8722
2026-01-07 18:33:24 | [LATENTS] mean=-0.0468 std=0.8239 min=-2.0573 max=1.8722
2026-01-07 18:33:52 | [LATENTS] mean=-0.0468 std=0.8239 min=-2.0572 max=1.8723
2026-01-07 18:34:21 | [LATENTS] mean=-0.0468 std=0.8239 min=-2.0571 max=1.8721
2026-01-07 18:34:50 | [LATENTS] mean=-0.0468 std=0.8239 min=-2.0573 max=1.8723
2026-01-07 18:35:19 | [LATENTS] mean=-0.0468 std=0.8239 min=-2.0573 max=1.8721
2026-01-07 18:35:48 | [LATENTS] mean=-0.0468 std=0.8239 min=-2.0573 max=1.8725
2026-01-07 18:36:16 | [LATENTS] mean=-0.0468 std=0.8239 min=-2.0574 max=1.8718
2026-01-07 18:36:45 | [LATENTS] mean=-0.0468 std=0.8239 min=-2.0572 max=1.8723
2026-01-07 18:37:14 | [LATENTS] mean=-0.0468 std=0.8239 min=-2.0572 max=1.8718
2026-01-07 18:37:43 | [LATENTS] mean=-0.0468 std=0.8239 min=-2.0574 max=1.8723
2026-01-07 18:38:11 | [LATENTS] mean=-0.0468 std=0.8239 min=-2.0572 max=1.8723
2026-01-07 18:38:40 | [LATENTS] mean=-0.0468 std=0.8239 min=-2.0573 max=1.8726
2026-01-07 18:39:09 | [LATENTS] mean=-0.0468 std=0.8239 min=-2.0573 max=1.8723
2026-01-07 18:39:38 | [LATENTS] mean=-0.0468 std=0.8239 min=-2.0573 max=1.8720
2026-01-07 18:40:07 | [LATENTS] mean=-0.0468 std=0.8239 min=-2.0572 max=1.8723
2026-01-07 18:40:35 | [LATENTS] mean=-0.0468 std=0.8239 min=-2.0572 max=1.8724
2026-01-07 18:41:04 | [LATENTS] mean=-0.0468 std=0.8239 min=-2.0573 max=1.8721
2026-01-07 18:41:33 | [LATENTS] mean=-0.0468 std=0.8239 min=-2.0572 max=1.8723
2026-01-07 18:42:02 | [LATENTS] mean=-0.0468 std=0.8239 min=-2.0572 max=1.8720
2026-01-07 18:42:31 | [LATENTS] mean=-0.0468 std=0.8239 min=-2.0573 max=1.8719
2026-01-07 18:43:00 | [LATENTS] mean=-0.0468 std=0.8239 min=-2.0573 max=1.8723
2026-01-07 18:43:29 | [LATENTS] mean=-0.0468 std=0.8239 min=-2.0571 max=1.8720
2026-01-07 18:43:58 | [LATENTS] mean=-0.0468 std=0.8239 min=-2.0573 max=1.8719
2026-01-07 18:44:27 | [LATENTS] mean=-0.0468 std=0.8239 min=-2.0572 max=1.8720
2026-01-07 18:44:55 | [LATENTS] mean=-0.0468 std=0.8239 min=-2.0573 max=1.8720
2026-01-07 18:45:24 | [LATENTS] mean=-0.0468 std=0.8239 min=-2.0571 max=1.8728
2026-01-07 18:45:53 | [LATENTS] mean=-0.0468 std=0.8239 min=-2.0574 max=1.8725
2026-01-07 18:46:22 | [LATENTS] mean=-0.0468 std=0.8239 min=-2.0573 max=1.8723
2026-01-07 18:46:50 | [LATENTS] mean=-0.0468 std=0.8239 min=-2.0572 max=1.8721
2026-01-07 18:47:19 | [LATENTS] mean=-0.0468 std=0.8239 min=-2.0573 max=1.8723
2026-01-07 18:47:48 | [LATENTS] mean=-0.0468 std=0.8239 min=-2.0572 max=1.8723
2026-01-07 18:48:16 | [LATENTS] mean=-0.0468 std=0.8239 min=-2.0572 max=1.8723
2026-01-07 18:48:45 | [LATENTS] mean=-0.0468 std=0.8239 min=-2.0572 max=1.8722
2026-01-07 18:48:45 | [CKPT] Saved checkpoint at step 10000
2026-01-07 18:49:13 | [LATENTS] mean=-0.0468 std=0.8239 min=-2.0573 max=1.8722
2026-01-07 18:49:41 | [LATENTS] mean=-0.0468 std=0.8239 min=-2.0572 max=1.8723
2026-01-07 18:50:10 | [LATENTS] mean=-0.0468 std=0.8239 min=-2.0572 max=1.8723
2026-01-07 18:50:39 | [LATENTS] mean=-0.0468 std=0.8239 min=-2.0573 max=1.8718
2026-01-07 18:51:09 | [LATENTS] mean=-0.0468 std=0.8239 min=-2.0574 max=1.8720
2026-01-07 18:51:37 | [LATENTS] mean=-0.0468 std=0.8239 min=-2.0574 max=1.8722
2026-01-07 18:52:06 | [LATENTS] mean=-0.0468 std=0.8239 min=-2.0574 max=1.8718
2026-01-07 18:52:35 | [LATENTS] mean=-0.0468 std=0.8239 min=-2.0571 max=1.8723
2026-01-07 18:53:04 | [LATENTS] mean=-0.0468 std=0.8239 min=-2.0572 max=1.8722
2026-01-07 18:53:33 | [LATENTS] mean=-0.0468 std=0.8239 min=-2.0571 max=1.8726
2026-01-07 18:54:01 | [LATENTS] mean=-0.0468 std=0.8239 min=-2.0572 max=1.8726
2026-01-07 18:54:30 | [LATENTS] mean=-0.0468 std=0.8239 min=-2.0572 max=1.8719
2026-01-07 18:54:59 | [LATENTS] mean=-0.0468 std=0.8239 min=-2.0573 max=1.8724
2026-01-07 18:55:28 | [LATENTS] mean=-0.0468 std=0.8239 min=-2.0572 max=1.8724
2026-01-07 18:55:57 | [LATENTS] mean=-0.0468 std=0.8239 min=-2.0574 max=1.8723
2026-01-07 18:56:25 | [LATENTS] mean=-0.0468 std=0.8239 min=-2.0574 max=1.8722
2026-01-07 18:56:54 | [LATENTS] mean=-0.0468 std=0.8239 min=-2.0571 max=1.8728
2026-01-07 18:57:23 | [LATENTS] mean=-0.0468 std=0.8239 min=-2.0574 max=1.8723
2026-01-07 18:57:51 | [LATENTS] mean=-0.0468 std=0.8239 min=-2.0573 max=1.8721
2026-01-07 18:58:20 | [LATENTS] mean=-0.0468 std=0.8239 min=-2.0573 max=1.8728
2026-01-07 18:58:48 | [LATENTS] mean=-0.0468 std=0.8239 min=-2.0572 max=1.8722
2026-01-07 18:59:17 | [LATENTS] mean=-0.0468 std=0.8239 min=-2.0571 max=1.8722
2026-01-07 18:59:46 | [LATENTS] mean=-0.0468 std=0.8239 min=-2.0572 max=1.8720
2026-01-07 19:00:15 | [LATENTS] mean=-0.0468 std=0.8239 min=-2.0573 max=1.8718
2026-01-07 19:00:43 | [LATENTS] mean=-0.0468 std=0.8239 min=-2.0572 max=1.8720
2026-01-07 19:01:12 | [LATENTS] mean=-0.0468 std=0.8239 min=-2.0572 max=1.8721
2026-01-07 19:01:41 | [LATENTS] mean=-0.0468 std=0.8239 min=-2.0573 max=1.8725
2026-01-07 19:02:10 | [LATENTS] mean=-0.0468 std=0.8239 min=-2.0573 max=1.8721
2026-01-07 19:02:39 | [LATENTS] mean=-0.0468 std=0.8239 min=-2.0573 max=1.8719
2026-01-07 19:03:07 | [LATENTS] mean=-0.0468 std=0.8239 min=-2.0572 max=1.8724
2026-01-07 19:03:36 | [LATENTS] mean=-0.0468 std=0.8239 min=-2.0571 max=1.8725
2026-01-07 19:04:05 | [LATENTS] mean=-0.0468 std=0.8239 min=-2.0572 max=1.8722
2026-01-07 19:04:33 | [LATENTS] mean=-0.0468 std=0.8239 min=-2.0573 max=1.8722
2026-01-07 19:05:02 | [LATENTS] mean=-0.0468 std=0.8239 min=-2.0573 max=1.8720
2026-01-07 19:05:30 | [LATENTS] mean=-0.0468 std=0.8239 min=-2.0571 max=1.8723
2026-01-07 19:05:59 | [LATENTS] mean=-0.0468 std=0.8239 min=-2.0574 max=1.8723
2026-01-07 19:06:27 | [LATENTS] mean=-0.0468 std=0.8239 min=-2.0573 max=1.8723
2026-01-07 19:06:55 | [LATENTS] mean=-0.0468 std=0.8239 min=-2.0573 max=1.8724
2026-01-07 19:07:23 | [LATENTS] mean=-0.0468 std=0.8239 min=-2.0571 max=1.8725
2026-01-07 19:07:52 | [LATENTS] mean=-0.0468 std=0.8239 min=-2.0572 max=1.8719
2026-01-07 19:08:21 | [LATENTS] mean=-0.0468 std=0.8239 min=-2.0573 max=1.8720
2026-01-07 19:08:50 | [LATENTS] mean=-0.0468 std=0.8239 min=-2.0572 max=1.8723
2026-01-07 19:09:19 | [LATENTS] mean=-0.0468 std=0.8239 min=-2.0573 max=1.8722
2026-01-07 19:09:47 | [LATENTS] mean=-0.0468 std=0.8239 min=-2.0572 max=1.8722
2026-01-07 19:10:16 | [LATENTS] mean=-0.0468 std=0.8239 min=-2.0571 max=1.8726
2026-01-07 19:10:45 | [LATENTS] mean=-0.0468 std=0.8239 min=-2.0574 max=1.8716
2026-01-07 19:11:14 | [LATENTS] mean=-0.0468 std=0.8239 min=-2.0574 max=1.8725
2026-01-07 19:11:42 | [LATENTS] mean=-0.0468 std=0.8239 min=-2.0573 max=1.8722
2026-01-07 19:12:11 | [LATENTS] mean=-0.0468 std=0.8239 min=-2.0573 max=1.8721
2026-01-07 19:12:40 | [LATENTS] mean=-0.0468 std=0.8239 min=-2.0572 max=1.8720
2026-01-07 19:12:40 | [CKPT] Saved checkpoint at step 20000
2026-01-07 19:13:09 | [LATENTS] mean=-0.0468 std=0.8239 min=-2.0571 max=1.8724
2026-01-07 19:13:38 | [LATENTS] mean=-0.0468 std=0.8239 min=-2.0573 max=1.8722
2026-01-07 19:14:06 | [LATENTS] mean=-0.0468 std=0.8239 min=-2.0573 max=1.8725
2026-01-07 19:14:36 | [LATENTS] mean=-0.0468 std=0.8239 min=-2.0572 max=1.8721
2026-01-07 19:15:05 | [LATENTS] mean=-0.0468 std=0.8239 min=-2.0573 max=1.8724
2026-01-07 19:15:33 | [LATENTS] mean=-0.0468 std=0.8239 min=-2.0573 max=1.8724
2026-01-07 19:16:02 | [LATENTS] mean=-0.0468 std=0.8239 min=-2.0574 max=1.8718
2026-01-07 19:16:31 | [LATENTS] mean=-0.0468 std=0.8239 min=-2.0572 max=1.8725
2026-01-07 19:17:00 | [LATENTS] mean=-0.0468 std=0.8239 min=-2.0573 max=1.8722
2026-01-07 19:17:28 | [LATENTS] mean=-0.0468 std=0.8239 min=-2.0572 max=1.8724
2026-01-07 19:17:57 | [LATENTS] mean=-0.0468 std=0.8239 min=-2.0573 max=1.8723
2026-01-07 19:18:26 | [LATENTS] mean=-0.0468 std=0.8239 min=-2.0573 max=1.8723
2026-01-07 19:18:54 | [LATENTS] mean=-0.0468 std=0.8239 min=-2.0571 max=1.8720
2026-01-07 19:19:23 | [LATENTS] mean=-0.0468 std=0.8239 min=-2.0573 max=1.8720
2026-01-07 19:19:52 | [LATENTS] mean=-0.0468 std=0.8239 min=-2.0574 max=1.8721
2026-01-07 19:20:21 | [LATENTS] mean=-0.0468 std=0.8239 min=-2.0572 max=1.8722
2026-01-07 19:20:50 | [LATENTS] mean=-0.0468 std=0.8239 min=-2.0573 max=1.8725
2026-01-07 19:21:19 | [LATENTS] mean=-0.0468 std=0.8239 min=-2.0573 max=1.8719
2026-01-07 19:21:48 | [LATENTS] mean=-0.0468 std=0.8239 min=-2.0571 max=1.8723
2026-01-07 19:22:16 | [LATENTS] mean=-0.0468 std=0.8239 min=-2.0572 max=1.8716
2026-01-07 19:22:45 | [LATENTS] mean=-0.0468 std=0.8239 min=-2.0571 max=1.8722
2026-01-07 19:23:14 | [LATENTS] mean=-0.0468 std=0.8239 min=-2.0572 max=1.8722
2026-01-07 19:23:43 | [LATENTS] mean=-0.0468 std=0.8239 min=-2.0571 max=1.8721
2026-01-07 19:24:12 | [LATENTS] mean=-0.0468 std=0.8239 min=-2.0573 max=1.8724
2026-01-07 19:24:40 | [LATENTS] mean=-0.0468 std=0.8239 min=-2.0572 max=1.8723
2026-01-07 19:25:09 | [LATENTS] mean=-0.0468 std=0.8239 min=-2.0572 max=1.8724
2026-01-07 19:25:38 | [LATENTS] mean=-0.0468 std=0.8239 min=-2.0574 max=1.8726
2026-01-07 19:26:07 | [LATENTS] mean=-0.0468 std=0.8239 min=-2.0572 max=1.8719
2026-01-07 19:26:36 | [LATENTS] mean=-0.0468 std=0.8239 min=-2.0573 max=1.8721
2026-01-07 19:27:05 | [LATENTS] mean=-0.0468 std=0.8239 min=-2.0572 max=1.8720
2026-01-07 19:27:33 | [LATENTS] mean=-0.0468 std=0.8239 min=-2.0575 max=1.8725
2026-01-07 19:28:02 | [LATENTS] mean=-0.0468 std=0.8239 min=-2.0573 max=1.8722
2026-01-07 19:28:31 | [LATENTS] mean=-0.0468 std=0.8239 min=-2.0571 max=1.8725
2026-01-07 19:29:00 | [LATENTS] mean=-0.0468 std=0.8239 min=-2.0571 max=1.8722
2026-01-07 19:29:29 | [LATENTS] mean=-0.0468 std=0.8239 min=-2.0572 max=1.8726
2026-01-07 19:29:57 | [LATENTS] mean=-0.0468 std=0.8239 min=-2.0573 max=1.8722
2026-01-07 19:30:26 | [LATENTS] mean=-0.0468 std=0.8239 min=-2.0571 max=1.8722
2026-01-07 19:30:54 | [LATENTS] mean=-0.0468 std=0.8239 min=-2.0572 max=1.8721
2026-01-07 19:31:23 | [LATENTS] mean=-0.0468 std=0.8239 min=-2.0572 max=1.8717
2026-01-07 19:31:52 | [LATENTS] mean=-0.0468 std=0.8239 min=-2.0573 max=1.8723
2026-01-07 19:32:21 | [LATENTS] mean=-0.0468 std=0.8239 min=-2.0572 max=1.8723
2026-01-07 19:32:50 | [LATENTS] mean=-0.0468 std=0.8239 min=-2.0572 max=1.8720
2026-01-07 19:33:19 | [LATENTS] mean=-0.0468 std=0.8239 min=-2.0572 max=1.8723
2026-01-07 19:33:48 | [LATENTS] mean=-0.0468 std=0.8239 min=-2.0573 max=1.8719
2026-01-07 19:34:16 | [LATENTS] mean=-0.0468 std=0.8239 min=-2.0571 max=1.8726
2026-01-07 19:34:45 | [LATENTS] mean=-0.0468 std=0.8239 min=-2.0573 max=1.8719
2026-01-07 19:35:14 | [LATENTS] mean=-0.0468 std=0.8239 min=-2.0572 max=1.8729
2026-01-07 19:35:43 | [LATENTS] mean=-0.0468 std=0.8239 min=-2.0573 max=1.8722
2026-01-07 19:36:12 | [LATENTS] mean=-0.0468 std=0.8239 min=-2.0571 max=1.8718
2026-01-07 19:36:40 | [LATENTS] mean=-0.0468 std=0.8239 min=-2.0575 max=1.8721
2026-01-07 19:36:40 | [CKPT] Saved checkpoint at step 30000
2026-01-07 19:37:09 | [LATENTS] mean=-0.0468 std=0.8239 min=-2.0574 max=1.8720
2026-01-07 19:37:38 | [LATENTS] mean=-0.0468 std=0.8239 min=-2.0572 max=1.8719
2026-01-07 19:38:07 | [LATENTS] mean=-0.0468 std=0.8239 min=-2.0572 max=1.8723
2026-01-07 19:38:35 | [LATENTS] mean=-0.0468 std=0.8239 min=-2.0573 max=1.8718
2026-01-07 19:39:04 | [LATENTS] mean=-0.0468 std=0.8239 min=-2.0571 max=1.8725
2026-01-07 19:39:33 | [LATENTS] mean=-0.0468 std=0.8239 min=-2.0572 max=1.8720
2026-01-07 19:40:02 | [LATENTS] mean=-0.0468 std=0.8239 min=-2.0572 max=1.8718
2026-01-07 19:40:30 | [LATENTS] mean=-0.0468 std=0.8239 min=-2.0573 max=1.8725
2026-01-07 19:40:59 | [LATENTS] mean=-0.0468 std=0.8239 min=-2.0574 max=1.8716
2026-01-07 19:41:27 | [LATENTS] mean=-0.0468 std=0.8239 min=-2.0574 max=1.8723
2026-01-07 19:41:56 | [LATENTS] mean=-0.0468 std=0.8239 min=-2.0571 max=1.8720
2026-01-07 19:42:25 | [LATENTS] mean=-0.0468 std=0.8239 min=-2.0572 max=1.8720
2026-01-07 19:42:54 | [LATENTS] mean=-0.0468 std=0.8239 min=-2.0572 max=1.8721
2026-01-07 19:43:22 | [LATENTS] mean=-0.0468 std=0.8239 min=-2.0572 max=1.8723
2026-01-07 19:43:51 | [LATENTS] mean=-0.0468 std=0.8239 min=-2.0573 max=1.8724
2026-01-07 19:44:20 | [LATENTS] mean=-0.0468 std=0.8239 min=-2.0572 max=1.8722
2026-01-07 19:44:49 | [LATENTS] mean=-0.0468 std=0.8239 min=-2.0572 max=1.8721
2026-01-07 19:45:17 | [LATENTS] mean=-0.0468 std=0.8239 min=-2.0571 max=1.8721
2026-01-07 19:45:46 | [LATENTS] mean=-0.0468 std=0.8239 min=-2.0571 max=1.8717
2026-01-07 19:46:15 | [LATENTS] mean=-0.0468 std=0.8239 min=-2.0573 max=1.8721
2026-01-07 19:46:44 | [LATENTS] mean=-0.0468 std=0.8239 min=-2.0574 max=1.8720
2026-01-07 19:47:13 | [LATENTS] mean=-0.0468 std=0.8239 min=-2.0573 max=1.8720
2026-01-07 19:47:41 | [LATENTS] mean=-0.0468 std=0.8239 min=-2.0573 max=1.8721
2026-01-07 19:48:10 | [LATENTS] mean=-0.0468 std=0.8239 min=-2.0573 max=1.8717
2026-01-07 19:48:39 | [LATENTS] mean=-0.0468 std=0.8239 min=-2.0573 max=1.8720
2026-01-07 19:49:08 | [LATENTS] mean=-0.0468 std=0.8239 min=-2.0572 max=1.8720
2026-01-07 19:49:37 | [LATENTS] mean=-0.0468 std=0.8239 min=-2.0573 max=1.8717
2026-01-07 19:50:05 | [LATENTS] mean=-0.0468 std=0.8239 min=-2.0573 max=1.8720
2026-01-07 19:50:34 | [LATENTS] mean=-0.0468 std=0.8239 min=-2.0572 max=1.8723
2026-01-07 19:51:03 | [LATENTS] mean=-0.0468 std=0.8239 min=-2.0572 max=1.8721
2026-01-07 19:51:32 | [LATENTS] mean=-0.0468 std=0.8239 min=-2.0573 max=1.8723
2026-01-07 19:51:59 | [LATENTS] mean=-0.0468 std=0.8239 min=-2.0572 max=1.8724
2026-01-07 19:52:28 | [LATENTS] mean=-0.0468 std=0.8239 min=-2.0572 max=1.8720
2026-01-07 19:52:57 | [LATENTS] mean=-0.0468 std=0.8239 min=-2.0572 max=1.8720
2026-01-07 19:53:26 | [LATENTS] mean=-0.0468 std=0.8239 min=-2.0573 max=1.8718
2026-01-07 19:53:55 | [LATENTS] mean=-0.0468 std=0.8239 min=-2.0573 max=1.8724
2026-01-07 19:54:23 | [LATENTS] mean=-0.0468 std=0.8239 min=-2.0572 max=1.8722
2026-01-07 19:54:52 | [LATENTS] mean=-0.0468 std=0.8239 min=-2.0572 max=1.8720
2026-01-07 19:55:21 | [LATENTS] mean=-0.0468 std=0.8239 min=-2.0573 max=1.8719
2026-01-07 19:55:50 | [LATENTS] mean=-0.0468 std=0.8239 min=-2.0572 max=1.8720
2026-01-07 19:56:19 | [LATENTS] mean=-0.0468 std=0.8239 min=-2.0571 max=1.8721
2026-01-07 19:56:47 | [LATENTS] mean=-0.0468 std=0.8239 min=-2.0574 max=1.8724
2026-01-07 19:57:16 | [LATENTS] mean=-0.0468 std=0.8239 min=-2.0573 max=1.8723
2026-01-07 19:57:45 | [LATENTS] mean=-0.0468 std=0.8239 min=-2.0572 max=1.8722
2026-01-07 19:58:14 | [LATENTS] mean=-0.0468 std=0.8239 min=-2.0572 max=1.8720
2026-01-07 19:58:42 | [LATENTS] mean=-0.0468 std=0.8239 min=-2.0573 max=1.8720
2026-01-07 19:59:11 | [LATENTS] mean=-0.0468 std=0.8239 min=-2.0573 max=1.8716
2026-01-07 19:59:40 | [LATENTS] mean=-0.0468 std=0.8239 min=-2.0572 max=1.8725
2026-01-07 20:00:09 | [LATENTS] mean=-0.0468 std=0.8239 min=-2.0574 max=1.8728
2026-01-07 20:00:38 | [LATENTS] mean=-0.0468 std=0.8239 min=-2.0571 max=1.8721
2026-01-07 20:00:38 | [CKPT] Saved checkpoint at step 40000
2026-01-07 20:01:06 | [LATENTS] mean=-0.0468 std=0.8239 min=-2.0572 max=1.8722
2026-01-07 20:01:35 | [LATENTS] mean=-0.0468 std=0.8239 min=-2.0571 max=1.8720
2026-01-07 20:02:04 | [LATENTS] mean=-0.0468 std=0.8239 min=-2.0573 max=1.8721
2026-01-07 20:02:33 | [LATENTS] mean=-0.0468 std=0.8239 min=-2.0572 max=1.8721
2026-01-07 20:03:02 | [LATENTS] mean=-0.0468 std=0.8239 min=-2.0573 max=1.8723
2026-01-07 20:03:30 | [LATENTS] mean=-0.0468 std=0.8239 min=-2.0572 max=1.8724
2026-01-07 20:03:59 | [LATENTS] mean=-0.0468 std=0.8239 min=-2.0572 max=1.8722
2026-01-07 20:04:28 | [LATENTS] mean=-0.0468 std=0.8239 min=-2.0572 max=1.8723
2026-01-07 20:04:57 | [LATENTS] mean=-0.0468 std=0.8239 min=-2.0574 max=1.8725
2026-01-07 20:05:25 | [LATENTS] mean=-0.0468 std=0.8239 min=-2.0572 max=1.8722
2026-01-07 20:05:54 | [LATENTS] mean=-0.0468 std=0.8239 min=-2.0571 max=1.8717
2026-01-07 20:06:23 | [LATENTS] mean=-0.0468 std=0.8239 min=-2.0572 max=1.8723
2026-01-07 20:06:52 | [LATENTS] mean=-0.0468 std=0.8239 min=-2.0573 max=1.8719
2026-01-07 20:07:20 | [LATENTS] mean=-0.0468 std=0.8239 min=-2.0573 max=1.8723
2026-01-07 20:07:49 | [LATENTS] mean=-0.0468 std=0.8239 min=-2.0573 max=1.8720
2026-01-07 20:08:18 | [LATENTS] mean=-0.0468 std=0.8239 min=-2.0571 max=1.8725
2026-01-07 20:08:46 | [LATENTS] mean=-0.0468 std=0.8239 min=-2.0573 max=1.8724
2026-01-07 20:09:15 | [LATENTS] mean=-0.0468 std=0.8239 min=-2.0571 max=1.8722
2026-01-07 20:09:44 | [LATENTS] mean=-0.0468 std=0.8239 min=-2.0573 max=1.8719
2026-01-07 20:10:13 | [LATENTS] mean=-0.0468 std=0.8239 min=-2.0572 max=1.8726
2026-01-07 20:10:42 | [LATENTS] mean=-0.0468 std=0.8239 min=-2.0572 max=1.8726
2026-01-07 20:11:11 | [LATENTS] mean=-0.0468 std=0.8239 min=-2.0572 max=1.8723
2026-01-07 20:11:40 | [LATENTS] mean=-0.0468 std=0.8239 min=-2.0573 max=1.8720
2026-01-07 20:12:08 | [LATENTS] mean=-0.0468 std=0.8239 min=-2.0572 max=1.8717
2026-01-07 20:12:37 | [LATENTS] mean=-0.0468 std=0.8239 min=-2.0572 max=1.8721
2026-01-07 20:13:06 | [LATENTS] mean=-0.0468 std=0.8239 min=-2.0574 max=1.8715
2026-01-07 20:13:34 | [LATENTS] mean=-0.0468 std=0.8239 min=-2.0572 max=1.8720
2026-01-07 20:14:03 | [LATENTS] mean=-0.0468 std=0.8239 min=-2.0573 max=1.8720
2026-01-07 20:14:32 | [LATENTS] mean=-0.0468 std=0.8239 min=-2.0572 max=1.8723
2026-01-07 20:15:01 | [LATENTS] mean=-0.0468 std=0.8239 min=-2.0573 max=1.8717
2026-01-07 20:15:30 | [LATENTS] mean=-0.0468 std=0.8239 min=-2.0574 max=1.8725
2026-01-07 20:15:59 | [LATENTS] mean=-0.0468 std=0.8239 min=-2.0571 max=1.8721
2026-01-07 20:16:27 | [LATENTS] mean=-0.0468 std=0.8239 min=-2.0572 max=1.8721
2026-01-07 20:16:56 | [LATENTS] mean=-0.0468 std=0.8239 min=-2.0573 max=1.8724
2026-01-07 20:17:25 | [LATENTS] mean=-0.0468 std=0.8239 min=-2.0573 max=1.8723
2026-01-07 20:17:53 | [LATENTS] mean=-0.0468 std=0.8239 min=-2.0573 max=1.8724
2026-01-07 20:18:22 | [LATENTS] mean=-0.0468 std=0.8239 min=-2.0571 max=1.8725
2026-01-07 20:18:50 | [LATENTS] mean=-0.0468 std=0.8239 min=-2.0571 max=1.8723
2026-01-07 20:19:19 | [LATENTS] mean=-0.0468 std=0.8239 min=-2.0574 max=1.8720
2026-01-07 20:19:48 | [LATENTS] mean=-0.0468 std=0.8239 min=-2.0574 max=1.8722
2026-01-07 20:20:17 | [LATENTS] mean=-0.0468 std=0.8239 min=-2.0572 max=1.8719
2026-01-07 20:20:46 | [LATENTS] mean=-0.0468 std=0.8239 min=-2.0572 max=1.8721
2026-01-07 20:21:14 | [LATENTS] mean=-0.0468 std=0.8239 min=-2.0571 max=1.8722
2026-01-07 20:21:43 | [LATENTS] mean=-0.0468 std=0.8239 min=-2.0574 max=1.8725
2026-01-07 20:22:12 | [LATENTS] mean=-0.0468 std=0.8239 min=-2.0572 max=1.8722
2026-01-07 20:22:41 | [LATENTS] mean=-0.0468 std=0.8239 min=-2.0575 max=1.8724
2026-01-07 20:23:10 | [LATENTS] mean=-0.0468 std=0.8239 min=-2.0571 max=1.8723
2026-01-07 20:23:38 | [LATENTS] mean=-0.0468 std=0.8239 min=-2.0572 max=1.8722
2026-01-07 20:24:07 | [LATENTS] mean=-0.0468 std=0.8239 min=-2.0572 max=1.8726
2026-01-07 20:24:36 | [LATENTS] mean=-0.0468 std=0.8239 min=-2.0574 max=1.8720
2026-01-07 20:24:36 | [CKPT] Saved checkpoint at step 50000
2026-01-07 20:25:05 | [LATENTS] mean=-0.0468 std=0.8239 min=-2.0571 max=1.8722
2026-01-07 20:25:33 | [LATENTS] mean=-0.0468 std=0.8239 min=-2.0571 max=1.8722
2026-01-07 20:26:02 | [LATENTS] mean=-0.0468 std=0.8239 min=-2.0573 max=1.8720
2026-01-07 20:26:31 | [LATENTS] mean=-0.0468 std=0.8239 min=-2.0572 max=1.8722
2026-01-07 20:27:00 | [LATENTS] mean=-0.0468 std=0.8239 min=-2.0572 max=1.8722
2026-01-07 20:27:29 | [LATENTS] mean=-0.0468 std=0.8239 min=-2.0573 max=1.8721
2026-01-07 20:27:57 | [LATENTS] mean=-0.0468 std=0.8239 min=-2.0572 max=1.8723
2026-01-07 20:28:26 | [LATENTS] mean=-0.0468 std=0.8239 min=-2.0572 max=1.8724
2026-01-07 20:28:55 | [LATENTS] mean=-0.0468 std=0.8239 min=-2.0572 max=1.8720
2026-01-07 20:29:24 | [LATENTS] mean=-0.0468 std=0.8239 min=-2.0573 max=1.8722
2026-01-07 20:29:53 | [LATENTS] mean=-0.0468 std=0.8239 min=-2.0573 max=1.8723
2026-01-07 20:30:21 | [LATENTS] mean=-0.0468 std=0.8239 min=-2.0573 max=1.8719
2026-01-07 20:30:50 | [LATENTS] mean=-0.0468 std=0.8239 min=-2.0573 max=1.8723
2026-01-07 20:31:19 | [LATENTS] mean=-0.0468 std=0.8239 min=-2.0573 max=1.8723
2026-01-07 20:31:48 | [LATENTS] mean=-0.0468 std=0.8239 min=-2.0574 max=1.8720
2026-01-07 20:32:16 | [LATENTS] mean=-0.0468 std=0.8239 min=-2.0573 max=1.8725
2026-01-07 20:32:45 | [LATENTS] mean=-0.0468 std=0.8239 min=-2.0574 max=1.8720
2026-01-07 20:33:14 | [LATENTS] mean=-0.0468 std=0.8239 min=-2.0572 max=1.8724
2026-01-07 20:33:43 | [LATENTS] mean=-0.0468 std=0.8239 min=-2.0572 max=1.8720
2026-01-07 20:34:12 | [LATENTS] mean=-0.0468 std=0.8239 min=-2.0573 max=1.8724
2026-01-07 20:34:40 | [LATENTS] mean=-0.0468 std=0.8239 min=-2.0572 max=1.8722
2026-01-07 20:35:09 | [LATENTS] mean=-0.0468 std=0.8239 min=-2.0573 max=1.8721
2026-01-07 20:35:38 | [LATENTS] mean=-0.0468 std=0.8239 min=-2.0573 max=1.8725
2026-01-07 20:36:07 | [LATENTS] mean=-0.0468 std=0.8239 min=-2.0573 max=1.8724
2026-01-07 20:36:35 | [LATENTS] mean=-0.0468 std=0.8239 min=-2.0571 max=1.8723
2026-01-07 20:37:04 | [LATENTS] mean=-0.0468 std=0.8239 min=-2.0572 max=1.8723
2026-01-07 20:37:33 | [LATENTS] mean=-0.0468 std=0.8239 min=-2.0573 max=1.8724
2026-01-07 20:38:02 | [LATENTS] mean=-0.0468 std=0.8239 min=-2.0572 max=1.8717
2026-01-07 20:38:31 | [LATENTS] mean=-0.0468 std=0.8239 min=-2.0572 max=1.8722
2026-01-07 20:38:59 | [LATENTS] mean=-0.0468 std=0.8239 min=-2.0571 max=1.8718
2026-01-07 20:39:28 | [LATENTS] mean=-0.0468 std=0.8239 min=-2.0571 max=1.8729
2026-01-07 20:39:57 | [LATENTS] mean=-0.0468 std=0.8239 min=-2.0573 max=1.8726
2026-01-07 20:40:26 | [LATENTS] mean=-0.0468 std=0.8239 min=-2.0572 max=1.8721
2026-01-07 20:40:55 | [LATENTS] mean=-0.0468 std=0.8239 min=-2.0573 max=1.8719
2026-01-07 20:41:23 | [LATENTS] mean=-0.0468 std=0.8239 min=-2.0574 max=1.8717
2026-01-07 20:41:51 | [LATENTS] mean=-0.0468 std=0.8239 min=-2.0571 max=1.8723
2026-01-07 20:42:20 | [LATENTS] mean=-0.0468 std=0.8239 min=-2.0572 max=1.8725
2026-01-07 20:42:48 | [LATENTS] mean=-0.0468 std=0.8239 min=-2.0573 max=1.8723
2026-01-07 20:43:18 | [LATENTS] mean=-0.0468 std=0.8239 min=-2.0572 max=1.8722
2026-01-07 20:43:46 | [LATENTS] mean=-0.0468 std=0.8239 min=-2.0573 max=1.8721
2026-01-07 20:44:15 | [LATENTS] mean=-0.0468 std=0.8239 min=-2.0572 max=1.8721
2026-01-07 20:44:44 | [LATENTS] mean=-0.0468 std=0.8239 min=-2.0572 max=1.8724
2026-01-07 20:45:13 | [LATENTS] mean=-0.0468 std=0.8239 min=-2.0572 max=1.8720
2026-01-07 20:45:42 | [LATENTS] mean=-0.0468 std=0.8239 min=-2.0572 max=1.8721
2026-01-07 20:46:11 | [LATENTS] mean=-0.0468 std=0.8239 min=-2.0572 max=1.8717
2026-01-07 20:46:40 | [LATENTS] mean=-0.0468 std=0.8239 min=-2.0573 max=1.8723
2026-01-07 20:47:08 | [LATENTS] mean=-0.0468 std=0.8239 min=-2.0572 max=1.8722
2026-01-07 20:47:37 | [LATENTS] mean=-0.0468 std=0.8239 min=-2.0572 max=1.8720
2026-01-07 20:48:05 | [LATENTS] mean=-0.0468 std=0.8239 min=-2.0573 max=1.8722
2026-01-07 20:48:34 | [LATENTS] mean=-0.0468 std=0.8239 min=-2.0571 max=1.8719
2026-01-07 20:48:35 | [CKPT] Saved checkpoint at step 60000
2026-01-07 20:49:04 | [LATENTS] mean=-0.0468 std=0.8239 min=-2.0571 max=1.8725
2026-01-07 20:49:33 | [LATENTS] mean=-0.0468 std=0.8239 min=-2.0572 max=1.8720
2026-01-07 20:50:02 | [LATENTS] mean=-0.0468 std=0.8239 min=-2.0574 max=1.8722
2026-01-07 20:50:31 | [LATENTS] mean=-0.0468 std=0.8239 min=-2.0574 max=1.8728
2026-01-07 20:51:00 | [LATENTS] mean=-0.0468 std=0.8239 min=-2.0572 max=1.8722
2026-01-07 20:51:28 | [LATENTS] mean=-0.0468 std=0.8239 min=-2.0571 max=1.8723
2026-01-07 20:51:56 | [LATENTS] mean=-0.0468 std=0.8239 min=-2.0571 max=1.8723
2026-01-07 20:52:24 | [LATENTS] mean=-0.0468 std=0.8239 min=-2.0572 max=1.8722
2026-01-07 20:52:53 | [LATENTS] mean=-0.0468 std=0.8239 min=-2.0573 max=1.8718
2026-01-07 20:53:22 | [LATENTS] mean=-0.0468 std=0.8239 min=-2.0573 max=1.8722
2026-01-07 20:53:50 | [LATENTS] mean=-0.0468 std=0.8239 min=-2.0572 max=1.8722
2026-01-07 20:54:19 | [LATENTS] mean=-0.0468 std=0.8239 min=-2.0570 max=1.8722
2026-01-07 20:54:48 | [LATENTS] mean=-0.0468 std=0.8239 min=-2.0571 max=1.8723
2026-01-07 20:55:16 | [LATENTS] mean=-0.0468 std=0.8239 min=-2.0572 max=1.8720
2026-01-07 20:55:45 | [LATENTS] mean=-0.0468 std=0.8239 min=-2.0572 max=1.8720
2026-01-07 20:56:14 | [LATENTS] mean=-0.0468 std=0.8239 min=-2.0572 max=1.8722
2026-01-07 20:56:41 | [LATENTS] mean=-0.0468 std=0.8239 min=-2.0572 max=1.8722
2026-01-07 20:57:09 | [LATENTS] mean=-0.0468 std=0.8239 min=-2.0572 max=1.8722
2026-01-07 20:57:37 | [LATENTS] mean=-0.0468 std=0.8239 min=-2.0573 max=1.8722
2026-01-07 20:58:06 | [LATENTS] mean=-0.0468 std=0.8239 min=-2.0572 max=1.8722
2026-01-07 20:58:34 | [LATENTS] mean=-0.0468 std=0.8239 min=-2.0571 max=1.8717
2026-01-07 20:59:02 | [LATENTS] mean=-0.0468 std=0.8239 min=-2.0572 max=1.8724
2026-01-07 20:59:31 | [LATENTS] mean=-0.0468 std=0.8239 min=-2.0574 max=1.8724
2026-01-07 20:59:59 | [LATENTS] mean=-0.0468 std=0.8239 min=-2.0574 max=1.8720
2026-01-07 21:00:28 | [LATENTS] mean=-0.0468 std=0.8239 min=-2.0574 max=1.8722
2026-01-07 21:00:57 | [LATENTS] mean=-0.0468 std=0.8239 min=-2.0570 max=1.8724
2026-01-07 21:01:25 | [LATENTS] mean=-0.0468 std=0.8239 min=-2.0573 max=1.8724
2026-01-07 21:01:53 | [LATENTS] mean=-0.0468 std=0.8239 min=-2.0573 max=1.8719
2026-01-07 21:02:21 | [LATENTS] mean=-0.0468 std=0.8239 min=-2.0572 max=1.8720
2026-01-07 21:02:50 | [LATENTS] mean=-0.0468 std=0.8239 min=-2.0573 max=1.8724
2026-01-07 21:03:18 | [LATENTS] mean=-0.0468 std=0.8239 min=-2.0573 max=1.8726
2026-01-07 21:03:46 | [LATENTS] mean=-0.0468 std=0.8239 min=-2.0573 max=1.8725
2026-01-07 21:04:14 | [LATENTS] mean=-0.0468 std=0.8239 min=-2.0574 max=1.8722
2026-01-07 21:04:44 | [LATENTS] mean=-0.0468 std=0.8239 min=-2.0570 max=1.8728
2026-01-07 21:05:12 | [LATENTS] mean=-0.0468 std=0.8239 min=-2.0573 max=1.8721
2026-01-07 21:05:41 | [LATENTS] mean=-0.0468 std=0.8239 min=-2.0573 max=1.8723
2026-01-07 21:06:10 | [LATENTS] mean=-0.0468 std=0.8239 min=-2.0574 max=1.8725
2026-01-07 21:06:39 | [LATENTS] mean=-0.0468 std=0.8239 min=-2.0573 max=1.8723
2026-01-07 21:07:08 | [LATENTS] mean=-0.0468 std=0.8239 min=-2.0572 max=1.8719
2026-01-07 21:07:37 | [LATENTS] mean=-0.0468 std=0.8239 min=-2.0573 max=1.8719
2026-01-07 21:08:06 | [LATENTS] mean=-0.0468 std=0.8239 min=-2.0572 max=1.8724
2026-01-07 21:08:34 | [LATENTS] mean=-0.0468 std=0.8239 min=-2.0573 max=1.8720
2026-01-07 21:09:02 | [LATENTS] mean=-0.0468 std=0.8239 min=-2.0574 max=1.8723
2026-01-07 21:09:31 | [LATENTS] mean=-0.0468 std=0.8239 min=-2.0573 max=1.8720
2026-01-07 21:10:00 | [LATENTS] mean=-0.0468 std=0.8239 min=-2.0573 max=1.8722
2026-01-07 21:10:28 | [LATENTS] mean=-0.0468 std=0.8239 min=-2.0573 max=1.8722
2026-01-07 21:10:57 | [LATENTS] mean=-0.0468 std=0.8239 min=-2.0571 max=1.8721
2026-01-07 21:11:26 | [LATENTS] mean=-0.0468 std=0.8239 min=-2.0572 max=1.8716
2026-01-07 21:11:55 | [LATENTS] mean=-0.0468 std=0.8239 min=-2.0572 max=1.8723
2026-01-07 21:12:23 | [LATENTS] mean=-0.0468 std=0.8239 min=-2.0573 max=1.8725
2026-01-07 21:12:23 | [CKPT] Saved checkpoint at step 70000
2026-01-07 21:12:51 | [LATENTS] mean=-0.0468 std=0.8239 min=-2.0574 max=1.8722
2026-01-07 21:13:20 | [LATENTS] mean=-0.0468 std=0.8239 min=-2.0573 max=1.8722
2026-01-07 21:13:48 | [LATENTS] mean=-0.0468 std=0.8239 min=-2.0573 max=1.8726
2026-01-07 21:14:17 | [LATENTS] mean=-0.0468 std=0.8239 min=-2.0573 max=1.8719
2026-01-07 21:14:45 | [LATENTS] mean=-0.0468 std=0.8239 min=-2.0572 max=1.8722
2026-01-07 21:15:15 | [LATENTS] mean=-0.0468 std=0.8239 min=-2.0572 max=1.8723
2026-01-07 21:15:44 | [LATENTS] mean=-0.0468 std=0.8239 min=-2.0572 max=1.8724
2026-01-07 21:16:12 | [LATENTS] mean=-0.0468 std=0.8239 min=-2.0572 max=1.8727
2026-01-07 21:16:40 | [LATENTS] mean=-0.0468 std=0.8239 min=-2.0571 max=1.8722
2026-01-07 21:17:09 | [LATENTS] mean=-0.0468 std=0.8239 min=-2.0573 max=1.8720
2026-01-07 21:17:38 | [LATENTS] mean=-0.0468 std=0.8239 min=-2.0573 max=1.8720
2026-01-07 21:18:07 | [LATENTS] mean=-0.0468 std=0.8239 min=-2.0573 max=1.8721
2026-01-07 21:18:36 | [LATENTS] mean=-0.0468 std=0.8239 min=-2.0571 max=1.8718
2026-01-07 21:19:04 | [LATENTS] mean=-0.0468 std=0.8239 min=-2.0573 max=1.8723
2026-01-07 21:19:32 | [LATENTS] mean=-0.0468 std=0.8239 min=-2.0572 max=1.8722
2026-01-07 21:20:01 | [LATENTS] mean=-0.0468 std=0.8239 min=-2.0570 max=1.8720
2026-01-07 21:20:30 | [LATENTS] mean=-0.0468 std=0.8239 min=-2.0572 max=1.8722
2026-01-07 21:20:59 | [LATENTS] mean=-0.0468 std=0.8239 min=-2.0573 max=1.8724
2026-01-07 21:21:28 | [LATENTS] mean=-0.0468 std=0.8239 min=-2.0572 max=1.8725
2026-01-07 21:21:57 | [LATENTS] mean=-0.0468 std=0.8239 min=-2.0573 max=1.8723
2026-01-07 21:22:26 | [LATENTS] mean=-0.0468 std=0.8239 min=-2.0572 max=1.8722
2026-01-07 21:22:54 | [LATENTS] mean=-0.0468 std=0.8239 min=-2.0572 max=1.8724
2026-01-07 21:23:23 | [LATENTS] mean=-0.0468 std=0.8239 min=-2.0572 max=1.8722
2026-01-07 21:23:52 | [LATENTS] mean=-0.0468 std=0.8239 min=-2.0573 max=1.8721
2026-01-07 21:24:20 | [LATENTS] mean=-0.0468 std=0.8239 min=-2.0573 max=1.8723
2026-01-07 21:24:49 | [LATENTS] mean=-0.0468 std=0.8239 min=-2.0573 max=1.8725
2026-01-07 21:25:18 | [LATENTS] mean=-0.0468 std=0.8239 min=-2.0574 max=1.8720
2026-01-07 21:25:47 | [LATENTS] mean=-0.0468 std=0.8239 min=-2.0572 max=1.8719
2026-01-07 21:26:15 | [LATENTS] mean=-0.0468 std=0.8239 min=-2.0573 max=1.8722
2026-01-07 21:26:44 | [LATENTS] mean=-0.0468 std=0.8239 min=-2.0571 max=1.8725
2026-01-07 21:27:13 | [LATENTS] mean=-0.0468 std=0.8239 min=-2.0573 max=1.8721
2026-01-07 21:27:42 | [LATENTS] mean=-0.0468 std=0.8239 min=-2.0572 max=1.8721
2026-01-07 21:28:10 | [LATENTS] mean=-0.0468 std=0.8239 min=-2.0572 max=1.8724
2026-01-07 21:28:39 | [LATENTS] mean=-0.0468 std=0.8239 min=-2.0572 max=1.8721
2026-01-07 21:29:08 | [LATENTS] mean=-0.0468 std=0.8239 min=-2.0573 max=1.8719
2026-01-07 21:29:37 | [LATENTS] mean=-0.0468 std=0.8239 min=-2.0572 max=1.8719
2026-01-07 21:30:06 | [LATENTS] mean=-0.0468 std=0.8239 min=-2.0573 max=1.8721
2026-01-07 21:30:34 | [LATENTS] mean=-0.0468 std=0.8239 min=-2.0573 max=1.8721
2026-01-07 21:31:03 | [LATENTS] mean=-0.0468 std=0.8239 min=-2.0572 max=1.8722
2026-01-07 21:31:32 | [LATENTS] mean=-0.0468 std=0.8239 min=-2.0573 max=1.8721
2026-01-07 21:32:00 | [LATENTS] mean=-0.0468 std=0.8239 min=-2.0571 max=1.8722
2026-01-07 21:32:28 | [LATENTS] mean=-0.0468 std=0.8239 min=-2.0572 max=1.8723
2026-01-07 21:32:56 | [LATENTS] mean=-0.0468 std=0.8239 min=-2.0573 max=1.8722
2026-01-07 21:33:25 | [LATENTS] mean=-0.0468 std=0.8239 min=-2.0573 max=1.8720
2026-01-07 21:33:54 | [LATENTS] mean=-0.0468 std=0.8239 min=-2.0574 max=1.8721
2026-01-07 21:34:23 | [LATENTS] mean=-0.0468 std=0.8239 min=-2.0573 max=1.8720
2026-01-07 21:34:51 | [LATENTS] mean=-0.0468 std=0.8239 min=-2.0572 max=1.8725
2026-01-07 21:35:20 | [LATENTS] mean=-0.0468 std=0.8239 min=-2.0571 max=1.8723
2026-01-07 21:35:49 | [LATENTS] mean=-0.0468 std=0.8239 min=-2.0573 max=1.8720
2026-01-07 21:36:18 | [LATENTS] mean=-0.0468 std=0.8239 min=-2.0571 max=1.8717
2026-01-07 21:36:18 | [CKPT] Saved checkpoint at step 80000
2026-01-07 21:36:47 | [LATENTS] mean=-0.0468 std=0.8239 min=-2.0572 max=1.8718
2026-01-07 21:37:16 | [LATENTS] mean=-0.0468 std=0.8239 min=-2.0572 max=1.8722
2026-01-07 21:37:45 | [LATENTS] mean=-0.0468 std=0.8239 min=-2.0573 max=1.8721
2026-01-07 21:38:13 | [LATENTS] mean=-0.0468 std=0.8239 min=-2.0572 max=1.8716
2026-01-07 21:38:42 | [LATENTS] mean=-0.0468 std=0.8239 min=-2.0572 max=1.8716
2026-01-07 21:39:11 | [LATENTS] mean=-0.0468 std=0.8239 min=-2.0573 max=1.8722
2026-01-07 21:39:39 | [LATENTS] mean=-0.0468 std=0.8239 min=-2.0574 max=1.8722
2026-01-07 21:40:08 | [LATENTS] mean=-0.0468 std=0.8239 min=-2.0574 max=1.8723
2026-01-07 21:40:37 | [LATENTS] mean=-0.0468 std=0.8239 min=-2.0572 max=1.8723
2026-01-07 21:41:06 | [LATENTS] mean=-0.0468 std=0.8239 min=-2.0573 max=1.8723
2026-01-07 21:41:34 | [LATENTS] mean=-0.0468 std=0.8239 min=-2.0572 max=1.8722
2026-01-07 21:42:03 | [LATENTS] mean=-0.0468 std=0.8239 min=-2.0573 max=1.8718
2026-01-07 21:42:32 | [LATENTS] mean=-0.0468 std=0.8239 min=-2.0572 max=1.8722
2026-01-07 21:43:01 | [LATENTS] mean=-0.0468 std=0.8239 min=-2.0574 max=1.8720
2026-01-07 21:43:30 | [LATENTS] mean=-0.0468 std=0.8239 min=-2.0572 max=1.8720
2026-01-07 21:43:58 | [LATENTS] mean=-0.0468 std=0.8239 min=-2.0573 max=1.8723
2026-01-07 21:44:27 | [LATENTS] mean=-0.0468 std=0.8239 min=-2.0572 max=1.8719
2026-01-07 21:44:56 | [LATENTS] mean=-0.0468 std=0.8239 min=-2.0573 max=1.8722
2026-01-07 21:45:25 | [LATENTS] mean=-0.0468 std=0.8239 min=-2.0572 max=1.8721
2026-01-07 21:45:53 | [LATENTS] mean=-0.0468 std=0.8239 min=-2.0572 max=1.8722
2026-01-07 21:46:22 | [LATENTS] mean=-0.0468 std=0.8239 min=-2.0573 max=1.8725
2026-01-07 21:46:51 | [LATENTS] mean=-0.0468 std=0.8239 min=-2.0573 max=1.8723
2026-01-07 21:47:20 | [LATENTS] mean=-0.0468 std=0.8239 min=-2.0572 max=1.8719
2026-01-07 21:47:49 | [LATENTS] mean=-0.0468 std=0.8239 min=-2.0571 max=1.8723
2026-01-07 21:48:17 | [LATENTS] mean=-0.0468 std=0.8239 min=-2.0572 max=1.8719
2026-01-07 21:48:46 | [LATENTS] mean=-0.0468 std=0.8239 min=-2.0574 max=1.8721
2026-01-07 21:49:15 | [LATENTS] mean=-0.0468 std=0.8239 min=-2.0571 max=1.8720
2026-01-07 21:49:44 | [LATENTS] mean=-0.0468 std=0.8239 min=-2.0572 max=1.8724
2026-01-07 21:50:12 | [LATENTS] mean=-0.0468 std=0.8239 min=-2.0572 max=1.8719
2026-01-07 21:50:41 | [LATENTS] mean=-0.0468 std=0.8239 min=-2.0571 max=1.8722
2026-01-07 21:51:10 | [LATENTS] mean=-0.0468 std=0.8239 min=-2.0573 max=1.8718
2026-01-07 21:51:39 | [LATENTS] mean=-0.0468 std=0.8239 min=-2.0571 max=1.8721
2026-01-07 21:52:08 | [LATENTS] mean=-0.0468 std=0.8239 min=-2.0573 max=1.8725
2026-01-07 21:52:36 | [LATENTS] mean=-0.0468 std=0.8239 min=-2.0573 max=1.8727
2026-01-07 21:53:05 | [LATENTS] mean=-0.0468 std=0.8239 min=-2.0573 max=1.8723
2026-01-07 21:53:33 | [LATENTS] mean=-0.0468 std=0.8239 min=-2.0574 max=1.8722
2026-01-07 21:54:01 | [LATENTS] mean=-0.0468 std=0.8239 min=-2.0573 max=1.8722
2026-01-07 21:54:30 | [LATENTS] mean=-0.0468 std=0.8239 min=-2.0573 max=1.8721
2026-01-07 21:54:59 | [LATENTS] mean=-0.0468 std=0.8239 min=-2.0572 max=1.8718
2026-01-07 21:55:28 | [LATENTS] mean=-0.0468 std=0.8239 min=-2.0573 max=1.8722
2026-01-07 21:55:57 | [LATENTS] mean=-0.0468 std=0.8239 min=-2.0572 max=1.8725
2026-01-07 21:56:26 | [LATENTS] mean=-0.0468 std=0.8239 min=-2.0575 max=1.8724
2026-01-07 21:56:55 | [LATENTS] mean=-0.0468 std=0.8239 min=-2.0573 max=1.8718
2026-01-07 21:57:23 | [LATENTS] mean=-0.0468 std=0.8239 min=-2.0573 max=1.8716
2026-01-07 21:57:51 | [LATENTS] mean=-0.0468 std=0.8239 min=-2.0571 max=1.8720
2026-01-07 21:58:20 | [LATENTS] mean=-0.0468 std=0.8239 min=-2.0573 max=1.8721
2026-01-07 21:58:48 | [LATENTS] mean=-0.0468 std=0.8239 min=-2.0572 max=1.8716
2026-01-07 21:59:16 | [LATENTS] mean=-0.0468 std=0.8239 min=-2.0573 max=1.8721
2026-01-07 21:59:45 | [LATENTS] mean=-0.0468 std=0.8239 min=-2.0573 max=1.8723
2026-01-07 22:00:14 | [LATENTS] mean=-0.0468 std=0.8239 min=-2.0573 max=1.8719
2026-01-07 22:00:14 | [CKPT] Saved checkpoint at step 90000
2026-01-07 22:00:43 | [LATENTS] mean=-0.0468 std=0.8239 min=-2.0573 max=1.8728
2026-01-07 22:01:12 | [LATENTS] mean=-0.0468 std=0.8239 min=-2.0572 max=1.8717
2026-01-07 22:01:41 | [LATENTS] mean=-0.0468 std=0.8239 min=-2.0573 max=1.8722
2026-01-07 22:02:09 | [LATENTS] mean=-0.0468 std=0.8239 min=-2.0573 max=1.8716
2026-01-07 22:02:37 | [LATENTS] mean=-0.0468 std=0.8239 min=-2.0573 max=1.8723
2026-01-07 22:03:06 | [LATENTS] mean=-0.0468 std=0.8239 min=-2.0574 max=1.8721
2026-01-07 22:03:35 | [LATENTS] mean=-0.0468 std=0.8239 min=-2.0573 max=1.8726
2026-01-07 22:04:04 | [LATENTS] mean=-0.0468 std=0.8239 min=-2.0574 max=1.8721
2026-01-07 22:04:33 | [LATENTS] mean=-0.0468 std=0.8239 min=-2.0572 max=1.8719
2026-01-07 22:05:02 | [LATENTS] mean=-0.0468 std=0.8239 min=-2.0574 max=1.8720
2026-01-07 22:05:31 | [LATENTS] mean=-0.0468 std=0.8239 min=-2.0572 max=1.8722
2026-01-07 22:05:59 | [LATENTS] mean=-0.0468 std=0.8239 min=-2.0571 max=1.8725
2026-01-07 22:06:28 | [LATENTS] mean=-0.0468 std=0.8239 min=-2.0573 max=1.8721
2026-01-07 22:06:57 | [LATENTS] mean=-0.0468 std=0.8239 min=-2.0573 max=1.8717
2026-01-07 22:07:26 | [LATENTS] mean=-0.0468 std=0.8239 min=-2.0573 max=1.8720
2026-01-07 22:07:55 | [LATENTS] mean=-0.0468 std=0.8239 min=-2.0573 max=1.8723
2026-01-07 22:08:23 | [LATENTS] mean=-0.0468 std=0.8239 min=-2.0573 max=1.8724
2026-01-07 22:08:52 | [LATENTS] mean=-0.0468 std=0.8239 min=-2.0572 max=1.8718
2026-01-07 22:09:20 | [LATENTS] mean=-0.0468 std=0.8239 min=-2.0572 max=1.8722
2026-01-07 22:09:49 | [LATENTS] mean=-0.0468 std=0.8239 min=-2.0572 max=1.8724
2026-01-07 22:10:18 | [LATENTS] mean=-0.0468 std=0.8239 min=-2.0571 max=1.8721
2026-01-07 22:10:46 | [LATENTS] mean=-0.0468 std=0.8239 min=-2.0573 max=1.8720
2026-01-07 22:11:15 | [LATENTS] mean=-0.0468 std=0.8239 min=-2.0571 max=1.8720
2026-01-07 22:11:44 | [LATENTS] mean=-0.0468 std=0.8239 min=-2.0572 max=1.8721
2026-01-07 22:12:13 | [LATENTS] mean=-0.0468 std=0.8239 min=-2.0572 max=1.8723
2026-01-07 22:12:41 | [LATENTS] mean=-0.0468 std=0.8239 min=-2.0572 max=1.8717
2026-01-07 22:13:10 | [LATENTS] mean=-0.0468 std=0.8239 min=-2.0573 max=1.8725
2026-01-07 22:13:39 | [LATENTS] mean=-0.0468 std=0.8239 min=-2.0572 max=1.8724
2026-01-07 22:14:09 | [LATENTS] mean=-0.0468 std=0.8239 min=-2.0573 max=1.8725
2026-01-07 22:14:38 | [LATENTS] mean=-0.0468 std=0.8239 min=-2.0573 max=1.8722
2026-01-07 22:15:06 | [LATENTS] mean=-0.0468 std=0.8239 min=-2.0572 max=1.8722
2026-01-07 22:15:35 | [LATENTS] mean=-0.0468 std=0.8239 min=-2.0573 max=1.8726
2026-01-07 22:16:04 | [LATENTS] mean=-0.0468 std=0.8239 min=-2.0572 max=1.8720
2026-01-07 22:16:33 | [LATENTS] mean=-0.0468 std=0.8239 min=-2.0572 max=1.8721
2026-01-07 22:17:02 | [LATENTS] mean=-0.0468 std=0.8239 min=-2.0573 max=1.8721
2026-01-07 22:17:31 | [LATENTS] mean=-0.0468 std=0.8239 min=-2.0572 max=1.8718
2026-01-07 22:17:59 | [LATENTS] mean=-0.0468 std=0.8239 min=-2.0571 max=1.8719
2026-01-07 22:18:28 | [LATENTS] mean=-0.0468 std=0.8239 min=-2.0572 max=1.8722
2026-01-07 22:18:57 | [LATENTS] mean=-0.0468 std=0.8239 min=-2.0572 max=1.8721
2026-01-07 22:19:25 | [LATENTS] mean=-0.0468 std=0.8239 min=-2.0573 max=1.8719
2026-01-07 22:19:54 | [LATENTS] mean=-0.0468 std=0.8239 min=-2.0571 max=1.8722
2026-01-07 22:20:23 | [LATENTS] mean=-0.0468 std=0.8239 min=-2.0573 max=1.8720
2026-01-07 22:20:52 | [LATENTS] mean=-0.0468 std=0.8239 min=-2.0572 max=1.8721
2026-01-07 22:21:21 | [LATENTS] mean=-0.0468 std=0.8239 min=-2.0572 max=1.8725
2026-01-07 22:21:50 | [LATENTS] mean=-0.0468 std=0.8239 min=-2.0570 max=1.8722
2026-01-07 22:22:19 | [LATENTS] mean=-0.0468 std=0.8239 min=-2.0572 max=1.8719
2026-01-07 22:22:47 | [LATENTS] mean=-0.0468 std=0.8239 min=-2.0573 max=1.8724
2026-01-07 22:23:16 | [LATENTS] mean=-0.0468 std=0.8239 min=-2.0573 max=1.8721
2026-01-07 22:23:45 | [LATENTS] mean=-0.0468 std=0.8239 min=-2.0573 max=1.8721
2026-01-07 22:24:14 | [LATENTS] mean=-0.0468 std=0.8239 min=-2.0572 max=1.8723
2026-01-07 22:24:14 | [CKPT] Saved checkpoint at step 100000
2026-01-07 22:24:14 | [DONE] Training finished. Saved final models.
