2025-12-05 10:23:38 | [VAE] loaded from /workspace/experiments/train_vae/final
2025-12-05 10:23:38 | [UNet] sample_size=32, in=1, out=1
2025-12-05 10:23:39 | [DATA] train_dir=/workspace/train_data_cont | N=1600 | image_size=256
2025-12-05 10:23:48 | [ENC] cond mean=[23945.296875, 12078.5654296875], std=[730.6349487304688, 4146.70849609375]
2025-12-05 10:23:48 | [OPT] lr=5e-05, max_steps=20000, warmup=1000
2025-12-05 10:24:12 | step 50/20000 | loss 0.9626
2025-12-05 10:24:17 | step 100/20000 | loss 0.8491
2025-12-05 10:24:22 | step 150/20000 | loss 0.7392
2025-12-05 10:24:28 | step 200/20000 | loss 0.4905
2025-12-05 10:24:33 | step 250/20000 | loss 0.6331
2025-12-05 10:24:38 | step 300/20000 | loss 0.6557
2025-12-05 10:24:43 | step 350/20000 | loss 0.4934
2025-12-05 10:24:48 | step 400/20000 | loss 0.4855
2025-12-05 10:24:54 | step 450/20000 | loss 0.7477
2025-12-05 10:24:59 | step 500/20000 | loss 0.8062
2025-12-05 10:25:04 | step 550/20000 | loss 0.3666
2025-12-05 10:25:09 | step 600/20000 | loss 0.7839
2025-12-05 10:25:14 | step 650/20000 | loss 0.4828
2025-12-05 10:25:19 | step 700/20000 | loss 0.7007
2025-12-05 10:25:25 | step 750/20000 | loss 0.5342
2025-12-05 10:25:29 | step 800/20000 | loss 0.5121
2025-12-05 10:25:35 | step 850/20000 | loss 0.4255
2025-12-05 10:25:40 | step 900/20000 | loss 0.3301
2025-12-05 10:25:45 | step 950/20000 | loss 0.2820
2025-12-05 10:25:51 | step 1000/20000 | loss 0.5681
2025-12-05 10:25:56 | step 1050/20000 | loss 0.4201
2025-12-05 10:26:01 | step 1100/20000 | loss 0.4573
2025-12-05 10:26:06 | step 1150/20000 | loss 0.6002
2025-12-05 10:26:11 | step 1200/20000 | loss 0.4086
2025-12-05 10:26:17 | step 1250/20000 | loss 0.4923
2025-12-05 10:26:22 | step 1300/20000 | loss 0.4163
2025-12-05 10:26:27 | step 1350/20000 | loss 0.4707
2025-12-05 10:26:32 | step 1400/20000 | loss 0.6124
2025-12-05 10:26:37 | step 1450/20000 | loss 0.6077
2025-12-05 10:26:42 | step 1500/20000 | loss 0.3426
2025-12-05 10:26:47 | step 1550/20000 | loss 0.5952
2025-12-05 10:26:53 | step 1600/20000 | loss 0.4485
2025-12-05 10:26:58 | step 1650/20000 | loss 0.3486
2025-12-05 10:27:03 | step 1700/20000 | loss 0.3658
2025-12-05 10:27:08 | step 1750/20000 | loss 0.4501
2025-12-05 10:27:14 | step 1800/20000 | loss 0.6984
2025-12-05 10:27:19 | step 1850/20000 | loss 0.6721
2025-12-05 10:27:24 | step 1900/20000 | loss 0.4449
2025-12-05 10:27:29 | step 1950/20000 | loss 0.5210
2025-12-05 10:27:34 | step 2000/20000 | loss 0.4117
2025-12-05 10:27:40 | step 2050/20000 | loss 0.2070
2025-12-05 10:27:45 | step 2100/20000 | loss 0.3009
2025-12-05 10:27:50 | step 2150/20000 | loss 0.1755
2025-12-05 10:27:56 | step 2200/20000 | loss 0.2216
2025-12-05 10:28:01 | step 2250/20000 | loss 0.2428
2025-12-05 10:28:06 | step 2300/20000 | loss 0.3279
2025-12-05 10:28:11 | step 2350/20000 | loss 0.5082
2025-12-05 10:28:16 | step 2400/20000 | loss 0.2873
2025-12-05 10:28:22 | step 2450/20000 | loss 0.2793
2025-12-05 10:28:27 | step 2500/20000 | loss 0.3111
2025-12-05 10:28:32 | step 2550/20000 | loss 0.4556
2025-12-05 10:28:38 | step 2600/20000 | loss 0.4621
2025-12-05 10:28:43 | step 2650/20000 | loss 0.5282
2025-12-05 10:28:48 | step 2700/20000 | loss 0.4459
2025-12-05 10:28:53 | step 2750/20000 | loss 0.5445
2025-12-05 10:28:58 | step 2800/20000 | loss 0.3833
2025-12-05 10:29:04 | step 2850/20000 | loss 0.2421
2025-12-05 10:29:09 | step 2900/20000 | loss 0.2215
2025-12-05 10:29:15 | step 2950/20000 | loss 0.3331
2025-12-05 10:29:20 | step 3000/20000 | loss 0.3776
2025-12-05 10:29:25 | step 3050/20000 | loss 0.2468
2025-12-05 10:29:30 | step 3100/20000 | loss 0.7000
2025-12-05 10:29:36 | step 3150/20000 | loss 0.5410
2025-12-05 10:29:41 | step 3200/20000 | loss 0.4356
2025-12-05 10:29:46 | step 3250/20000 | loss 0.4098
2025-12-05 10:29:52 | step 3300/20000 | loss 0.4327
2025-12-05 10:29:57 | step 3350/20000 | loss 0.2292
2025-12-05 10:30:02 | step 3400/20000 | loss 0.6470
2025-12-05 10:30:08 | step 3450/20000 | loss 0.5213
2025-12-05 10:30:13 | step 3500/20000 | loss 0.5100
2025-12-05 10:30:18 | step 3550/20000 | loss 0.3760
2025-12-05 10:30:23 | step 3600/20000 | loss 0.3362
2025-12-05 10:30:29 | step 3650/20000 | loss 0.5143
2025-12-05 10:30:34 | step 3700/20000 | loss 0.3708
2025-12-05 10:30:39 | step 3750/20000 | loss 0.3529
2025-12-05 10:30:45 | step 3800/20000 | loss 0.2747
2025-12-05 10:30:50 | step 3850/20000 | loss 0.4253
2025-12-05 10:30:55 | step 3900/20000 | loss 0.4003
2025-12-05 10:31:01 | step 3950/20000 | loss 0.7899
2025-12-05 10:31:06 | step 4000/20000 | loss 0.2349
2025-12-05 10:31:11 | step 4050/20000 | loss 0.4526
2025-12-05 10:31:17 | step 4100/20000 | loss 0.4504
2025-12-05 10:31:22 | step 4150/20000 | loss 0.4365
2025-12-05 10:31:27 | step 4200/20000 | loss 0.7061
2025-12-05 10:31:32 | step 4250/20000 | loss 0.5541
2025-12-05 10:31:37 | step 4300/20000 | loss 0.1672
2025-12-05 10:31:42 | step 4350/20000 | loss 0.1941
2025-12-05 10:31:48 | step 4400/20000 | loss 0.5040
2025-12-05 10:31:53 | step 4450/20000 | loss 0.1931
2025-12-05 10:31:58 | step 4500/20000 | loss 0.1929
2025-12-05 10:32:03 | step 4550/20000 | loss 0.4724
2025-12-05 10:32:09 | step 4600/20000 | loss 0.4514
2025-12-05 10:32:14 | step 4650/20000 | loss 0.3436
2025-12-05 10:32:19 | step 4700/20000 | loss 0.3340
2025-12-05 10:32:25 | step 4750/20000 | loss 0.3663
2025-12-05 10:32:30 | step 4800/20000 | loss 0.3780
2025-12-05 10:32:36 | step 4850/20000 | loss 0.4756
2025-12-05 10:32:41 | step 4900/20000 | loss 0.2768
2025-12-05 10:32:46 | step 4950/20000 | loss 0.2377
2025-12-05 10:32:51 | step 5000/20000 | loss 0.3536
2025-12-05 10:32:52 | [SAVE] unet_step5000.pt + numeric_enc_step5000.pt
2025-12-05 10:32:57 | step 5050/20000 | loss 0.4869
2025-12-05 10:33:02 | step 5100/20000 | loss 0.3152
2025-12-05 10:33:08 | step 5150/20000 | loss 0.4697
2025-12-05 10:33:13 | step 5200/20000 | loss 0.3413
2025-12-05 10:33:18 | step 5250/20000 | loss 0.5319
2025-12-05 10:33:23 | step 5300/20000 | loss 0.5354
2025-12-05 10:33:28 | step 5350/20000 | loss 0.4281
2025-12-05 10:33:33 | step 5400/20000 | loss 0.2992
2025-12-05 10:33:39 | step 5450/20000 | loss 0.3890
2025-12-05 10:33:44 | step 5500/20000 | loss 0.2904
2025-12-05 10:33:49 | step 5550/20000 | loss 0.4154
2025-12-05 10:33:54 | step 5600/20000 | loss 0.2376
2025-12-05 10:34:00 | step 5650/20000 | loss 0.4106
2025-12-05 10:34:06 | step 5700/20000 | loss 0.4583
2025-12-05 10:34:11 | step 5750/20000 | loss 0.3932
2025-12-05 10:34:16 | step 5800/20000 | loss 0.3117
2025-12-05 10:34:21 | step 5850/20000 | loss 0.4212
2025-12-05 10:34:26 | step 5900/20000 | loss 0.2588
2025-12-05 10:34:31 | step 5950/20000 | loss 0.3365
2025-12-05 10:34:36 | step 6000/20000 | loss 0.5221
2025-12-05 10:34:42 | step 6050/20000 | loss 0.5458
2025-12-05 10:34:47 | step 6100/20000 | loss 0.2897
2025-12-05 10:34:52 | step 6150/20000 | loss 0.3446
2025-12-05 10:34:58 | step 6200/20000 | loss 0.4263
2025-12-05 10:35:03 | step 6250/20000 | loss 0.2250
2025-12-05 10:35:08 | step 6300/20000 | loss 0.3681
2025-12-05 10:35:13 | step 6350/20000 | loss 0.3061
2025-12-05 10:35:18 | step 6400/20000 | loss 0.2470
2025-12-05 10:35:24 | step 6450/20000 | loss 0.2492
2025-12-05 10:35:29 | step 6500/20000 | loss 0.4730
2025-12-05 10:35:34 | step 6550/20000 | loss 0.5012
2025-12-05 10:35:39 | step 6600/20000 | loss 0.1902
2025-12-05 10:35:44 | step 6650/20000 | loss 0.2495
2025-12-05 10:35:49 | step 6700/20000 | loss 0.3071
2025-12-05 10:35:55 | step 6750/20000 | loss 0.4719
2025-12-05 10:36:00 | step 6800/20000 | loss 0.5194
2025-12-05 10:36:06 | step 6850/20000 | loss 0.4052
2025-12-05 10:36:11 | step 6900/20000 | loss 0.5854
2025-12-05 10:36:16 | step 6950/20000 | loss 0.4763
2025-12-05 10:36:21 | step 7000/20000 | loss 0.4254
2025-12-05 10:36:27 | step 7050/20000 | loss 0.4637
2025-12-05 10:36:32 | step 7100/20000 | loss 0.2991
2025-12-05 10:36:37 | step 7150/20000 | loss 0.3725
2025-12-05 10:36:42 | step 7200/20000 | loss 0.3639
2025-12-05 10:36:48 | step 7250/20000 | loss 0.4345
2025-12-05 10:36:53 | step 7300/20000 | loss 0.3225
2025-12-05 10:36:58 | step 7350/20000 | loss 0.2814
2025-12-05 10:37:03 | step 7400/20000 | loss 0.2138
2025-12-05 10:37:08 | step 7450/20000 | loss 0.4880
2025-12-05 10:37:13 | step 7500/20000 | loss 0.3128
2025-12-05 10:37:19 | step 7550/20000 | loss 0.4146
2025-12-05 10:37:24 | step 7600/20000 | loss 0.2930
2025-12-05 10:37:29 | step 7650/20000 | loss 0.3026
2025-12-05 10:37:35 | step 7700/20000 | loss 0.4796
2025-12-05 10:37:40 | step 7750/20000 | loss 0.4546
2025-12-05 10:37:45 | step 7800/20000 | loss 0.2347
2025-12-05 10:37:50 | step 7850/20000 | loss 0.5192
2025-12-05 10:37:55 | step 7900/20000 | loss 0.5596
2025-12-05 10:38:01 | step 7950/20000 | loss 0.3469
2025-12-05 10:38:06 | step 8000/20000 | loss 0.2427
2025-12-05 10:38:11 | step 8050/20000 | loss 0.4713
2025-12-05 10:38:16 | step 8100/20000 | loss 0.6078
2025-12-05 10:38:21 | step 8150/20000 | loss 0.3239
2025-12-05 10:38:27 | step 8200/20000 | loss 0.3516
2025-12-05 10:38:32 | step 8250/20000 | loss 0.2837
2025-12-05 10:38:37 | step 8300/20000 | loss 0.3158
2025-12-05 10:38:42 | step 8350/20000 | loss 0.2979
2025-12-05 10:38:47 | step 8400/20000 | loss 0.3756
2025-12-05 10:38:53 | step 8450/20000 | loss 0.4480
2025-12-05 10:38:58 | step 8500/20000 | loss 0.4918
2025-12-05 10:39:03 | step 8550/20000 | loss 0.3318
2025-12-05 10:39:08 | step 8600/20000 | loss 0.4426
2025-12-05 10:39:13 | step 8650/20000 | loss 0.2583
2025-12-05 10:39:18 | step 8700/20000 | loss 0.1654
2025-12-05 10:39:23 | step 8750/20000 | loss 0.4166
2025-12-05 10:39:29 | step 8800/20000 | loss 0.3844
2025-12-05 10:39:34 | step 8850/20000 | loss 0.2892
2025-12-05 10:39:39 | step 8900/20000 | loss 0.2688
2025-12-05 10:39:44 | step 8950/20000 | loss 0.2887
2025-12-05 10:39:49 | step 9000/20000 | loss 0.3938
2025-12-05 10:39:55 | step 9050/20000 | loss 0.2542
2025-12-05 10:40:00 | step 9100/20000 | loss 0.2728
2025-12-05 10:40:05 | step 9150/20000 | loss 0.3332
2025-12-05 10:40:10 | step 9200/20000 | loss 0.2826
2025-12-05 10:40:16 | step 9250/20000 | loss 0.4297
2025-12-05 10:40:21 | step 9300/20000 | loss 0.1967
2025-12-05 10:40:26 | step 9350/20000 | loss 0.2607
2025-12-05 10:40:32 | step 9400/20000 | loss 0.2546
2025-12-05 10:40:37 | step 9450/20000 | loss 0.4202
2025-12-05 10:40:42 | step 9500/20000 | loss 0.2942
2025-12-05 10:40:47 | step 9550/20000 | loss 0.3039
2025-12-05 10:40:53 | step 9600/20000 | loss 0.3453
2025-12-05 10:40:58 | step 9650/20000 | loss 0.2155
2025-12-05 10:41:03 | step 9700/20000 | loss 0.3035
2025-12-05 10:41:08 | step 9750/20000 | loss 0.2369
2025-12-05 10:41:13 | step 9800/20000 | loss 0.2454
2025-12-05 10:41:19 | step 9850/20000 | loss 0.3729
2025-12-05 10:41:24 | step 9900/20000 | loss 0.5791
2025-12-05 10:41:29 | step 9950/20000 | loss 0.3136
2025-12-05 10:41:35 | step 10000/20000 | loss 0.6086
2025-12-05 10:41:35 | [SAVE] unet_step10000.pt + numeric_enc_step10000.pt
2025-12-05 10:41:40 | step 10050/20000 | loss 0.2981
2025-12-05 10:41:46 | step 10100/20000 | loss 0.4445
2025-12-05 10:41:51 | step 10150/20000 | loss 0.4264
2025-12-05 10:41:57 | step 10200/20000 | loss 0.2524
2025-12-05 10:42:02 | step 10250/20000 | loss 0.3267
2025-12-05 10:42:07 | step 10300/20000 | loss 0.2659
2025-12-05 10:42:12 | step 10350/20000 | loss 0.2652
2025-12-05 10:42:17 | step 10400/20000 | loss 0.4188
2025-12-05 10:42:22 | step 10450/20000 | loss 0.4199
2025-12-05 10:42:28 | step 10500/20000 | loss 0.3953
2025-12-05 10:42:33 | step 10550/20000 | loss 0.2935
2025-12-05 10:42:38 | step 10600/20000 | loss 0.4045
2025-12-05 10:42:43 | step 10650/20000 | loss 0.2218
2025-12-05 10:42:49 | step 10700/20000 | loss 0.2719
2025-12-05 10:42:54 | step 10750/20000 | loss 0.4308
2025-12-05 10:42:59 | step 10800/20000 | loss 0.3295
2025-12-05 10:43:05 | step 10850/20000 | loss 0.4997
2025-12-05 10:43:10 | step 10900/20000 | loss 0.2554
2025-12-05 10:43:15 | step 10950/20000 | loss 0.3511
2025-12-05 10:43:20 | step 11000/20000 | loss 0.3188
2025-12-05 10:43:25 | step 11050/20000 | loss 0.1770
2025-12-05 10:43:31 | step 11100/20000 | loss 0.2966
2025-12-05 10:43:36 | step 11150/20000 | loss 0.3166
2025-12-05 10:43:41 | step 11200/20000 | loss 0.2118
2025-12-05 10:43:46 | step 11250/20000 | loss 0.5741
2025-12-05 10:43:52 | step 11300/20000 | loss 0.5124
2025-12-05 10:43:57 | step 11350/20000 | loss 0.2142
2025-12-05 10:44:02 | step 11400/20000 | loss 0.2263
2025-12-05 10:44:07 | step 11450/20000 | loss 0.2648
2025-12-05 10:44:12 | step 11500/20000 | loss 0.3610
2025-12-05 10:44:17 | step 11550/20000 | loss 0.3038
2025-12-05 10:44:22 | step 11600/20000 | loss 0.3895
2025-12-05 10:44:28 | step 11650/20000 | loss 0.4724
2025-12-05 10:44:33 | step 11700/20000 | loss 0.4043
2025-12-05 10:44:38 | step 11750/20000 | loss 0.3178
2025-12-05 10:44:43 | step 11800/20000 | loss 0.3043
2025-12-05 10:44:49 | step 11850/20000 | loss 0.2541
2025-12-05 10:44:54 | step 11900/20000 | loss 0.2266
2025-12-05 10:44:59 | step 11950/20000 | loss 0.3642
2025-12-05 10:45:04 | step 12000/20000 | loss 0.3964
2025-12-05 10:45:10 | step 12050/20000 | loss 0.4196
2025-12-05 10:45:15 | step 12100/20000 | loss 0.1951
2025-12-05 10:45:20 | step 12150/20000 | loss 0.2005
2025-12-05 10:45:25 | step 12200/20000 | loss 0.5183
2025-12-05 10:45:31 | step 12250/20000 | loss 0.2745
2025-12-05 10:45:36 | step 12300/20000 | loss 0.2204
2025-12-05 10:45:41 | step 12350/20000 | loss 0.2601
2025-12-05 10:45:46 | step 12400/20000 | loss 0.1961
2025-12-05 10:45:52 | step 12450/20000 | loss 0.2102
2025-12-05 10:45:57 | step 12500/20000 | loss 0.4582
2025-12-05 10:46:02 | step 12550/20000 | loss 0.5193
2025-12-05 10:46:07 | step 12600/20000 | loss 0.3098
2025-12-05 10:46:12 | step 12650/20000 | loss 0.4043
2025-12-05 10:46:18 | step 12700/20000 | loss 0.0861
2025-12-05 10:46:22 | step 12750/20000 | loss 0.3376
2025-12-05 10:46:27 | step 12800/20000 | loss 0.3702
2025-12-05 10:46:33 | step 12850/20000 | loss 0.2612
2025-12-05 10:46:38 | step 12900/20000 | loss 0.3492
2025-12-05 10:46:43 | step 12950/20000 | loss 0.2312
2025-12-05 10:46:49 | step 13000/20000 | loss 0.2697
2025-12-05 10:46:54 | step 13050/20000 | loss 0.3060
2025-12-05 10:46:59 | step 13100/20000 | loss 0.4545
2025-12-05 10:47:04 | step 13150/20000 | loss 0.2590
2025-12-05 10:47:09 | step 13200/20000 | loss 0.1982
2025-12-05 10:47:15 | step 13250/20000 | loss 0.2352
2025-12-05 10:47:20 | step 13300/20000 | loss 0.4007
2025-12-05 10:47:25 | step 13350/20000 | loss 0.3008
2025-12-05 10:47:30 | step 13400/20000 | loss 0.2289
2025-12-05 10:47:35 | step 13450/20000 | loss 0.4646
2025-12-05 10:47:40 | step 13500/20000 | loss 0.2894
2025-12-05 10:47:46 | step 13550/20000 | loss 0.2090
2025-12-05 10:47:51 | step 13600/20000 | loss 0.2062
2025-12-05 10:47:56 | step 13650/20000 | loss 0.4429
2025-12-05 10:48:02 | step 13700/20000 | loss 0.2934
2025-12-05 10:48:07 | step 13750/20000 | loss 0.1528
2025-12-05 10:48:12 | step 13800/20000 | loss 0.1236
2025-12-05 10:48:17 | step 13850/20000 | loss 0.3229
2025-12-05 10:48:22 | step 13900/20000 | loss 0.3786
2025-12-05 10:48:28 | step 13950/20000 | loss 0.2762
2025-12-05 10:48:33 | step 14000/20000 | loss 0.5639
2025-12-05 10:48:38 | step 14050/20000 | loss 0.1671
2025-12-05 10:48:44 | step 14100/20000 | loss 0.2804
2025-12-05 10:48:49 | step 14150/20000 | loss 0.1738
2025-12-05 10:48:54 | step 14200/20000 | loss 0.1629
2025-12-05 10:48:59 | step 14250/20000 | loss 0.2228
2025-12-05 10:49:05 | step 14300/20000 | loss 0.2943
2025-12-05 10:49:10 | step 14350/20000 | loss 0.1871
2025-12-05 10:49:15 | step 14400/20000 | loss 0.2932
2025-12-05 10:49:21 | step 14450/20000 | loss 0.2955
2025-12-05 10:49:26 | step 14500/20000 | loss 0.1808
2025-12-05 10:49:31 | step 14550/20000 | loss 0.3611
2025-12-05 10:49:36 | step 14600/20000 | loss 0.3128
2025-12-05 10:49:41 | step 14650/20000 | loss 0.2246
2025-12-05 10:49:46 | step 14700/20000 | loss 0.2439
2025-12-05 10:49:51 | step 14750/20000 | loss 0.2136
2025-12-05 10:49:56 | step 14800/20000 | loss 0.3873
2025-12-05 10:50:02 | step 14850/20000 | loss 0.1643
2025-12-05 10:50:07 | step 14900/20000 | loss 0.2967
2025-12-05 10:50:13 | step 14950/20000 | loss 0.1913
2025-12-05 10:50:18 | step 15000/20000 | loss 0.3195
2025-12-05 10:50:18 | [SAVE] unet_step15000.pt + numeric_enc_step15000.pt
2025-12-05 10:50:23 | step 15050/20000 | loss 0.2427
2025-12-05 10:50:28 | step 15100/20000 | loss 0.2512
2025-12-05 10:50:33 | step 15150/20000 | loss 0.2395
2025-12-05 10:50:38 | step 15200/20000 | loss 0.2533
2025-12-05 10:50:44 | step 15250/20000 | loss 0.2037
2025-12-05 10:50:49 | step 15300/20000 | loss 0.2397
2025-12-05 10:50:54 | step 15350/20000 | loss 0.2852
2025-12-05 10:51:00 | step 15400/20000 | loss 0.2687
2025-12-05 10:51:05 | step 15450/20000 | loss 0.3609
2025-12-05 10:51:10 | step 15500/20000 | loss 0.3860
2025-12-05 10:51:15 | step 15550/20000 | loss 0.2818
2025-12-05 10:51:20 | step 15600/20000 | loss 0.2993
2025-12-05 10:51:26 | step 15650/20000 | loss 0.1942
2025-12-05 10:51:32 | step 15700/20000 | loss 0.3787
2025-12-05 10:51:37 | step 15750/20000 | loss 0.2469
2025-12-05 10:51:42 | step 15800/20000 | loss 0.3283
2025-12-05 10:51:47 | step 15850/20000 | loss 0.3015
2025-12-05 10:51:52 | step 15900/20000 | loss 0.2167
2025-12-05 10:51:58 | step 15950/20000 | loss 0.2014
2025-12-05 10:52:03 | step 16000/20000 | loss 0.3421
2025-12-05 10:52:08 | step 16050/20000 | loss 0.1179
2025-12-05 10:52:13 | step 16100/20000 | loss 0.3683
2025-12-05 10:52:18 | step 16150/20000 | loss 0.2071
2025-12-05 10:52:24 | step 16200/20000 | loss 0.2746
2025-12-05 10:52:29 | step 16250/20000 | loss 0.5270
2025-12-05 10:52:34 | step 16300/20000 | loss 0.2715
2025-12-05 10:52:39 | step 16350/20000 | loss 0.2549
2025-12-05 10:52:45 | step 16400/20000 | loss 0.2559
2025-12-05 10:52:50 | step 16450/20000 | loss 0.4105
2025-12-05 10:52:56 | step 16500/20000 | loss 0.2902
2025-12-05 10:53:01 | step 16550/20000 | loss 0.5223
2025-12-05 10:53:06 | step 16600/20000 | loss 0.3035
2025-12-05 10:53:12 | step 16650/20000 | loss 0.2439
2025-12-05 10:53:17 | step 16700/20000 | loss 0.3083
2025-12-05 10:53:22 | step 16750/20000 | loss 0.1890
2025-12-05 10:53:27 | step 16800/20000 | loss 0.2667
2025-12-05 10:53:33 | step 16850/20000 | loss 0.2450
2025-12-05 10:53:38 | step 16900/20000 | loss 0.3319
2025-12-05 10:53:43 | step 16950/20000 | loss 0.3738
2025-12-05 10:53:48 | step 17000/20000 | loss 0.1346
2025-12-05 10:53:54 | step 17050/20000 | loss 0.3362
2025-12-05 10:53:59 | step 17100/20000 | loss 0.3819
2025-12-05 10:54:04 | step 17150/20000 | loss 0.3002
2025-12-05 10:54:09 | step 17200/20000 | loss 0.1398
2025-12-05 10:54:15 | step 17250/20000 | loss 0.1133
2025-12-05 10:54:20 | step 17300/20000 | loss 0.3461
2025-12-05 10:54:25 | step 17350/20000 | loss 0.3711
2025-12-05 10:54:31 | step 17400/20000 | loss 0.2494
2025-12-05 10:54:36 | step 17450/20000 | loss 0.1632
2025-12-05 10:54:41 | step 17500/20000 | loss 0.1644
2025-12-05 10:54:46 | step 17550/20000 | loss 0.2003
2025-12-05 10:54:51 | step 17600/20000 | loss 0.1902
2025-12-05 10:54:57 | step 17650/20000 | loss 0.1838
2025-12-05 10:55:02 | step 17700/20000 | loss 0.2566
2025-12-05 10:55:08 | step 17750/20000 | loss 0.2945
2025-12-05 10:55:13 | step 17800/20000 | loss 0.3049
2025-12-05 10:55:18 | step 17850/20000 | loss 0.2210
2025-12-05 10:55:24 | step 17900/20000 | loss 0.0923
2025-12-05 10:55:29 | step 17950/20000 | loss 0.2004
2025-12-05 10:55:34 | step 18000/20000 | loss 0.3578
2025-12-05 10:55:39 | step 18050/20000 | loss 0.1940
2025-12-05 10:55:45 | step 18100/20000 | loss 0.3976
2025-12-05 10:55:50 | step 18150/20000 | loss 0.1749
2025-12-05 10:55:55 | step 18200/20000 | loss 0.3617
2025-12-05 10:56:01 | step 18250/20000 | loss 0.2188
2025-12-05 10:56:06 | step 18300/20000 | loss 0.2963
2025-12-05 10:56:11 | step 18350/20000 | loss 0.2272
2025-12-05 10:56:16 | step 18400/20000 | loss 0.3419
2025-12-05 10:56:21 | step 18450/20000 | loss 0.2278
2025-12-05 10:56:27 | step 18500/20000 | loss 0.2521
2025-12-05 10:56:32 | step 18550/20000 | loss 0.1883
2025-12-05 10:56:37 | step 18600/20000 | loss 0.3702
2025-12-05 10:56:42 | step 18650/20000 | loss 0.2424
2025-12-05 10:56:47 | step 18700/20000 | loss 0.3659
2025-12-05 10:56:52 | step 18750/20000 | loss 0.2336
2025-12-05 10:56:58 | step 18800/20000 | loss 0.2571
2025-12-05 10:57:03 | step 18850/20000 | loss 0.2122
2025-12-05 10:57:08 | step 18900/20000 | loss 0.2019
2025-12-05 10:57:13 | step 18950/20000 | loss 0.1905
2025-12-05 10:57:18 | step 19000/20000 | loss 0.2311
2025-12-05 10:57:24 | step 19050/20000 | loss 0.1901
2025-12-05 10:57:29 | step 19100/20000 | loss 0.2610
2025-12-05 10:57:34 | step 19150/20000 | loss 0.1327
2025-12-05 10:57:39 | step 19200/20000 | loss 0.2869
2025-12-05 10:57:45 | step 19250/20000 | loss 0.3536
2025-12-05 10:57:50 | step 19300/20000 | loss 0.3084
2025-12-05 10:57:55 | step 19350/20000 | loss 0.2230
2025-12-05 10:58:01 | step 19400/20000 | loss 0.2450
2025-12-05 10:58:06 | step 19450/20000 | loss 0.2810
2025-12-05 10:58:11 | step 19500/20000 | loss 0.2010
2025-12-05 10:58:16 | step 19550/20000 | loss 0.2532
2025-12-05 10:58:22 | step 19600/20000 | loss 0.2238
2025-12-05 10:58:27 | step 19650/20000 | loss 0.2242
2025-12-05 10:58:33 | step 19700/20000 | loss 0.2416
2025-12-05 10:58:38 | step 19750/20000 | loss 0.3576
2025-12-05 10:58:43 | step 19800/20000 | loss 0.1499
2025-12-05 10:58:48 | step 19850/20000 | loss 0.1746
2025-12-05 10:58:54 | step 19900/20000 | loss 0.2946
2025-12-05 10:58:59 | step 19950/20000 | loss 0.2157
2025-12-05 10:59:04 | step 20000/20000 | loss 0.3090
2025-12-05 10:59:04 | [SAVE] unet_step20000.pt + numeric_enc_step20000.pt
2025-12-05 10:59:05 | [OK] final UNet + NumericEncoder saved to /workspace/experiments/train_unet_with_vae
